#
# There is insufficient memory for the Java Runtime Environment to continue.
# Native memory allocation (malloc) failed to allocate 1048576 bytes. Error detail: AllocateHeap
# Possible reasons:
#   The system is out of physical RAM or swap space
#   This process is running with CompressedOops enabled, and the Java Heap may be blocking the growth of the native heap
# Possible solutions:
#   Reduce memory load on the system
#   Increase physical memory or swap space
#   Check if swap backing store is full
#   Decrease Java heap size (-Xmx/-Xms)
#   Decrease number of Java threads
#   Decrease Java thread stack sizes (-Xss)
#   Set larger code cache with -XX:ReservedCodeCacheSize=
#   JVM is running with Unscaled Compressed Oops mode in which the Java heap is
#     placed in the first 4GB address space. The Java Heap base address is the
#     maximum limit for the native heap growth. Please use -XX:HeapBaseMinAddress
#     to set the Java Heap base and to place the Java Heap above 4GB virtual address.
# This output file may be truncated or incomplete.
#
#  Out of Memory Error (allocation.cpp:44), pid=22756, tid=632
#
# JRE version: OpenJDK Runtime Environment Temurin-21.0.9+10 (21.0.9+10) (build 21.0.9+10-LTS)
# Java VM: OpenJDK 64-Bit Server VM Temurin-21.0.9+10 (21.0.9+10-LTS, mixed mode, sharing, tiered, compressed oops, compressed class ptrs, parallel gc, windows-amd64)
# No core dump will be written. Minidumps are not enabled by default on client versions of Windows
#

---------------  S U M M A R Y ------------

Command Line: --add-modules=ALL-SYSTEM --add-opens=java.base/java.util=ALL-UNNAMED --add-opens=java.base/java.lang=ALL-UNNAMED --add-opens=java.base/sun.nio.fs=ALL-UNNAMED -Declipse.application=org.eclipse.jdt.ls.core.id1 -Dosgi.bundles.defaultStartLevel=4 -Declipse.product=org.eclipse.jdt.ls.core.product -Djava.import.generatesMetadataFilesAtProjectRoot=false -DDetectVMInstallationsJob.disabled=true -Dfile.encoding=utf8 -XX:+UseParallelGC -XX:GCTimeRatio=4 -XX:AdaptiveSizePolicyWeight=90 -Dsun.zip.disableMemoryMapping=true -Xmx2G -Xms100m -Xlog:disable -javaagent:c:\Users\Oscar\.vscode\extensions\redhat.java-1.49.0-win32-x64\lombok\lombok-1.18.39-4050.jar -XX:+HeapDumpOnOutOfMemoryError -XX:HeapDumpPath=c:\Users\Oscar\AppData\Roaming\Code\User\workspaceStorage\5a5b21995b62211e4c6a20ea97c4d031\redhat.java -Daether.dependencyCollector.impl=bf c:\Users\Oscar\.vscode\extensions\redhat.java-1.49.0-win32-x64\server\plugins\org.eclipse.equinox.launcher_1.7.100.v20251111-0406.jar -configuration c:\Users\Oscar\AppData\Roaming\Code\User\globalStorage\redhat.java\1.49.0\config_win -data c:\Users\Oscar\AppData\Roaming\Code\User\workspaceStorage\5a5b21995b62211e4c6a20ea97c4d031\redhat.java\jdt_ws --pipe=\\.\pipe\lsp-bfb20e8ba0c5c62ac6ef53744ef2212f-sock

Host: AMD Ryzen 7 7730U with Radeon Graphics         , 16 cores, 14G,  Windows 11 , 64 bit Build 26100 (10.0.26100.7019)
Time: Wed Nov 26 07:51:08 2025 Hora est. Pacífico, Sudamérica elapsed time: 169899.217443 seconds (1d 23h 11m 39s)

---------------  T H R E A D  ---------------

Current thread (0x000001a8703971d0):  JavaThread "Attach Listener" daemon [_thread_in_vm, id=632, stack(0x0000000a46b00000,0x0000000a46c00000) (1024K)]

Stack: [0x0000000a46b00000,0x0000000a46c00000]
Native frames: (J=compiled Java code, j=interpreted, Vv=VM code, C=native code)
V  [jvm.dll+0x6d6e29]
V  [jvm.dll+0x8b4b76]
V  [jvm.dll+0x8b712e]
V  [jvm.dll+0x8b7813]
V  [jvm.dll+0x283d86]
V  [jvm.dll+0xc1277]
V  [jvm.dll+0x6d76d9]
V  [jvm.dll+0x133466]
V  [jvm.dll+0x3f7ea6]
V  [jvm.dll+0x85e9ad]
V  [jvm.dll+0x6d565d]
C  [ucrtbase.dll+0x37b0]
C  [KERNEL32.DLL+0x2e8d7]
C  [ntdll.dll+0x8c53c]


---------------  P R O C E S S  ---------------

Threads class SMR info:
_java_thread_list=0x000001a8513f3440, length=43, elements={
0x000001a86de9b9a0, 0x000001a87029c720, 0x000001a870392b20, 0x000001a870396580,
0x000001a8703971d0, 0x000001a87039a130, 0x000001a87039ab80, 0x000001a87039d9c0,
0x000001a8703a5c00, 0x000001a879215ca0, 0x000001a8793c9b40, 0x000001a87f47a7a0,
0x000001a87f000cf0, 0x000001a879390bd0, 0x000001a8503efcf0, 0x000001a87f3b6270,
0x000001a87f1ea6f0, 0x000001a850448890, 0x000001a8504495b0, 0x000001a85044a960,
0x000001a853322f00, 0x000001a853324940, 0x000001a853323c20, 0x000001a8533242b0,
0x000001a853322870, 0x000001a853325cf0, 0x000001a853326a10, 0x000001a853324fd0,
0x000001a853325660, 0x000001a853326380, 0x000001a853323590, 0x000001a853327730,
0x000001a8533270a0, 0x000001a853327dc0, 0x000001a853328450, 0x000001a853328ae0,
0x000001a853329170, 0x000001a85173ce20, 0x000001a85173a6c0, 0x000001a85173ba70,
0x000001a851033780, 0x000001a85bc01460, 0x000001a85bc01af0
}

Java Threads: ( => current thread )
  0x000001a86de9b9a0 JavaThread "main"                              [_thread_blocked, id=23252, stack(0x0000000a46400000,0x0000000a46500000) (1024K)]
  0x000001a87029c720 JavaThread "Reference Handler"          daemon [_thread_blocked, id=420, stack(0x0000000a46800000,0x0000000a46900000) (1024K)]
  0x000001a870392b20 JavaThread "Finalizer"                  daemon [_thread_blocked, id=22660, stack(0x0000000a46900000,0x0000000a46a00000) (1024K)]
  0x000001a870396580 JavaThread "Signal Dispatcher"          daemon [_thread_blocked, id=2628, stack(0x0000000a46a00000,0x0000000a46b00000) (1024K)]
=>0x000001a8703971d0 JavaThread "Attach Listener"            daemon [_thread_in_vm, id=632, stack(0x0000000a46b00000,0x0000000a46c00000) (1024K)]
  0x000001a87039a130 JavaThread "Service Thread"             daemon [_thread_blocked, id=692, stack(0x0000000a46c00000,0x0000000a46d00000) (1024K)]
  0x000001a87039ab80 JavaThread "Monitor Deflation Thread"   daemon [_thread_blocked, id=688, stack(0x0000000a46d00000,0x0000000a46e00000) (1024K)]
  0x000001a87039d9c0 JavaThread "C2 CompilerThread0"         daemon [_thread_blocked, id=640, stack(0x0000000a46e00000,0x0000000a46f00000) (1024K)]
  0x000001a8703a5c00 JavaThread "C1 CompilerThread0"         daemon [_thread_blocked, id=636, stack(0x0000000a46f00000,0x0000000a47000000) (1024K)]
  0x000001a879215ca0 JavaThread "Common-Cleaner"             daemon [_thread_blocked, id=8936, stack(0x0000000a47100000,0x0000000a47200000) (1024K)]
  0x000001a8793c9b40 JavaThread "Notification Thread"        daemon [_thread_blocked, id=23680, stack(0x0000000a47400000,0x0000000a47500000) (1024K)]
  0x000001a87f47a7a0 JavaThread "Active Thread: Equinox Container: 42f286bd-5613-41e8-bef4-809b09d5830f"        [_thread_blocked, id=24276, stack(0x0000000a47f00000,0x0000000a48000000) (1024K)]
  0x000001a87f000cf0 JavaThread "Refresh Thread: Equinox Container: 42f286bd-5613-41e8-bef4-809b09d5830f" daemon [_thread_blocked, id=24124, stack(0x0000000a47000000,0x0000000a47100000) (1024K)]
  0x000001a879390bd0 JavaThread "Framework Event Dispatcher: Equinox Container: 42f286bd-5613-41e8-bef4-809b09d5830f" daemon [_thread_blocked, id=23688, stack(0x0000000a47200000,0x0000000a47300000) (1024K)]
  0x000001a8503efcf0 JavaThread "Start Level: Equinox Container: 42f286bd-5613-41e8-bef4-809b09d5830f" daemon [_thread_blocked, id=13860, stack(0x0000000a47300000,0x0000000a47400000) (1024K)]
  0x000001a87f3b6270 JavaThread "Bundle File Closer"         daemon [_thread_blocked, id=25552, stack(0x0000000a47600000,0x0000000a47700000) (1024K)]
  0x000001a87f1ea6f0 JavaThread "SCR Component Actor"        daemon [_thread_blocked, id=7636, stack(0x0000000a48200000,0x0000000a48300000) (1024K)]
  0x000001a850448890 JavaThread "Worker-JM"                         [_thread_blocked, id=5964, stack(0x0000000a48600000,0x0000000a48700000) (1024K)]
  0x000001a8504495b0 JavaThread "JNA Cleaner"                daemon [_thread_blocked, id=5200, stack(0x0000000a48a00000,0x0000000a48b00000) (1024K)]
  0x000001a85044a960 JavaThread "Java indexing"              daemon [_thread_blocked, id=25412, stack(0x0000000a48e00000,0x0000000a48f00000) (1024K)]
  0x000001a853322f00 JavaThread "Thread-1"                   daemon [_thread_in_native, id=23632, stack(0x0000000a49400000,0x0000000a49500000) (1024K)]
  0x000001a853324940 JavaThread "Thread-2"                   daemon [_thread_in_native, id=25324, stack(0x0000000a49500000,0x0000000a49600000) (1024K)]
  0x000001a853323c20 JavaThread "Thread-3"                   daemon [_thread_in_native, id=25484, stack(0x0000000a49600000,0x0000000a49700000) (1024K)]
  0x000001a8533242b0 JavaThread "Thread-4"                   daemon [_thread_in_native, id=25388, stack(0x0000000a49700000,0x0000000a49800000) (1024K)]
  0x000001a853322870 JavaThread "Thread-5"                   daemon [_thread_in_native, id=25488, stack(0x0000000a49800000,0x0000000a49900000) (1024K)]
  0x000001a853325cf0 JavaThread "Thread-6"                   daemon [_thread_in_native, id=25496, stack(0x0000000a49900000,0x0000000a49a00000) (1024K)]
  0x000001a853326a10 JavaThread "Thread-7"                   daemon [_thread_in_native, id=10036, stack(0x0000000a49a00000,0x0000000a49b00000) (1024K)]
  0x000001a853324fd0 JavaThread "Thread-8"                   daemon [_thread_in_native, id=25456, stack(0x0000000a49b00000,0x0000000a49c00000) (1024K)]
  0x000001a853325660 JavaThread "Thread-9"                   daemon [_thread_in_native, id=25204, stack(0x0000000a49c00000,0x0000000a49d00000) (1024K)]
  0x000001a853326380 JavaThread "Thread-10"                  daemon [_thread_in_native, id=19724, stack(0x0000000a49d00000,0x0000000a49e00000) (1024K)]
  0x000001a853323590 JavaThread "Thread-11"                  daemon [_thread_in_native, id=20844, stack(0x0000000a49e00000,0x0000000a49f00000) (1024K)]
  0x000001a853327730 JavaThread "Thread-12"                  daemon [_thread_in_native, id=24536, stack(0x0000000a49f00000,0x0000000a4a000000) (1024K)]
  0x000001a8533270a0 JavaThread "Thread-13"                  daemon [_thread_in_native, id=25584, stack(0x0000000a4a000000,0x0000000a4a100000) (1024K)]
  0x000001a853327dc0 JavaThread "Thread-14"                  daemon [_thread_in_native, id=24256, stack(0x0000000a4a100000,0x0000000a4a200000) (1024K)]
  0x000001a853328450 JavaThread "Thread-15"                  daemon [_thread_in_native, id=7320, stack(0x0000000a4a200000,0x0000000a4a300000) (1024K)]
  0x000001a853328ae0 JavaThread "Thread-16"                  daemon [_thread_in_native, id=21032, stack(0x0000000a4a300000,0x0000000a4a400000) (1024K)]
  0x000001a853329170 JavaThread "Thread-17"                  daemon [_thread_in_native, id=25288, stack(0x0000000a4a400000,0x0000000a4a500000) (1024K)]
  0x000001a85173ce20 JavaThread "pool-2-thread-1"                   [_thread_blocked, id=13116, stack(0x0000000a4a500000,0x0000000a4a600000) (1024K)]
  0x000001a85173a6c0 JavaThread "WorkspaceEventsHandler"            [_thread_blocked, id=15900, stack(0x0000000a4a700000,0x0000000a4a800000) (1024K)]
  0x000001a85173ba70 JavaThread "pool-1-thread-1"                   [_thread_blocked, id=19800, stack(0x0000000a4a800000,0x0000000a4a900000) (1024K)]
  0x000001a851033780 JavaThread "Cleaner-0"                  daemon [_thread_blocked, id=2992, stack(0x0000000a4e100000,0x0000000a4e200000) (1024K)]
  0x000001a85bc01460 JavaThread "Worker-17"                         [_thread_blocked, id=35304, stack(0x0000000a46300000,0x0000000a46400000) (1024K)]
  0x000001a85bc01af0 JavaThread "Worker-19"                         [_thread_blocked, id=32704, stack(0x0000000a47500000,0x0000000a47600000) (1024K)]
Total: 43

Other Threads:
  0x000001a879063b90 VMThread "VM Thread"                           [id=22616, stack(0x0000000a46700000,0x0000000a46800000) (1024K)]
  0x000001a87017ba00 WatcherThread "VM Periodic Task Thread"        [id=23300, stack(0x0000000a46600000,0x0000000a46700000) (1024K)]
  0x000001a87030d0a0 WorkerThread "GC Thread#0"                     [id=23408, stack(0x0000000a46500000,0x0000000a46600000) (1024K)]
  0x000001a87f3bdc10 WorkerThread "GC Thread#1"                     [id=23944, stack(0x0000000a47700000,0x0000000a47800000) (1024K)]
  0x000001a87f489be0 WorkerThread "GC Thread#2"                     [id=23960, stack(0x0000000a47800000,0x0000000a47900000) (1024K)]
  0x000001a87f489f80 WorkerThread "GC Thread#3"                     [id=23964, stack(0x0000000a47900000,0x0000000a47a00000) (1024K)]
  0x000001a87f48a320 WorkerThread "GC Thread#4"                     [id=23968, stack(0x0000000a47a00000,0x0000000a47b00000) (1024K)]
  0x000001a87f48a6c0 WorkerThread "GC Thread#5"                     [id=23972, stack(0x0000000a47b00000,0x0000000a47c00000) (1024K)]
  0x000001a85016c300 WorkerThread "GC Thread#6"                     [id=23976, stack(0x0000000a47c00000,0x0000000a47d00000) (1024K)]
  0x000001a8503cb940 WorkerThread "GC Thread#7"                     [id=24344, stack(0x0000000a47d00000,0x0000000a47e00000) (1024K)]
  0x000001a8504159c0 WorkerThread "GC Thread#8"                     [id=25520, stack(0x0000000a47e00000,0x0000000a47f00000) (1024K)]
  0x000001a850416100 WorkerThread "GC Thread#9"                     [id=25524, stack(0x0000000a48000000,0x0000000a48100000) (1024K)]
  0x000001a850415d60 WorkerThread "GC Thread#10"                    [id=25528, stack(0x0000000a48100000,0x0000000a48200000) (1024K)]
  0x000001a8504164a0 WorkerThread "GC Thread#11"                    [id=22880, stack(0x0000000a48500000,0x0000000a48600000) (1024K)]
  0x000001a850416840 WorkerThread "GC Thread#12"                    [id=24436, stack(0x0000000a48800000,0x0000000a48900000) (1024K)]
Total: 15

Threads with active compile tasks:
Total: 0

VM state: not at safepoint (normal execution)

VM Mutex/Monitor currently owned by a thread: None

Heap address: 0x0000000080000000, size: 2048 MB, Compressed Oops mode: 32-bit

CDS archive(s) mapped at: [0x000001a80f000000-0x000001a80fba0000-0x000001a80fba0000), size 12189696, SharedBaseAddress: 0x000001a80f000000, ArchiveRelocationMode: 1.
Compressed class space mapped at: 0x000001a810000000-0x000001a850000000, reserved size: 1073741824
Narrow klass base: 0x000001a80f000000, Narrow klass shift: 0, Narrow klass range: 0x100000000

GC Precious Log:
 CardTable entry size: 512
 CPUs: 16 total, 16 available
 Memory: 15228M
 Large Page Support: Disabled
 NUMA Support: Disabled
 Compressed Oops: Enabled (32-bit)
 Alignments: Space 512K, Generation 512K, Heap 2M
 Heap Min Capacity: 100M
 Heap Initial Capacity: 100M
 Heap Max Capacity: 2G
 Pre-touch: Disabled
 Parallel Workers: 13

Heap:
 PSYoungGen      total 2048K, used 1687K [0x00000000d5580000, 0x00000000d5880000, 0x0000000100000000)
  eden space 1536K, 99% used [0x00000000d5580000,0x00000000d56fdde0,0x00000000d5700000)
  from space 512K, 31% used [0x00000000d5800000,0x00000000d5828000,0x00000000d5880000)
  to   space 512K, 0% used [0x00000000d5780000,0x00000000d5780000,0x00000000d5800000)
 ParOldGen       total 658432K, used 658133K [0x0000000080000000, 0x00000000a8300000, 0x00000000d5580000)
  object space 658432K, 99% used [0x0000000080000000,0x00000000a82b5650,0x00000000a8300000)
 Metaspace       used 87554K, committed 89088K, reserved 1179648K
  class space    used 8720K, committed 9408K, reserved 1048576K

Card table byte_map: [0x000001a86fc90000,0x000001a8700a0000] _byte_map_base: 0x000001a86f890000

Marking Bits: (ParMarkBitMap*) 0x00007ffefc3a2460
 Begin Bits: [0x000001a8737a0000, 0x000001a8757a0000)
 End Bits:   [0x000001a8757a0000, 0x000001a8777a0000)

Polling page: 0x000001a86e2f0000

Metaspace:

Usage:
  Non-class:     76.99 MB used.
      Class:      8.52 MB used.
       Both:     85.50 MB used.

Virtual space:
  Non-class space:      128.00 MB reserved,      77.81 MB ( 61%) committed,  2 nodes.
      Class space:        1.00 GB reserved,       9.19 MB ( <1%) committed,  1 nodes.
             Both:        1.12 GB reserved,      87.00 MB (  8%) committed. 

Chunk freelists:
   Non-Class:  2.14 MB
       Class:  6.67 MB
        Both:  8.80 MB

MaxMetaspaceSize: unlimited
CompressedClassSpaceSize: 1.00 GB
Initial GC threshold: 21.00 MB
Current GC threshold: 137.00 MB
CDS: on
 - commit_granule_bytes: 65536.
 - commit_granule_words: 8192.
 - virtual_space_node_default_size: 8388608.
 - enlarge_chunks_in_place: 1.
 - use_allocation_guard: 0.


Internal statistics:

num_allocs_failed_limit: 9.
num_arena_births: 1906.
num_arena_deaths: 578.
num_vsnodes_births: 3.
num_vsnodes_deaths: 0.
num_space_committed: 1392.
num_space_uncommitted: 0.
num_chunks_returned_to_freelist: 720.
num_chunks_taken_from_freelist: 6582.
num_chunk_merges: 192.
num_chunk_splits: 3589.
num_chunks_enlarged: 1823.
num_inconsistent_stats: 0.

CodeHeap 'non-profiled nmethods': size=119168Kb used=25897Kb max_used=25897Kb free=93271Kb
 bounds [0x000001a807ba0000, 0x000001a8094f0000, 0x000001a80f000000]
CodeHeap 'profiled nmethods': size=119104Kb used=53247Kb max_used=53247Kb free=65856Kb
 bounds [0x000001a800000000, 0x000001a803410000, 0x000001a807450000]
CodeHeap 'non-nmethods': size=7488Kb used=1524Kb max_used=3309Kb free=5963Kb
 bounds [0x000001a807450000, 0x000001a8077c0000, 0x000001a807ba0000]
CodeCache: size=245760Kb, used=80668Kb, max_used=82453Kb, free=165090Kb
 total_blobs=23158, nmethods=22317, adapters=741, full_count=0
Compilation: enabled, stopped_count=0, restarted_count=0

Compilation events (20 events):
Event: 153123.586 Thread 0x000001a87039d9c0 27445       4       java.util.logging.Logger::getLogger (8 bytes)
Event: 153123.696 Thread 0x000001a87039d9c0 nmethod 27445 0x000001a8094dfe90 code [0x000001a8094e01e0, 0x000001a8094e1678]
Event: 153123.697 Thread 0x000001a87039d9c0 27446       4       java.util.logging.Logger::demandLogger (36 bytes)
Event: 153123.726 Thread 0x000001a87039d9c0 nmethod 27446 0x000001a8094e2510 code [0x000001a8094e28a0, 0x000001a8094e4070]
Event: 157828.801 Thread 0x000001a8703a5c00 27447       3       org.eclipse.jdt.ls.core.internal.handlers.ProgressReporterManager::createMonitor (54 bytes)
Event: 157828.832 Thread 0x000001a8703a5c00 nmethod 27447 0x000001a8033ffa10 code [0x000001a8033ffc80, 0x000001a803400a58]
Event: 157828.832 Thread 0x000001a8703a5c00 27448   !   3       org.eclipse.core.internal.jobs.ImplicitJobs::endJob (124 bytes)
Event: 157828.840 Thread 0x000001a8703a5c00 nmethod 27448 0x000001a803400f10 code [0x000001a8034011e0, 0x000001a803402008]
Event: 157834.775 Thread 0x000001a8703a5c00 27449       3       java.util.logging.LogManager$LoggerContext::ensureDefaultLogger (71 bytes)
Event: 157834.778 Thread 0x000001a8703a5c00 nmethod 27449 0x000001a803402710 code [0x000001a803402920, 0x000001a803403090]
Event: 157985.377 Thread 0x000001a87039d9c0 27450   !   4       jdk.internal.ref.PhantomCleanable::isListEmpty (34 bytes)
Event: 157985.379 Thread 0x000001a87039d9c0 nmethod 27450 0x000001a8094e5010 code [0x000001a8094e51a0, 0x000001a8094e53f0]
Event: 158464.999 Thread 0x000001a87039d9c0 27451       4       jdk.internal.access.SharedSecrets::getJavaAWTAccess (4 bytes)
Event: 158464.999 Thread 0x000001a87039d9c0 nmethod 27451 0x000001a8094e5510 code [0x000001a8094e56a0, 0x000001a8094e5718]
Event: 160963.486 Thread 0x000001a87039d9c0 27452   !   4       org.eclipse.osgi.container.ModuleDatabase::getTimestamp (25 bytes)
Event: 160963.533 Thread 0x000001a87039d9c0 nmethod 27452 0x000001a8094e5810 code [0x000001a8094e5a60, 0x000001a8094e6168]
Event: 161323.575 Thread 0x000001a87039d9c0 27453   !   4       org.eclipse.osgi.internal.framework.StorageSaver$StorageSaverTask::run (31 bytes)
Event: 161323.687 Thread 0x000001a87039d9c0 nmethod 27453 0x000001a8094e6910 code [0x000001a8094e6da0, 0x000001a8094e8b18]
Event: 169529.147 Thread 0x000001a8703a5c00 27454       3       org.eclipse.core.internal.jobs.ImplicitJobs::endThreadJob (91 bytes)
Event: 169529.174 Thread 0x000001a8703a5c00 nmethod 27454 0x000001a803403310 code [0x000001a803403540, 0x000001a803403db0]

GC Heap History (20 events):
Event: 112021.863 GC heap before
{Heap before GC invocations=1852 (full 5):
 PSYoungGen      total 2560K, used 2514K [0x00000000d5580000, 0x00000000d5a80000, 0x0000000100000000)
  eden space 1536K, 100% used [0x00000000d5580000,0x00000000d5700000,0x00000000d5700000)
  from space 1024K, 95% used [0x00000000d5880000,0x00000000d5974a20,0x00000000d5980000)
  to   space 1536K, 0% used [0x00000000d5700000,0x00000000d5700000,0x00000000d5880000)
 ParOldGen       total 653824K, used 653676K [0x0000000080000000, 0x00000000a7e80000, 0x00000000d5580000)
  object space 653824K, 99% used [0x0000000080000000,0x00000000a7e5b3b8,0x00000000a7e80000)
 Metaspace       used 87532K, committed 89088K, reserved 1179648K
  class space    used 8718K, committed 9408K, reserved 1048576K
}
Event: 112021.865 GC heap after
{Heap after GC invocations=1852 (full 5):
 PSYoungGen      total 2560K, used 918K [0x00000000d5580000, 0x00000000d5900000, 0x0000000100000000)
  eden space 1536K, 0% used [0x00000000d5580000,0x00000000d5580000,0x00000000d5700000)
  from space 1024K, 89% used [0x00000000d5700000,0x00000000d57e5840,0x00000000d5800000)
  to   space 1024K, 0% used [0x00000000d5800000,0x00000000d5800000,0x00000000d5900000)
 ParOldGen       total 654848K, used 654615K [0x0000000080000000, 0x00000000a7f80000, 0x00000000d5580000)
  object space 654848K, 99% used [0x0000000080000000,0x00000000a7f45d10,0x00000000a7f80000)
 Metaspace       used 87532K, committed 89088K, reserved 1179648K
  class space    used 8718K, committed 9408K, reserved 1048576K
}
Event: 112021.875 GC heap before
{Heap before GC invocations=1853 (full 5):
 PSYoungGen      total 2560K, used 2454K [0x00000000d5580000, 0x00000000d5900000, 0x0000000100000000)
  eden space 1536K, 100% used [0x00000000d5580000,0x00000000d5700000,0x00000000d5700000)
  from space 1024K, 89% used [0x00000000d5700000,0x00000000d57e5840,0x00000000d5800000)
  to   space 1024K, 0% used [0x00000000d5800000,0x00000000d5800000,0x00000000d5900000)
 ParOldGen       total 654848K, used 654615K [0x0000000080000000, 0x00000000a7f80000, 0x00000000d5580000)
  object space 654848K, 99% used [0x0000000080000000,0x00000000a7f45d10,0x00000000a7f80000)
 Metaspace       used 87532K, committed 89088K, reserved 1179648K
  class space    used 8718K, committed 9408K, reserved 1048576K
}
Event: 112021.877 GC heap after
{Heap after GC invocations=1853 (full 5):
 PSYoungGen      total 2560K, used 704K [0x00000000d5580000, 0x00000000d5900000, 0x0000000100000000)
  eden space 1536K, 0% used [0x00000000d5580000,0x00000000d5580000,0x00000000d5700000)
  from space 1024K, 68% used [0x00000000d5800000,0x00000000d58b0000,0x00000000d5900000)
  to   space 1024K, 0% used [0x00000000d5700000,0x00000000d5700000,0x00000000d5800000)
 ParOldGen       total 655360K, used 655321K [0x0000000080000000, 0x00000000a8000000, 0x00000000d5580000)
  object space 655360K, 99% used [0x0000000080000000,0x00000000a7ff6560,0x00000000a8000000)
 Metaspace       used 87532K, committed 89088K, reserved 1179648K
  class space    used 8718K, committed 9408K, reserved 1048576K
}
Event: 112021.880 GC heap before
{Heap before GC invocations=1854 (full 5):
 PSYoungGen      total 2560K, used 2240K [0x00000000d5580000, 0x00000000d5900000, 0x0000000100000000)
  eden space 1536K, 100% used [0x00000000d5580000,0x00000000d5700000,0x00000000d5700000)
  from space 1024K, 68% used [0x00000000d5800000,0x00000000d58b0000,0x00000000d5900000)
  to   space 1024K, 0% used [0x00000000d5700000,0x00000000d5700000,0x00000000d5800000)
 ParOldGen       total 655360K, used 655321K [0x0000000080000000, 0x00000000a8000000, 0x00000000d5580000)
  object space 655360K, 99% used [0x0000000080000000,0x00000000a7ff6560,0x00000000a8000000)
 Metaspace       used 87533K, committed 89088K, reserved 1179648K
  class space    used 8718K, committed 9408K, reserved 1048576K
}
Event: 112021.881 GC heap after
{Heap after GC invocations=1854 (full 5):
 PSYoungGen      total 2560K, used 913K [0x00000000d5580000, 0x00000000d5900000, 0x0000000100000000)
  eden space 1536K, 0% used [0x00000000d5580000,0x00000000d5580000,0x00000000d5700000)
  from space 1024K, 89% used [0x00000000d5700000,0x00000000d57e4508,0x00000000d5800000)
  to   space 1024K, 0% used [0x00000000d5800000,0x00000000d5800000,0x00000000d5900000)
 ParOldGen       total 655872K, used 655858K [0x0000000080000000, 0x00000000a8080000, 0x00000000d5580000)
  object space 655872K, 99% used [0x0000000080000000,0x00000000a807ca70,0x00000000a8080000)
 Metaspace       used 87533K, committed 89088K, reserved 1179648K
  class space    used 8718K, committed 9408K, reserved 1048576K
}
Event: 112021.885 GC heap before
{Heap before GC invocations=1855 (full 5):
 PSYoungGen      total 2560K, used 2449K [0x00000000d5580000, 0x00000000d5900000, 0x0000000100000000)
  eden space 1536K, 100% used [0x00000000d5580000,0x00000000d5700000,0x00000000d5700000)
  from space 1024K, 89% used [0x00000000d5700000,0x00000000d57e4508,0x00000000d5800000)
  to   space 1024K, 0% used [0x00000000d5800000,0x00000000d5800000,0x00000000d5900000)
 ParOldGen       total 655872K, used 655858K [0x0000000080000000, 0x00000000a8080000, 0x00000000d5580000)
  object space 655872K, 99% used [0x0000000080000000,0x00000000a807ca70,0x00000000a8080000)
 Metaspace       used 87533K, committed 89088K, reserved 1179648K
  class space    used 8718K, committed 9408K, reserved 1048576K
}
Event: 112021.887 GC heap after
{Heap after GC invocations=1855 (full 5):
 PSYoungGen      total 2560K, used 886K [0x00000000d5580000, 0x00000000d5900000, 0x0000000100000000)
  eden space 1536K, 0% used [0x00000000d5580000,0x00000000d5580000,0x00000000d5700000)
  from space 1024K, 86% used [0x00000000d5800000,0x00000000d58dd860,0x00000000d5900000)
  to   space 1024K, 0% used [0x00000000d5700000,0x00000000d5700000,0x00000000d5800000)
 ParOldGen       total 656896K, used 656617K [0x0000000080000000, 0x00000000a8180000, 0x00000000d5580000)
  object space 656896K, 99% used [0x0000000080000000,0x00000000a813a6d0,0x00000000a8180000)
 Metaspace       used 87533K, committed 89088K, reserved 1179648K
  class space    used 8718K, committed 9408K, reserved 1048576K
}
Event: 112021.893 GC heap before
{Heap before GC invocations=1856 (full 5):
 PSYoungGen      total 2560K, used 2422K [0x00000000d5580000, 0x00000000d5900000, 0x0000000100000000)
  eden space 1536K, 100% used [0x00000000d5580000,0x00000000d5700000,0x00000000d5700000)
  from space 1024K, 86% used [0x00000000d5800000,0x00000000d58dd860,0x00000000d5900000)
  to   space 1024K, 0% used [0x00000000d5700000,0x00000000d5700000,0x00000000d5800000)
 ParOldGen       total 656896K, used 656617K [0x0000000080000000, 0x00000000a8180000, 0x00000000d5580000)
  object space 656896K, 99% used [0x0000000080000000,0x00000000a813a6d0,0x00000000a8180000)
 Metaspace       used 87533K, committed 89088K, reserved 1179648K
  class space    used 8718K, committed 9408K, reserved 1048576K
}
Event: 112021.894 GC heap after
{Heap after GC invocations=1856 (full 5):
 PSYoungGen      total 2560K, used 768K [0x00000000d5580000, 0x00000000d5900000, 0x0000000100000000)
  eden space 1536K, 0% used [0x00000000d5580000,0x00000000d5580000,0x00000000d5700000)
  from space 1024K, 75% used [0x00000000d5700000,0x00000000d57c0000,0x00000000d5800000)
  to   space 1024K, 0% used [0x00000000d5800000,0x00000000d5800000,0x00000000d5900000)
 ParOldGen       total 657408K, used 657332K [0x0000000080000000, 0x00000000a8200000, 0x00000000d5580000)
  object space 657408K, 99% used [0x0000000080000000,0x00000000a81ed080,0x00000000a8200000)
 Metaspace       used 87533K, committed 89088K, reserved 1179648K
  class space    used 8718K, committed 9408K, reserved 1048576K
}
Event: 112418.304 GC heap before
{Heap before GC invocations=1857 (full 5):
 PSYoungGen      total 2560K, used 2275K [0x00000000d5580000, 0x00000000d5900000, 0x0000000100000000)
  eden space 1536K, 98% used [0x00000000d5580000,0x00000000d56f8d50,0x00000000d5700000)
  from space 1024K, 75% used [0x00000000d5700000,0x00000000d57c0000,0x00000000d5800000)
  to   space 1024K, 0% used [0x00000000d5800000,0x00000000d5800000,0x00000000d5900000)
 ParOldGen       total 657408K, used 657332K [0x0000000080000000, 0x00000000a8200000, 0x00000000d5580000)
  object space 657408K, 99% used [0x0000000080000000,0x00000000a81ed080,0x00000000a8200000)
 Metaspace       used 87545K, committed 89088K, reserved 1179648K
  class space    used 8718K, committed 9408K, reserved 1048576K
}
Event: 112418.305 GC heap after
{Heap after GC invocations=1857 (full 5):
 PSYoungGen      total 2560K, used 576K [0x00000000d5580000, 0x00000000d5900000, 0x0000000100000000)
  eden space 1536K, 0% used [0x00000000d5580000,0x00000000d5580000,0x00000000d5700000)
  from space 1024K, 56% used [0x00000000d5800000,0x00000000d58902a8,0x00000000d5900000)
  to   space 1024K, 0% used [0x00000000d5700000,0x00000000d5700000,0x00000000d5800000)
 ParOldGen       total 657920K, used 657912K [0x0000000080000000, 0x00000000a8280000, 0x00000000d5580000)
  object space 657920K, 99% used [0x0000000080000000,0x00000000a827e250,0x00000000a8280000)
 Metaspace       used 87545K, committed 89088K, reserved 1179648K
  class space    used 8718K, committed 9408K, reserved 1048576K
}
Event: 120027.267 GC heap before
{Heap before GC invocations=1858 (full 5):
 PSYoungGen      total 2560K, used 2112K [0x00000000d5580000, 0x00000000d5900000, 0x0000000100000000)
  eden space 1536K, 100% used [0x00000000d5580000,0x00000000d5700000,0x00000000d5700000)
  from space 1024K, 56% used [0x00000000d5800000,0x00000000d58902a8,0x00000000d5900000)
  to   space 1024K, 0% used [0x00000000d5700000,0x00000000d5700000,0x00000000d5800000)
 ParOldGen       total 657920K, used 657912K [0x0000000080000000, 0x00000000a8280000, 0x00000000d5580000)
  object space 657920K, 99% used [0x0000000080000000,0x00000000a827e250,0x00000000a8280000)
 Metaspace       used 87545K, committed 89088K, reserved 1179648K
  class space    used 8718K, committed 9408K, reserved 1048576K
}
Event: 120027.357 GC heap after
{Heap after GC invocations=1858 (full 5):
 PSYoungGen      total 2560K, used 320K [0x00000000d5580000, 0x00000000d5880000, 0x0000000100000000)
  eden space 1536K, 0% used [0x00000000d5580000,0x00000000d5580000,0x00000000d5700000)
  from space 1024K, 31% used [0x00000000d5700000,0x00000000d5750000,0x00000000d5800000)
  to   space 512K, 0% used [0x00000000d5800000,0x00000000d5800000,0x00000000d5880000)
 ParOldGen       total 658432K, used 658061K [0x0000000080000000, 0x00000000a8300000, 0x00000000d5580000)
  object space 658432K, 99% used [0x0000000080000000,0x00000000a82a3650,0x00000000a8300000)
 Metaspace       used 87545K, committed 89088K, reserved 1179648K
  class space    used 8718K, committed 9408K, reserved 1048576K
}
Event: 132627.727 GC heap before
{Heap before GC invocations=1859 (full 5):
 PSYoungGen      total 2560K, used 1853K [0x00000000d5580000, 0x00000000d5880000, 0x0000000100000000)
  eden space 1536K, 99% used [0x00000000d5580000,0x00000000d56ff6d0,0x00000000d5700000)
  from space 1024K, 31% used [0x00000000d5700000,0x00000000d5750000,0x00000000d5800000)
  to   space 512K, 0% used [0x00000000d5800000,0x00000000d5800000,0x00000000d5880000)
 ParOldGen       total 658432K, used 658061K [0x0000000080000000, 0x00000000a8300000, 0x00000000d5580000)
  object space 658432K, 99% used [0x0000000080000000,0x00000000a82a3650,0x00000000a8300000)
 Metaspace       used 87546K, committed 89088K, reserved 1179648K
  class space    used 8718K, committed 9408K, reserved 1048576K
}
Event: 132627.737 GC heap after
{Heap after GC invocations=1859 (full 5):
 PSYoungGen      total 2048K, used 224K [0x00000000d5580000, 0x00000000d5880000, 0x0000000100000000)
  eden space 1536K, 0% used [0x00000000d5580000,0x00000000d5580000,0x00000000d5700000)
  from space 512K, 43% used [0x00000000d5800000,0x00000000d5838000,0x00000000d5880000)
  to   space 512K, 0% used [0x00000000d5780000,0x00000000d5780000,0x00000000d5800000)
 ParOldGen       total 658432K, used 658101K [0x0000000080000000, 0x00000000a8300000, 0x00000000d5580000)
  object space 658432K, 99% used [0x0000000080000000,0x00000000a82ad650,0x00000000a8300000)
 Metaspace       used 87546K, committed 89088K, reserved 1179648K
  class space    used 8718K, committed 9408K, reserved 1048576K
}
Event: 145228.272 GC heap before
{Heap before GC invocations=1860 (full 5):
 PSYoungGen      total 2048K, used 1760K [0x00000000d5580000, 0x00000000d5880000, 0x0000000100000000)
  eden space 1536K, 100% used [0x00000000d5580000,0x00000000d5700000,0x00000000d5700000)
  from space 512K, 43% used [0x00000000d5800000,0x00000000d5838000,0x00000000d5880000)
  to   space 512K, 0% used [0x00000000d5780000,0x00000000d5780000,0x00000000d5800000)
 ParOldGen       total 658432K, used 658101K [0x0000000080000000, 0x00000000a8300000, 0x00000000d5580000)
  object space 658432K, 99% used [0x0000000080000000,0x00000000a82ad650,0x00000000a8300000)
 Metaspace       used 87546K, committed 89088K, reserved 1179648K
  class space    used 8718K, committed 9408K, reserved 1048576K
}
Event: 145228.310 GC heap after
{Heap after GC invocations=1860 (full 5):
 PSYoungGen      total 2048K, used 256K [0x00000000d5580000, 0x00000000d5880000, 0x0000000100000000)
  eden space 1536K, 0% used [0x00000000d5580000,0x00000000d5580000,0x00000000d5700000)
  from space 512K, 50% used [0x00000000d5780000,0x00000000d57c0000,0x00000000d5800000)
  to   space 512K, 0% used [0x00000000d5800000,0x00000000d5800000,0x00000000d5880000)
 ParOldGen       total 658432K, used 658125K [0x0000000080000000, 0x00000000a8300000, 0x00000000d5580000)
  object space 658432K, 99% used [0x0000000080000000,0x00000000a82b3650,0x00000000a8300000)
 Metaspace       used 87546K, committed 89088K, reserved 1179648K
  class space    used 8718K, committed 9408K, reserved 1048576K
}
Event: 157828.801 GC heap before
{Heap before GC invocations=1861 (full 5):
 PSYoungGen      total 2048K, used 1792K [0x00000000d5580000, 0x00000000d5880000, 0x0000000100000000)
  eden space 1536K, 100% used [0x00000000d5580000,0x00000000d5700000,0x00000000d5700000)
  from space 512K, 50% used [0x00000000d5780000,0x00000000d57c0000,0x00000000d5800000)
  to   space 512K, 0% used [0x00000000d5800000,0x00000000d5800000,0x00000000d5880000)
 ParOldGen       total 658432K, used 658125K [0x0000000080000000, 0x00000000a8300000, 0x00000000d5580000)
  object space 658432K, 99% used [0x0000000080000000,0x00000000a82b3650,0x00000000a8300000)
 Metaspace       used 87548K, committed 89088K, reserved 1179648K
  class space    used 8718K, committed 9408K, reserved 1048576K
}
Event: 157828.816 GC heap after
{Heap after GC invocations=1861 (full 5):
 PSYoungGen      total 2048K, used 160K [0x00000000d5580000, 0x00000000d5880000, 0x0000000100000000)
  eden space 1536K, 0% used [0x00000000d5580000,0x00000000d5580000,0x00000000d5700000)
  from space 512K, 31% used [0x00000000d5800000,0x00000000d5828000,0x00000000d5880000)
  to   space 512K, 0% used [0x00000000d5780000,0x00000000d5780000,0x00000000d5800000)
 ParOldGen       total 658432K, used 658133K [0x0000000080000000, 0x00000000a8300000, 0x00000000d5580000)
  object space 658432K, 99% used [0x0000000080000000,0x00000000a82b5650,0x00000000a8300000)
 Metaspace       used 87548K, committed 89088K, reserved 1179648K
  class space    used 8718K, committed 9408K, reserved 1048576K
}

Dll operation events (12 events):
Event: 0.020 Loaded shared library c:\Users\Oscar\.vscode\extensions\redhat.java-1.49.0-win32-x64\jre\21.0.9-win32-x86_64\bin\java.dll
Event: 0.157 Loaded shared library c:\Users\Oscar\.vscode\extensions\redhat.java-1.49.0-win32-x64\jre\21.0.9-win32-x86_64\bin\zip.dll
Event: 0.195 Loaded shared library C:\Users\Oscar\.vscode\extensions\redhat.java-1.49.0-win32-x64\jre\21.0.9-win32-x86_64\bin\instrument.dll
Event: 0.204 Loaded shared library C:\Users\Oscar\.vscode\extensions\redhat.java-1.49.0-win32-x64\jre\21.0.9-win32-x86_64\bin\net.dll
Event: 0.210 Loaded shared library C:\Users\Oscar\.vscode\extensions\redhat.java-1.49.0-win32-x64\jre\21.0.9-win32-x86_64\bin\nio.dll
Event: 0.216 Loaded shared library C:\Users\Oscar\.vscode\extensions\redhat.java-1.49.0-win32-x64\jre\21.0.9-win32-x86_64\bin\zip.dll
Event: 0.257 Loaded shared library C:\Users\Oscar\.vscode\extensions\redhat.java-1.49.0-win32-x64\jre\21.0.9-win32-x86_64\bin\jimage.dll
Event: 0.457 Loaded shared library c:\Users\Oscar\.vscode\extensions\redhat.java-1.49.0-win32-x64\jre\21.0.9-win32-x86_64\bin\verify.dll
Event: 9.509 Loaded shared library C:\Users\Oscar\AppData\Roaming\Code\User\globalStorage\redhat.java\1.49.0\config_win\org.eclipse.equinox.launcher\org.eclipse.equinox.launcher.win32.win32.x86_64_1.2.1400.v20250801-0854\eclipse_11916.dll
Event: 21.988 Loaded shared library C:\Users\Oscar\AppData\Local\Temp\jna-76482384\jna9550765821639007155.dll
Event: 25.476 Loaded shared library C:\Users\Oscar\.vscode\extensions\redhat.java-1.49.0-win32-x64\jre\21.0.9-win32-x86_64\bin\sunmscapi.dll
Event: 25.625 Loaded shared library C:\Users\Oscar\.vscode\extensions\redhat.java-1.49.0-win32-x64\jre\21.0.9-win32-x86_64\bin\extnet.dll

Deoptimization events (20 events):
Event: 39462.417 Thread 0x000001a87f47a7a0 DEOPT PACKING pc=0x000001a80946fc2c sp=0x0000000a47fff320
Event: 39462.417 Thread 0x000001a87f47a7a0 DEOPT UNPACKING pc=0x000001a8074a3aa2 sp=0x0000000a47fff1c0 mode 2
Event: 39465.617 Thread 0x000001a85173ce20 Uncommon trap: trap_request=0xffffffd6 fr.pc=0x000001a80946fc2c relative=0x00000000000003ec
Event: 39465.617 Thread 0x000001a85173ce20 Uncommon trap: reason=array_check action=maybe_recompile pc=0x000001a80946fc2c method=java.util.concurrent.ScheduledThreadPoolExecutor$DelayedWorkQueue.offer(Ljava/lang/Runnable;)Z @ 65 c2
Event: 39465.617 Thread 0x000001a85173ce20 DEOPT PACKING pc=0x000001a80946fc2c sp=0x0000000a4a5feed0
Event: 39465.618 Thread 0x000001a85173ce20 DEOPT UNPACKING pc=0x000001a8074a3aa2 sp=0x0000000a4a5fed70 mode 2
Event: 112020.273 Thread 0x000001a85173ba70 Uncommon trap: trap_request=0xffffff45 fr.pc=0x000001a809422d04 relative=0x00000000000001c4
Event: 112020.273 Thread 0x000001a85173ba70 Uncommon trap: reason=unstable_if action=reinterpret pc=0x000001a809422d04 method=org.eclipse.jface.text.TreeLineTracker.updateParentBalanceAfterInsertion(Lorg/eclipse/jface/text/TreeLineTracker$Node;)V @ 13 c2
Event: 112020.274 Thread 0x000001a85173ba70 DEOPT PACKING pc=0x000001a809422d04 sp=0x0000000a4a8fe250
Event: 112020.275 Thread 0x000001a85173ba70 DEOPT UNPACKING pc=0x000001a8074a3aa2 sp=0x0000000a4a8fe200 mode 2
Event: 112020.463 Thread 0x000001a851198a00 Uncommon trap: trap_request=0xffffff45 fr.pc=0x000001a808fece8c relative=0x000000000000038c
Event: 112020.463 Thread 0x000001a851199720 Uncommon trap: trap_request=0xffffff45 fr.pc=0x000001a808fece8c relative=0x000000000000038c
Event: 112020.463 Thread 0x000001a851199720 Uncommon trap: reason=unstable_if action=reinterpret pc=0x000001a808fece8c method=java.lang.Class.annotationData()Ljava/lang/Class$AnnotationData; @ 36 c2
Event: 112020.463 Thread 0x000001a851198a00 Uncommon trap: reason=unstable_if action=reinterpret pc=0x000001a808fece8c method=java.lang.Class.annotationData()Ljava/lang/Class$AnnotationData; @ 36 c2
Event: 112020.464 Thread 0x000001a851199720 DEOPT PACKING pc=0x000001a808fece8c sp=0x0000000a463fe4d0
Event: 112020.464 Thread 0x000001a851198a00 DEOPT PACKING pc=0x000001a808fece8c sp=0x0000000a461fe6d0
Event: 112020.464 Thread 0x000001a851199720 DEOPT UNPACKING pc=0x000001a8074a3aa2 sp=0x0000000a463fe408 mode 2
Event: 112020.464 Thread 0x000001a851198a00 DEOPT UNPACKING pc=0x000001a8074a3aa2 sp=0x0000000a461fe608 mode 2
Event: 112020.623 Thread 0x000001a85bc01af0 DEOPT PACKING pc=0x000001a80132d913 sp=0x0000000a483ff030
Event: 112020.623 Thread 0x000001a85bc01af0 DEOPT UNPACKING pc=0x000001a8074a4242 sp=0x0000000a483fe5a0 mode 0

Classes loaded (20 events):
Event: 15840.264 Loading class sun/security/ssl/CertificateVerify$T13CertificateVerifyMessage
Event: 15840.265 Loading class sun/security/ssl/CertificateVerify$T13CertificateVerifyMessage done
Event: 15840.267 Loading class sun/security/ssl/SSLBasicKeyDerivation
Event: 15840.268 Loading class sun/security/ssl/SSLBasicKeyDerivation done
Event: 15840.268 Loading class sun/security/ssl/SSLBasicKeyDerivation$SecretSizeSpec
Event: 15840.268 Loading class sun/security/ssl/SSLBasicKeyDerivation$SecretSizeSpec done
Event: 15840.288 Loading class sun/security/ssl/PostHandshakeContext
Event: 15840.288 Loading class sun/security/ssl/PostHandshakeContext done
Event: 15840.288 Loading class sun/security/ssl/NewSessionTicket$T13NewSessionTicketMessage
Event: 15840.289 Loading class sun/security/ssl/NewSessionTicket$T13NewSessionTicketMessage done
Event: 15850.366 Loading class java/util/stream/DistinctOps
Event: 15850.367 Loading class java/util/stream/DistinctOps done
Event: 15850.367 Loading class java/util/stream/DistinctOps$1
Event: 15850.367 Loading class java/util/stream/DistinctOps$1 done
Event: 15850.370 Loading class java/util/stream/DistinctOps$1$2
Event: 15850.370 Loading class java/util/stream/DistinctOps$1$2 done
Event: 19483.679 Loading class java/util/concurrent/ThreadPoolExecutor$CallerRunsPolicy
Event: 19483.681 Loading class java/util/concurrent/ThreadPoolExecutor$CallerRunsPolicy done
Event: 158464.981 Loading class jdk/internal/access/JavaAWTAccess
Event: 158464.998 Loading class jdk/internal/access/JavaAWTAccess done

Classes unloaded (20 events):
Event: 10319.897 Thread 0x000001a879063b90 Unloading class 0x000001a810287000 'jdk/internal/reflect/GeneratedSerializationConstructorAccessor15'
Event: 10319.897 Thread 0x000001a879063b90 Unloading class 0x000001a810286c00 'jdk/internal/reflect/GeneratedSerializationConstructorAccessor14'
Event: 10319.897 Thread 0x000001a879063b90 Unloading class 0x000001a810285000 'java/lang/invoke/LambdaForm$MH+0x000001a810285000'
Event: 10319.897 Thread 0x000001a879063b90 Unloading class 0x000001a810284000 'jdk/internal/reflect/GeneratedSerializationConstructorAccessor13'
Event: 10319.897 Thread 0x000001a879063b90 Unloading class 0x000001a810283c00 'jdk/internal/reflect/GeneratedSerializationConstructorAccessor12'
Event: 10319.897 Thread 0x000001a879063b90 Unloading class 0x000001a810282000 'java/lang/invoke/LambdaForm$MH+0x000001a810282000'
Event: 10319.897 Thread 0x000001a879063b90 Unloading class 0x000001a810280800 'jdk/internal/reflect/GeneratedSerializationConstructorAccessor11'
Event: 10319.897 Thread 0x000001a879063b90 Unloading class 0x000001a810280400 'jdk/internal/reflect/GeneratedSerializationConstructorAccessor10'
Event: 10319.897 Thread 0x000001a879063b90 Unloading class 0x000001a810280000 'jdk/internal/reflect/GeneratedSerializationConstructorAccessor9'
Event: 10319.897 Thread 0x000001a879063b90 Unloading class 0x000001a810278800 'java/lang/invoke/LambdaForm$MH+0x000001a810278800'
Event: 10319.897 Thread 0x000001a879063b90 Unloading class 0x000001a810278000 'java/lang/invoke/LambdaForm$MH+0x000001a810278000'
Event: 10319.897 Thread 0x000001a879063b90 Unloading class 0x000001a810276000 'jdk/internal/reflect/GeneratedSerializationConstructorAccessor8'
Event: 10319.897 Thread 0x000001a879063b90 Unloading class 0x000001a810275c00 'jdk/internal/reflect/GeneratedSerializationConstructorAccessor7'
Event: 10319.897 Thread 0x000001a879063b90 Unloading class 0x000001a810275800 'jdk/internal/reflect/GeneratedSerializationConstructorAccessor6'
Event: 10319.897 Thread 0x000001a879063b90 Unloading class 0x000001a810275400 'jdk/internal/reflect/GeneratedSerializationConstructorAccessor5'
Event: 10319.897 Thread 0x000001a879063b90 Unloading class 0x000001a810275000 'jdk/internal/reflect/GeneratedSerializationConstructorAccessor4'
Event: 10319.897 Thread 0x000001a879063b90 Unloading class 0x000001a810274c00 'jdk/internal/reflect/GeneratedSerializationConstructorAccessor3'
Event: 10319.897 Thread 0x000001a879063b90 Unloading class 0x000001a810274800 'jdk/internal/reflect/GeneratedSerializationConstructorAccessor2'
Event: 10319.897 Thread 0x000001a879063b90 Unloading class 0x000001a810274400 'jdk/internal/reflect/GeneratedSerializationConstructorAccessor1'
Event: 10319.897 Thread 0x000001a879063b90 Unloading class 0x000001a81017f800 'java/lang/invoke/LambdaForm$MH+0x000001a81017f800'

Classes redefined (0 events):
No events

Internal exceptions (20 events):
Event: 15841.407 Thread 0x000001a85173ba70 Exception <a 'java/lang/IncompatibleClassChangeError'{0x00000000d5bdbdc0}: Found class java.lang.Object, but interface was expected> (0x00000000d5bdbdc0) 
thrown [s\src\hotspot\share\interpreter\linkResolver.cpp, line 840]
Event: 15850.003 Thread 0x000001a85173ba70 Exception <a 'java/lang/IncompatibleClassChangeError'{0x00000000d577bed0}: Found class java.lang.Object, but interface was expected> (0x00000000d577bed0) 
thrown [s\src\hotspot\share\interpreter\linkResolver.cpp, line 840]
Event: 15850.005 Thread 0x000001a85173ba70 Exception <a 'java/lang/IncompatibleClassChangeError'{0x00000000d5580000}: Found class java.lang.Object, but interface was expected> (0x00000000d5580000) 
thrown [s\src\hotspot\share\interpreter\linkResolver.cpp, line 840]
Event: 15850.071 Thread 0x000001a85044a960 Exception <a 'sun/nio/fs/WindowsException'{0x00000000d56216f8}> (0x00000000d56216f8) 
thrown [s\src\hotspot\share\prims\jni.cpp, line 520]
Event: 15850.144 Thread 0x000001a85044a960 Exception <a 'sun/nio/fs/WindowsException'{0x00000000d561e998}> (0x00000000d561e998) 
thrown [s\src\hotspot\share\prims\jni.cpp, line 520]
Event: 16150.129 Thread 0x000001a851036570 Exception <a 'sun/nio/fs/WindowsException'{0x00000000d55b0690}> (0x00000000d55b0690) 
thrown [s\src\hotspot\share\prims\jni.cpp, line 520]
Event: 16150.130 Thread 0x000001a851036570 Exception <a 'sun/nio/fs/WindowsException'{0x00000000d55b1058}> (0x00000000d55b1058) 
thrown [s\src\hotspot\share\prims\jni.cpp, line 520]
Event: 17064.192 Thread 0x000001a85173ba70 Exception <a 'java/lang/IncompatibleClassChangeError'{0x00000000d5631bc0}: Found class java.lang.Object, but interface was expected> (0x00000000d5631bc0) 
thrown [s\src\hotspot\share\interpreter\linkResolver.cpp, line 840]
Event: 19481.619 Thread 0x000001a85173ba70 Exception <a 'sun/nio/fs/WindowsException'{0x00000000d5605e30}> (0x00000000d5605e30) 
thrown [s\src\hotspot\share\prims\jni.cpp, line 520]
Event: 19481.620 Thread 0x000001a85173ba70 Exception <a 'sun/nio/fs/WindowsException'{0x00000000d56067b0}> (0x00000000d56067b0) 
thrown [s\src\hotspot\share\prims\jni.cpp, line 520]
Event: 19481.622 Thread 0x000001a85173ba70 Exception <a 'sun/nio/fs/WindowsException'{0x00000000d5607858}> (0x00000000d5607858) 
thrown [s\src\hotspot\share\prims\jni.cpp, line 520]
Event: 19481.622 Thread 0x000001a85173ba70 Exception <a 'sun/nio/fs/WindowsException'{0x00000000d56081e0}> (0x00000000d56081e0) 
thrown [s\src\hotspot\share\prims\jni.cpp, line 520]
Event: 19481.643 Thread 0x000001a85173ba70 Exception <a 'sun/nio/fs/WindowsException'{0x00000000d560c230}> (0x00000000d560c230) 
thrown [s\src\hotspot\share\prims\jni.cpp, line 520]
Event: 19481.643 Thread 0x000001a85173ba70 Exception <a 'sun/nio/fs/WindowsException'{0x00000000d560cb98}> (0x00000000d560cb98) 
thrown [s\src\hotspot\share\prims\jni.cpp, line 520]
Event: 19481.644 Thread 0x000001a85173ba70 Exception <a 'sun/nio/fs/WindowsException'{0x00000000d560dbe8}> (0x00000000d560dbe8) 
thrown [s\src\hotspot\share\prims\jni.cpp, line 520]
Event: 19481.644 Thread 0x000001a85173ba70 Exception <a 'sun/nio/fs/WindowsException'{0x00000000d560e600}> (0x00000000d560e600) 
thrown [s\src\hotspot\share\prims\jni.cpp, line 520]
Event: 19481.648 Thread 0x000001a85173ba70 Exception <a 'sun/nio/fs/WindowsException'{0x00000000d5612720}> (0x00000000d5612720) 
thrown [s\src\hotspot\share\prims\jni.cpp, line 520]
Event: 19481.648 Thread 0x000001a85173ba70 Exception <a 'sun/nio/fs/WindowsException'{0x00000000d5613090}> (0x00000000d5613090) 
thrown [s\src\hotspot\share\prims\jni.cpp, line 520]
Event: 19481.649 Thread 0x000001a85173ba70 Exception <a 'sun/nio/fs/WindowsException'{0x00000000d5614390}> (0x00000000d5614390) 
thrown [s\src\hotspot\share\prims\jni.cpp, line 520]
Event: 19481.649 Thread 0x000001a85173ba70 Exception <a 'sun/nio/fs/WindowsException'{0x00000000d5614d00}> (0x00000000d5614d00) 
thrown [s\src\hotspot\share\prims\jni.cpp, line 520]

ZGC Phase Switch (0 events):
No events

VM Operations (20 events):
Event: 162345.660 Executing VM operation: HandshakeAllThreads (HandshakeForDeflation)
Event: 162345.667 Executing VM operation: HandshakeAllThreads (HandshakeForDeflation) done
Event: 162345.667 Executing VM operation: RendezvousGCThreads
Event: 162345.667 Executing VM operation: RendezvousGCThreads done
Event: 165051.616 Executing VM operation: HandshakeAllThreads (HandshakeForDeflation)
Event: 165051.616 Executing VM operation: HandshakeAllThreads (HandshakeForDeflation) done
Event: 165051.616 Executing VM operation: RendezvousGCThreads
Event: 165051.616 Executing VM operation: RendezvousGCThreads done
Event: 165953.429 Executing VM operation: HandshakeAllThreads (HandshakeForDeflation)
Event: 165953.429 Executing VM operation: HandshakeAllThreads (HandshakeForDeflation) done
Event: 165953.429 Executing VM operation: RendezvousGCThreads
Event: 165953.429 Executing VM operation: RendezvousGCThreads done
Event: 168658.848 Executing VM operation: HandshakeAllThreads (HandshakeForDeflation)
Event: 168658.848 Executing VM operation: HandshakeAllThreads (HandshakeForDeflation) done
Event: 168658.848 Executing VM operation: RendezvousGCThreads
Event: 168658.848 Executing VM operation: RendezvousGCThreads done
Event: 169560.838 Executing VM operation: HandshakeAllThreads (HandshakeForDeflation)
Event: 169560.839 Executing VM operation: HandshakeAllThreads (HandshakeForDeflation) done
Event: 169560.839 Executing VM operation: RendezvousGCThreads
Event: 169560.839 Executing VM operation: RendezvousGCThreads done

Memory protections (0 events):
No events

Nmethod flushes (20 events):
Event: 10320.017 Thread 0x000001a879063b90 flushing  nmethod 0x000001a80250d710
Event: 10320.017 Thread 0x000001a879063b90 flushing  nmethod 0x000001a80252e810
Event: 10320.017 Thread 0x000001a879063b90 flushing  nmethod 0x000001a80254db10
Event: 10320.017 Thread 0x000001a879063b90 flushing  nmethod 0x000001a80254ef90
Event: 10320.017 Thread 0x000001a879063b90 flushing  nmethod 0x000001a802574e90
Event: 10320.017 Thread 0x000001a879063b90 flushing  nmethod 0x000001a802575210
Event: 10320.017 Thread 0x000001a879063b90 flushing  nmethod 0x000001a802575a90
Event: 10320.017 Thread 0x000001a879063b90 flushing  nmethod 0x000001a802576f10
Event: 10320.017 Thread 0x000001a879063b90 flushing  nmethod 0x000001a80257af90
Event: 10320.017 Thread 0x000001a879063b90 flushing  nmethod 0x000001a80258f990
Event: 10320.017 Thread 0x000001a879063b90 flushing  nmethod 0x000001a802595010
Event: 10320.017 Thread 0x000001a879063b90 flushing  nmethod 0x000001a802595590
Event: 10320.017 Thread 0x000001a879063b90 flushing  nmethod 0x000001a802595b90
Event: 10320.017 Thread 0x000001a879063b90 flushing  nmethod 0x000001a802599f90
Event: 10320.017 Thread 0x000001a879063b90 flushing  nmethod 0x000001a80259f610
Event: 10320.017 Thread 0x000001a879063b90 flushing  nmethod 0x000001a80259fb10
Event: 10320.017 Thread 0x000001a879063b90 flushing  nmethod 0x000001a8025a5890
Event: 10320.017 Thread 0x000001a879063b90 flushing  nmethod 0x000001a8025a9710
Event: 10320.017 Thread 0x000001a879063b90 flushing  nmethod 0x000001a8025d2b90
Event: 10320.017 Thread 0x000001a879063b90 flushing  nmethod 0x000001a8025d8c10

Events (20 events):
Event: 112014.404 Thread 0x000001a8703a5c00 Thread added: 0x000001a861f199e0
Event: 112014.726 Thread 0x000001a861f199e0 Thread exited: 0x000001a861f199e0
Event: 112016.060 Thread 0x000001a861f17ea0 Thread exited: 0x000001a861f17ea0
Event: 112020.443 Thread 0x000001a85173ba70 Thread added: 0x000001a85bc01af0
Event: 112021.846 Thread 0x000001a85119aad0 Thread added: 0x000001a85bc02ea0
Event: 112081.855 Thread 0x000001a85bc02ea0 Thread exited: 0x000001a85bc02ea0
Event: 112082.163 Thread 0x000001a851199720 Thread exited: 0x000001a851199720
Event: 112142.163 Thread 0x000001a85bc01af0 Thread exited: 0x000001a85bc01af0
Event: 112202.165 Thread 0x000001a851199090 Thread exited: 0x000001a851199090
Event: 112262.177 Thread 0x000001a851198a00 Thread exited: 0x000001a851198a00
Event: 112418.297 Thread 0x000001a85173ba70 Thread added: 0x000001a85bc02ea0
Event: 112478.315 Thread 0x000001a85bc02ea0 Thread exited: 0x000001a85bc02ea0
Event: 119127.222 Thread 0x000001a85119aad0 Thread added: 0x000001a85bc02ea0
Event: 119127.229 Thread 0x000001a851036570 Thread exited: 0x000001a851036570
Event: 130827.605 Thread 0x000001a85119aad0 Thread added: 0x000001a85bc01460
Event: 130947.618 Thread 0x000001a85119aad0 Thread exited: 0x000001a85119aad0
Event: 147928.460 Thread 0x000001a85bc02ea0 Thread added: 0x000001a85bc03530
Event: 147988.476 Thread 0x000001a85bc03530 Thread exited: 0x000001a85bc03530
Event: 162328.964 Thread 0x000001a85bc01460 Thread added: 0x000001a85bc01af0
Event: 162388.968 Thread 0x000001a85bc02ea0 Thread exited: 0x000001a85bc02ea0


Dynamic libraries:
0x00007ff6ad400000 - 0x00007ff6ad40e000 	c:\Users\Oscar\.vscode\extensions\redhat.java-1.49.0-win32-x64\jre\21.0.9-win32-x86_64\bin\java.exe
0x00007fffc6800000 - 0x00007fffc6a68000 	C:\WINDOWS\SYSTEM32\ntdll.dll
0x00007fffc5ad0000 - 0x00007fffc5b99000 	C:\WINDOWS\System32\KERNEL32.DLL
0x00007fffc3a90000 - 0x00007fffc3e88000 	C:\WINDOWS\System32\KERNELBASE.dll
0x00007fffc4160000 - 0x00007fffc42ab000 	C:\WINDOWS\System32\ucrtbase.dll
0x00007fff08f90000 - 0x00007fff08fa8000 	c:\Users\Oscar\.vscode\extensions\redhat.java-1.49.0-win32-x64\jre\21.0.9-win32-x86_64\bin\jli.dll
0x00007fff08fb0000 - 0x00007fff08fce000 	c:\Users\Oscar\.vscode\extensions\redhat.java-1.49.0-win32-x64\jre\21.0.9-win32-x86_64\bin\VCRUNTIME140.dll
0x00007fffc5900000 - 0x00007fffc5ac7000 	C:\WINDOWS\System32\USER32.dll
0x00007fffaa5c0000 - 0x00007fffaa854000 	C:\WINDOWS\WinSxS\amd64_microsoft.windows.common-controls_6595b64144ccf1df_6.0.26100.7019_none_3e06ffa0e335b8a8\COMCTL32.dll
0x00007fffc3fc0000 - 0x00007fffc3fe7000 	C:\WINDOWS\System32\win32u.dll
0x00007fffc63c0000 - 0x00007fffc6469000 	C:\WINDOWS\System32\msvcrt.dll
0x00007fffc4670000 - 0x00007fffc469b000 	C:\WINDOWS\System32\GDI32.dll
0x00007fffc3e90000 - 0x00007fffc3fbc000 	C:\WINDOWS\System32\gdi32full.dll
0x00007fffc42b0000 - 0x00007fffc4353000 	C:\WINDOWS\System32\msvcp_win.dll
0x00007fffc46a0000 - 0x00007fffc46d1000 	C:\WINDOWS\System32\IMM32.DLL
0x00007fff65c20000 - 0x00007fff65c2c000 	c:\Users\Oscar\.vscode\extensions\redhat.java-1.49.0-win32-x64\jre\21.0.9-win32-x86_64\bin\vcruntime140_1.dll
0x00007fff08f00000 - 0x00007fff08f8d000 	c:\Users\Oscar\.vscode\extensions\redhat.java-1.49.0-win32-x64\jre\21.0.9-win32-x86_64\bin\msvcp140.dll
0x00007ffefb6e0000 - 0x00007ffefc480000 	c:\Users\Oscar\.vscode\extensions\redhat.java-1.49.0-win32-x64\jre\21.0.9-win32-x86_64\bin\server\jvm.dll
0x00007fffc4e60000 - 0x00007fffc4f14000 	C:\WINDOWS\System32\ADVAPI32.dll
0x00007fffc4570000 - 0x00007fffc4616000 	C:\WINDOWS\System32\sechost.dll
0x00007fffc5ba0000 - 0x00007fffc5cb8000 	C:\WINDOWS\System32\RPCRT4.dll
0x00007fffc6230000 - 0x00007fffc62a4000 	C:\WINDOWS\System32\WS2_32.dll
0x00007fffc36d0000 - 0x00007fffc372e000 	C:\WINDOWS\SYSTEM32\POWRPROF.dll
0x00007fffbbe00000 - 0x00007fffbbe0b000 	C:\WINDOWS\SYSTEM32\VERSION.dll
0x00007fffbbdc0000 - 0x00007fffbbdf5000 	C:\WINDOWS\SYSTEM32\WINMM.dll
0x00007fffc35c0000 - 0x00007fffc35d4000 	C:\WINDOWS\SYSTEM32\UMPDC.dll
0x00007fffc26a0000 - 0x00007fffc26bb000 	C:\WINDOWS\SYSTEM32\kernel.appcore.dll
0x00007fff60a80000 - 0x00007fff60a8a000 	c:\Users\Oscar\.vscode\extensions\redhat.java-1.49.0-win32-x64\jre\21.0.9-win32-x86_64\bin\jimage.dll
0x00007fffb5200000 - 0x00007fffb5442000 	C:\WINDOWS\SYSTEM32\DBGHELP.DLL
0x00007fffc5e70000 - 0x00007fffc61fb000 	C:\WINDOWS\System32\combase.dll
0x00007fffc53b0000 - 0x00007fffc5487000 	C:\WINDOWS\System32\OLEAUT32.dll
0x00007fffa5450000 - 0x00007fffa548c000 	C:\WINDOWS\SYSTEM32\dbgcore.DLL
0x00007fffc3920000 - 0x00007fffc39c5000 	C:\WINDOWS\System32\bcryptPrimitives.dll
0x00007fff5d570000 - 0x00007fff5d57f000 	c:\Users\Oscar\.vscode\extensions\redhat.java-1.49.0-win32-x64\jre\21.0.9-win32-x86_64\bin\instrument.dll
0x00007fff08a80000 - 0x00007fff08aa0000 	c:\Users\Oscar\.vscode\extensions\redhat.java-1.49.0-win32-x64\jre\21.0.9-win32-x86_64\bin\java.dll
0x00007fffc4700000 - 0x00007fffc4e4f000 	C:\WINDOWS\System32\SHELL32.dll
0x00007fffc3ff0000 - 0x00007fffc415b000 	C:\WINDOWS\System32\wintypes.dll
0x00007fffc1500000 - 0x00007fffc1d5d000 	C:\WINDOWS\SYSTEM32\windows.storage.dll
0x00007fffc62b0000 - 0x00007fffc63a2000 	C:\WINDOWS\System32\SHCORE.dll
0x00007fffc66a0000 - 0x00007fffc6707000 	C:\WINDOWS\System32\shlwapi.dll
0x00007fffc3840000 - 0x00007fffc3869000 	C:\WINDOWS\SYSTEM32\profapi.dll
0x00007fff08a60000 - 0x00007fff08a78000 	c:\Users\Oscar\.vscode\extensions\redhat.java-1.49.0-win32-x64\jre\21.0.9-win32-x86_64\bin\zip.dll
0x00007fff5fe80000 - 0x00007fff5fe90000 	C:\Users\Oscar\.vscode\extensions\redhat.java-1.49.0-win32-x64\jre\21.0.9-win32-x86_64\bin\net.dll
0x00007fffbcdd0000 - 0x00007fffbcef8000 	C:\WINDOWS\SYSTEM32\WINHTTP.dll
0x00007fffc2bf0000 - 0x00007fffc2c5b000 	C:\WINDOWS\system32\mswsock.dll
0x00007fff08a40000 - 0x00007fff08a56000 	C:\Users\Oscar\.vscode\extensions\redhat.java-1.49.0-win32-x64\jre\21.0.9-win32-x86_64\bin\nio.dll
0x00007fff58e30000 - 0x00007fff58e40000 	c:\Users\Oscar\.vscode\extensions\redhat.java-1.49.0-win32-x64\jre\21.0.9-win32-x86_64\bin\verify.dll
0x00007fff09060000 - 0x00007fff090a4000 	C:\Users\Oscar\AppData\Roaming\Code\User\globalStorage\redhat.java\1.49.0\config_win\org.eclipse.equinox.launcher\org.eclipse.equinox.launcher.win32.win32.x86_64_1.2.1400.v20250801-0854\eclipse_11916.dll
0x00007fffc64f0000 - 0x00007fffc6687000 	C:\WINDOWS\System32\ole32.dll
0x00007fffc2fe0000 - 0x00007fffc2ffb000 	C:\WINDOWS\SYSTEM32\CRYPTSP.dll
0x00007fffc2600000 - 0x00007fffc263a000 	C:\WINDOWS\system32\rsaenh.dll
0x00007fffc2ca0000 - 0x00007fffc2ccb000 	C:\WINDOWS\SYSTEM32\USERENV.dll
0x00007fffc3810000 - 0x00007fffc383a000 	C:\WINDOWS\SYSTEM32\bcrypt.dll
0x00007fffc2e40000 - 0x00007fffc2e4c000 	C:\WINDOWS\SYSTEM32\CRYPTBASE.dll
0x00007fffc2090000 - 0x00007fffc20c4000 	C:\WINDOWS\SYSTEM32\IPHLPAPI.DLL
0x00007fffc5e60000 - 0x00007fffc5e6a000 	C:\WINDOWS\System32\NSI.dll
0x00007fff08d10000 - 0x00007fff08d59000 	C:\Users\Oscar\AppData\Local\Temp\jna-76482384\jna9550765821639007155.dll
0x00007fffc5e50000 - 0x00007fffc5e58000 	C:\WINDOWS\System32\PSAPI.DLL
0x00007fffbd540000 - 0x00007fffbd55e000 	C:\WINDOWS\SYSTEM32\dhcpcsvc6.DLL
0x00007fffbd1f0000 - 0x00007fffbd213000 	C:\WINDOWS\SYSTEM32\dhcpcsvc.DLL
0x00007fff49fc0000 - 0x00007fff49fce000 	C:\Users\Oscar\.vscode\extensions\redhat.java-1.49.0-win32-x64\jre\21.0.9-win32-x86_64\bin\sunmscapi.dll
0x00007fffc4360000 - 0x00007fffc44d7000 	C:\WINDOWS\System32\CRYPT32.dll
0x00007fffc3130000 - 0x00007fffc3160000 	C:\WINDOWS\SYSTEM32\ncrypt.dll
0x00007fffc30e0000 - 0x00007fffc311f000 	C:\WINDOWS\SYSTEM32\NTASN1.dll
0x00007fffc2120000 - 0x00007fffc224c000 	C:\WINDOWS\SYSTEM32\DNSAPI.dll
0x00007fffb8fe0000 - 0x00007fffb8feb000 	C:\Windows\System32\rasadhlp.dll
0x00007fffbd880000 - 0x00007fffbd906000 	C:\WINDOWS\System32\fwpuclnt.dll
0x00007fff48a20000 - 0x00007fff48a29000 	C:\Users\Oscar\.vscode\extensions\redhat.java-1.49.0-win32-x64\jre\21.0.9-win32-x86_64\bin\extnet.dll

JVMTI agents:
c:\Users\Oscar\.vscode\extensions\redhat.java-1.49.0-win32-x64\lombok\lombok-1.18.39-4050.jar path:c:\Users\Oscar\.vscode\extensions\redhat.java-1.49.0-win32-x64\jre\21.0.9-win32-x86_64\bin\instrument.dll, loaded, initialized, instrumentlib options:none

dbghelp: loaded successfully - version: 4.0.5 - missing functions: none
symbol engine: initialized successfully - sym options: 0x614 - pdb path: .;c:\Users\Oscar\.vscode\extensions\redhat.java-1.49.0-win32-x64\jre\21.0.9-win32-x86_64\bin;C:\WINDOWS\SYSTEM32;C:\WINDOWS\WinSxS\amd64_microsoft.windows.common-controls_6595b64144ccf1df_6.0.26100.7019_none_3e06ffa0e335b8a8;c:\Users\Oscar\.vscode\extensions\redhat.java-1.49.0-win32-x64\jre\21.0.9-win32-x86_64\bin\server;C:\Users\Oscar\AppData\Roaming\Code\User\globalStorage\redhat.java\1.49.0\config_win\org.eclipse.equinox.launcher\org.eclipse.equinox.launcher.win32.win32.x86_64_1.2.1400.v20250801-0854;C:\Users\Oscar\AppData\Local\Temp\jna-76482384

VM Arguments:
jvm_args: --add-modules=ALL-SYSTEM --add-opens=java.base/java.util=ALL-UNNAMED --add-opens=java.base/java.lang=ALL-UNNAMED --add-opens=java.base/sun.nio.fs=ALL-UNNAMED -Declipse.application=org.eclipse.jdt.ls.core.id1 -Dosgi.bundles.defaultStartLevel=4 -Declipse.product=org.eclipse.jdt.ls.core.product -Djava.import.generatesMetadataFilesAtProjectRoot=false -DDetectVMInstallationsJob.disabled=true -Dfile.encoding=utf8 -XX:+UseParallelGC -XX:GCTimeRatio=4 -XX:AdaptiveSizePolicyWeight=90 -Dsun.zip.disableMemoryMapping=true -Xmx2G -Xms100m -Xlog:disable -javaagent:c:\Users\Oscar\.vscode\extensions\redhat.java-1.49.0-win32-x64\lombok\lombok-1.18.39-4050.jar -XX:+HeapDumpOnOutOfMemoryError -XX:HeapDumpPath=c:\Users\Oscar\AppData\Roaming\Code\User\workspaceStorage\5a5b21995b62211e4c6a20ea97c4d031\redhat.java -Daether.dependencyCollector.impl=bf 
java_command: c:\Users\Oscar\.vscode\extensions\redhat.java-1.49.0-win32-x64\server\plugins\org.eclipse.equinox.launcher_1.7.100.v20251111-0406.jar -configuration c:\Users\Oscar\AppData\Roaming\Code\User\globalStorage\redhat.java\1.49.0\config_win -data c:\Users\Oscar\AppData\Roaming\Code\User\workspaceStorage\5a5b21995b62211e4c6a20ea97c4d031\redhat.java\jdt_ws --pipe=\\.\pipe\lsp-bfb20e8ba0c5c62ac6ef53744ef2212f-sock
java_class_path (initial): c:\Users\Oscar\.vscode\extensions\redhat.java-1.49.0-win32-x64\server\plugins\org.eclipse.equinox.launcher_1.7.100.v20251111-0406.jar
Launcher Type: SUN_STANDARD

[Global flags]
    uintx AdaptiveSizePolicyWeight                 = 90                                        {product} {command line}
     intx CICompilerCount                          = 12                                        {product} {ergonomic}
    uintx GCTimeRatio                              = 4                                         {product} {command line}
     bool HeapDumpOnOutOfMemoryError               = true                                   {manageable} {command line}
    ccstr HeapDumpPath                             = c:\Users\Oscar\AppData\Roaming\Code\User\workspaceStorage\5a5b21995b62211e4c6a20ea97c4d031\redhat.java         {manageable} {command line}
   size_t InitialHeapSize                          = 104857600                                 {product} {command line}
   size_t MaxHeapSize                              = 2147483648                                {product} {command line}
   size_t MaxNewSize                               = 715653120                                 {product} {ergonomic}
   size_t MinHeapDeltaBytes                        = 524288                                    {product} {ergonomic}
   size_t MinHeapSize                              = 104857600                                 {product} {command line}
   size_t NewSize                                  = 34603008                                  {product} {ergonomic}
    uintx NonNMethodCodeHeapSize                   = 7602480                                {pd product} {ergonomic}
    uintx NonProfiledCodeHeapSize                  = 122027880                              {pd product} {ergonomic}
   size_t OldSize                                  = 70254592                                  {product} {ergonomic}
    uintx ProfiledCodeHeapSize                     = 122027880                              {pd product} {ergonomic}
    uintx ReservedCodeCacheSize                    = 251658240                              {pd product} {ergonomic}
     bool SegmentedCodeCache                       = true                                      {product} {ergonomic}
   size_t SoftMaxHeapSize                          = 2147483648                             {manageable} {ergonomic}
     bool UseCompressedOops                        = true                           {product lp64_product} {ergonomic}
     bool UseLargePagesIndividualAllocation        = false                                  {pd product} {ergonomic}
     bool UseParallelGC                            = true                                      {product} {command line}

Logging:
Log output configuration:
 #0: stdout all=off uptime,level,tags foldmultilines=false
 #1: stderr all=off uptime,level,tags foldmultilines=false

Release file:
JAVA_VERSION="21.0.9" 
MODULES="java.base java.compiler java.datatransfer java.xml java.prefs java.desktop java.instrument java.logging java.management java.security.sasl java.naming java.rmi java.management.rmi java.net.http java.scripting java.security.jgss java.transaction.xa java.sql java.sql.rowset java.xml.crypto java.se java.smartcardio jdk.accessibility jdk.internal.jvmstat jdk.attach jdk.charsets jdk.internal.opt jdk.zipfs jdk.compiler jdk.crypto.ec jdk.crypto.cryptoki jdk.crypto.mscapi jdk.dynalink jdk.internal.ed jdk.editpad jdk.hotspot.agent jdk.httpserver jdk.internal.le jdk.internal.vm.ci jdk.internal.vm.compiler jdk.internal.vm.compiler.management jdk.jartool jdk.javadoc jdk.jcmd jdk.management jdk.management.agent jdk.jconsole jdk.jdeps jdk.jdwp.agent jdk.jdi jdk.jfr jdk.jshell jdk.jsobject jdk.jstatd jdk.localedata jdk.management.jfr jdk.naming.dns jdk.naming.rmi jdk.net jdk.nio.mapmode jdk.random jdk.sctp jdk.security.auth jdk.security.jgss jdk.unsupported jdk.unsupported.desktop jdk.xml.dom" 

Environment Variables:
JAVA_HOME=C:\Program Files\Eclipse Adoptium\jdk-21.0.9.10-hotspot\
PATH=C:\Program Files\Eclipse Adoptium\jdk-21.0.9.10-hotspot\bin;C:\Program Files (x86)\OpenLogic\jdk-8.0.422.05-hotspot\bin;C:\Program Files\Eclipse Adoptium\jdk-17.0.11.9-hotspot\bin;C:\Python312\Scripts\;C:\Python312\;C:\WINDOWS\system32;C:\WINDOWS;C:\WINDOWS\System32\Wbem;C:\WINDOWS\System32\WindowsPowerShell\v1.0\;C:\WINDOWS\System32\OpenSSH\;C:\ProgramData\chocolatey\bin;C:\Program Files\nodejs\;C:\Program Files\Docker\Docker\resources\bin;C:\Program Files\MySQL\MySQL Server 8.0\bin;C:\Program Files\MySQL\MySQL Server 8.4\bin;C:\Program Files\maven\apache-maven-3.9.9\bin;C:\Program Files\Git\cmd;C:\Program Files\Tailscale\;C:\Program Files\PuTTY\;C:\Program Files\mongosh-2.5.0\bin;C:\Users\Oscar\AppData\Local\Microsoft\WindowsApps;C:\Users\Oscar\AppData\Local\Programs\Microsoft VS Code\bin;C:\Users\Oscar\AppData\Roaming\npm;
USERNAME=Oscar
OS=Windows_NT
PROCESSOR_IDENTIFIER=AMD64 Family 25 Model 80 Stepping 0, AuthenticAMD
TMP=C:\Users\Oscar\AppData\Local\Temp
TEMP=C:\Users\Oscar\AppData\Local\Temp




Periodic native trim disabled

---------------  S Y S T E M  ---------------

OS:
 Windows 11 , 64 bit Build 26100 (10.0.26100.7019)
OS uptime: 2 days 15:36 hours
Hyper-V role detected

CPU: total 16 (initial active 16) (16 cores per cpu, 2 threads per core) family 25 model 80 stepping 0 microcode 0xa50000f, cx8, cmov, fxsr, ht, mmx, 3dnowpref, sse, sse2, sse3, ssse3, sse4a, sse4.1, sse4.2, popcnt, lzcnt, tsc, tscinvbit, avx, avx2, aes, erms, clmul, bmi1, bmi2, adx, sha, fma, vzeroupper, clflush, clflushopt, hv, rdtscp, rdpid, fsrm, f16c, cet_ss
Processor Information for the first 16 processors :
  Max Mhz: 2000, Current Mhz: 2000, Mhz Limit: 2000

Memory: 4k page, system-wide physical 15228M (688M free)
TotalPageFile size 62332M (AvailPageFile size 38M)
current process WorkingSet (physical memory assigned to process): 16M, peak: 790M
current process commit charge ("private bytes"): 1053M, peak: 1061M

vm_info: OpenJDK 64-Bit Server VM (21.0.9+10-LTS) for windows-amd64 JRE (21.0.9+10-LTS), built on 2025-10-21T00:00:00Z by "admin" with unknown MS VC++:1942

END.
