#
# A fatal error has been detected by the Java Runtime Environment:
#
#  EXCEPTION_ACCESS_VIOLATION (0xc0000005) at pc=0x0000000180005156, pid=36136, tid=0x0000000000008738
#
# JRE version: OpenJDK Runtime Environment (8.0_412-b08) (build 1.8.0_412-412-b08)
# Java VM: OpenJDK 64-Bit Server VM (25.412-b08 mixed mode windows-amd64 compressed oops)
# Problematic frame:
# C  [rxtxSerial.dll+0x5156]
#
# Failed to write core dump. Minidumps are not enabled by default on client versions of Windows
#
# If you would like to submit a bug report, please visit:
#   http://bugreport.java.com/bugreport/crash.jsp
# The crash happened outside the Java Virtual Machine in native code.
# See problematic frame for where to report the bug.
#

---------------  T H R E A D  ---------------

Current thread (0x000001a477c6d000):  JavaThread "AWT-EventQueue-0" [_thread_in_native, id=34616, stack(0x00000079f8a00000,0x00000079f8b00000)]

siginfo: ExceptionCode=0xc0000005, reading address 0xfffffffff70ff398

Registers:
RAX=0x00000000f70ff390, RBX=0x0000000000000001, RCX=0x000000018001d4d5, RDX=0xfffffffffffff665
RSP=0x00000079f8af1a40, RBP=0x000001a477c6d260, RSI=0x0000000000000000, RDI=0x0000000000000000
R8 =0x0000000000000002, R9 =0xfffffffffffff63c, R10=0x0000000000000294, R11=0x8101010101010100
R12=0xfffffffff70ff390, R13=0x000001a47d5b7188, R14=0x00000079f8af1b90, R15=0x0000000000000064
RIP=0x0000000180005156, EFLAGS=0x0000000000010206

Top of Stack: (sp=0x00000079f8af1a40)
0x00000079f8af1a40:   00000079f8af1b90 000001a477c6d260
0x00000079f8af1a50:   0000000000000000 0000000000000000
0x00000079f8af1a60:   00000000f8af1b70 0000000000000001
0x00000079f8af1a70:   00000079f8af1aa0 0000000000000000
0x00000079f8af1a80:   000001a47d5b7190 000001a475597418
0x00000079f8af1a90:   000001a47d5b7190 000001a477c6d000
0x00000079f8af1aa0:   000001a47d5b7190 000001a477c6d000
0x00000079f8af1ab0:   0000133effc2f550 0000000000001878
0x00000079f8af1ac0:   000001a477c6d000 00000079f8af1b90
0x00000079f8af1ad0:   000001a47d5b7188 0000000000000000
0x00000079f8af1ae0:   000001a4610480bd 0000000000001878
0x00000079f8af1af0:   00000079f8af1b70 000001a461059c8e
0x00000079f8af1b00:   000001a47d5b7190 00000079f8af1b70
0x00000079f8af1b10:   000001a47d5b7190 000001a477c6d000
0x00000079f8af1b20:   00000079f8af1c40 000001a461059942
0x00000079f8af1b30:   00000079f8af1b30 000001a47d5b7188 

Instructions: (pc=0x0000000180005156)
0x0000000180005136:   8d 05 d4 79 01 00 48 8b d3 48 8b cd 44 8b f8 89
0x0000000180005146:   7c 24 24 8b f7 e8 c0 e6 ff ff 8d 5f 01 4c 63 e0
0x0000000180005156:   45 8b 74 24 08 41 89 7c 24 08 45 85 ff 78 0b ff
0x0000000180005166:   15 95 1e 01 00 89 44 24 24 90 8b ce ff c6 83 f9 


Register to memory mapping:

RAX=0x00000000f70ff390 is an unallocated location in the heap
RBX=0x0000000000000001 is an unknown value
RCX=0x000000018001d4d5 is an unknown value
RDX=0xfffffffffffff665 is an unknown value
RSP=0x00000079f8af1a40 is pointing into the stack for thread: 0x000001a477c6d000
RBP=0x000001a477c6d260 is an unknown value
RSI=0x0000000000000000 is an unknown value
RDI=0x0000000000000000 is an unknown value
R8 =0x0000000000000002 is an unknown value
R9 =0xfffffffffffff63c is an unknown value
R10=0x0000000000000294 is an unknown value
R11=0x8101010101010100 is an unknown value
R12=0xfffffffff70ff390 is an unknown value
R13=0x000001a47d5b7188 is pointing into metadata
R14=0x00000079f8af1b90 is pointing into the stack for thread: 0x000001a477c6d000
R15=0x0000000000000064 is an unknown value


Stack: [0x00000079f8a00000,0x00000079f8b00000],  sp=0x00000079f8af1a40,  free space=966k
Native frames: (J=compiled Java code, j=interpreted, Vv=VM code, C=native code)
C  [rxtxSerial.dll+0x5156]
C  0x000001a461059c8e

Java frames: (J=compiled Java code, j=interpreted, Vv=VM code)
j  gnu.io.RXTXPort.readByte()I+0
j  gnu.io.RXTXPort$SerialInputStream.read()I+81
j  org.soltelec.procesosbanco.BancoSensors.enviarMensaje(Lorg/soltelec/util/Mensaje;)Lorg/soltelec/util/Mensaje;+148
j  org.soltelec.procesosbanco.BancoSensors.numeroSerial()Ljava/lang/String;+29
j  org.soltelec.procesosbanco.PanelServicioBanco$manejadorConectar.actionPerformed(Ljava/awt/event/ActionEvent;)V+802
j  javax.swing.AbstractButton.fireActionPerformed(Ljava/awt/event/ActionEvent;)V+83
j  javax.swing.AbstractButton$Handler.actionPerformed(Ljava/awt/event/ActionEvent;)V+5
j  javax.swing.DefaultButtonModel.fireActionPerformed(Ljava/awt/event/ActionEvent;)V+34
j  javax.swing.DefaultButtonModel.setPressed(Z)V+117
j  javax.swing.plaf.basic.BasicButtonListener.mouseReleased(Ljava/awt/event/MouseEvent;)V+35
j  java.awt.Component.processMouseEvent(Ljava/awt/event/MouseEvent;)V+64
j  javax.swing.JComponent.processMouseEvent(Ljava/awt/event/MouseEvent;)V+23
J 4387 C1 java.awt.Component.processEvent(Ljava/awt/AWTEvent;)V (220 bytes) @ 0x000001a4619a6f44 [0x000001a4619a6a20+0x524]
J 3880 C1 java.awt.Container.processEvent(Ljava/awt/AWTEvent;)V (22 bytes) @ 0x000001a461adc7cc [0x000001a461adc4a0+0x32c]
J 2779 C1 java.awt.Component.dispatchEventImpl(Ljava/awt/AWTEvent;)V (921 bytes) @ 0x000001a461832c64 [0x000001a46182d780+0x54e4]
J 2674 C1 java.awt.Container.dispatchEventImpl(Ljava/awt/AWTEvent;)V (129 bytes) @ 0x000001a4617e2844 [0x000001a4617e2700+0x144]
J 3463 C1 java.awt.LightweightDispatcher.retargetMouseEvent(Ljava/awt/Component;ILjava/awt/event/MouseEvent;)V (372 bytes) @ 0x000001a461960dd4 [0x000001a46195e5c0+0x2814]
J 3359 C1 java.awt.LightweightDispatcher.processMouseEvent(Ljava/awt/event/MouseEvent;)Z (286 bytes) @ 0x000001a46180cae4 [0x000001a46180b3c0+0x1724]
J 2799 C1 java.awt.LightweightDispatcher.dispatchEvent(Ljava/awt/AWTEvent;)Z (73 bytes) @ 0x000001a46184377c [0x000001a461843340+0x43c]
J 2674 C1 java.awt.Container.dispatchEventImpl(Ljava/awt/AWTEvent;)V (129 bytes) @ 0x000001a4617e27e4 [0x000001a4617e2700+0xe4]
J 2730 C1 java.awt.Window.dispatchEventImpl(Ljava/awt/AWTEvent;)V (23 bytes) @ 0x000001a46120eae4 [0x000001a46120e500+0x5e4]
J 2671 C1 java.awt.EventQueue.dispatchEventImpl(Ljava/awt/AWTEvent;Ljava/lang/Object;)V (149 bytes) @ 0x000001a4617ded3c [0x000001a4617dd500+0x183c]
J 2669 C1 java.awt.EventQueue$3.run()Ljava/lang/Void; (60 bytes) @ 0x000001a4617dcccc [0x000001a4617dcac0+0x20c]
J 2668 C1 java.awt.EventQueue$3.run()Ljava/lang/Object; (5 bytes) @ 0x000001a4617d838c [0x000001a4617d8300+0x8c]
v  ~StubRoutines::call_stub
J 606  java.security.AccessController.doPrivileged(Ljava/security/PrivilegedAction;Ljava/security/AccessControlContext;)Ljava/lang/Object; (0 bytes) @ 0x000001a4612a78a6 [0x000001a4612a7840+0x66]
J 2726 C1 java.awt.EventQueue$4.run()Ljava/lang/Object; (5 bytes) @ 0x000001a46115826c [0x000001a461157e40+0x42c]
v  ~StubRoutines::call_stub
J 606  java.security.AccessController.doPrivileged(Ljava/security/PrivilegedAction;Ljava/security/AccessControlContext;)Ljava/lang/Object; (0 bytes) @ 0x000001a4612a78a6 [0x000001a4612a7840+0x66]
J 1040 C1 java.awt.EventQueue.dispatchEvent(Ljava/awt/AWTEvent;)V (80 bytes) @ 0x000001a4613c82fc [0x000001a4613c7480+0xe7c]
J 1042 C1 java.awt.EventDispatchThread.pumpOneEventForFilters(I)V (190 bytes) @ 0x000001a4613caa4c [0x000001a4613c9900+0x114c]
j  java.awt.EventDispatchThread.pumpEventsForFilter(ILjava/awt/Conditional;Ljava/awt/EventFilter;)V+35
j  java.awt.EventDispatchThread.pumpEventsForFilter(Ljava/awt/Conditional;Ljava/awt/EventFilter;)V+4
j  java.awt.WaitDispatchSupport$2.run()V+59
j  java.awt.WaitDispatchSupport$4.run()Ljava/lang/Void;+4
j  java.awt.WaitDispatchSupport$4.run()Ljava/lang/Object;+1
v  ~StubRoutines::call_stub
J 564  java.security.AccessController.doPrivileged(Ljava/security/PrivilegedAction;)Ljava/lang/Object; (0 bytes) @ 0x000001a461292bd2 [0x000001a461292b80+0x52]
j  java.awt.WaitDispatchSupport.enter()Z+325
j  java.awt.Dialog.show()V+233
j  java.awt.Component.show(Z)V+5
j  java.awt.Component.setVisible(Z)V+2
j  java.awt.Window.setVisible(Z)V+2
j  java.awt.Dialog.setVisible(Z)V+2
j  org.soltelec.principal.PanelBotonesPrincipal.actionPerformed(Ljava/awt/event/ActionEvent;)V+182
j  javax.swing.AbstractButton.fireActionPerformed(Ljava/awt/event/ActionEvent;)V+83
j  javax.swing.AbstractButton$Handler.actionPerformed(Ljava/awt/event/ActionEvent;)V+5
j  javax.swing.DefaultButtonModel.fireActionPerformed(Ljava/awt/event/ActionEvent;)V+34
j  javax.swing.DefaultButtonModel.setPressed(Z)V+117
j  javax.swing.plaf.basic.BasicButtonListener.mouseReleased(Ljava/awt/event/MouseEvent;)V+35
j  java.awt.Component.processMouseEvent(Ljava/awt/event/MouseEvent;)V+64
j  javax.swing.JComponent.processMouseEvent(Ljava/awt/event/MouseEvent;)V+23
J 4387 C1 java.awt.Component.processEvent(Ljava/awt/AWTEvent;)V (220 bytes) @ 0x000001a4619a6f44 [0x000001a4619a6a20+0x524]
J 3880 C1 java.awt.Container.processEvent(Ljava/awt/AWTEvent;)V (22 bytes) @ 0x000001a461adc7cc [0x000001a461adc4a0+0x32c]
J 2779 C1 java.awt.Component.dispatchEventImpl(Ljava/awt/AWTEvent;)V (921 bytes) @ 0x000001a461832c64 [0x000001a46182d780+0x54e4]
J 2674 C1 java.awt.Container.dispatchEventImpl(Ljava/awt/AWTEvent;)V (129 bytes) @ 0x000001a4617e2844 [0x000001a4617e2700+0x144]
J 3463 C1 java.awt.LightweightDispatcher.retargetMouseEvent(Ljava/awt/Component;ILjava/awt/event/MouseEvent;)V (372 bytes) @ 0x000001a461960dd4 [0x000001a46195e5c0+0x2814]
J 3359 C1 java.awt.LightweightDispatcher.processMouseEvent(Ljava/awt/event/MouseEvent;)Z (286 bytes) @ 0x000001a46180cae4 [0x000001a46180b3c0+0x1724]
J 2799 C1 java.awt.LightweightDispatcher.dispatchEvent(Ljava/awt/AWTEvent;)Z (73 bytes) @ 0x000001a46184377c [0x000001a461843340+0x43c]
J 2674 C1 java.awt.Container.dispatchEventImpl(Ljava/awt/AWTEvent;)V (129 bytes) @ 0x000001a4617e27e4 [0x000001a4617e2700+0xe4]
J 2730 C1 java.awt.Window.dispatchEventImpl(Ljava/awt/AWTEvent;)V (23 bytes) @ 0x000001a46120eae4 [0x000001a46120e500+0x5e4]
J 2671 C1 java.awt.EventQueue.dispatchEventImpl(Ljava/awt/AWTEvent;Ljava/lang/Object;)V (149 bytes) @ 0x000001a4617ded3c [0x000001a4617dd500+0x183c]
J 2669 C1 java.awt.EventQueue$3.run()Ljava/lang/Void; (60 bytes) @ 0x000001a4617dcccc [0x000001a4617dcac0+0x20c]
J 2668 C1 java.awt.EventQueue$3.run()Ljava/lang/Object; (5 bytes) @ 0x000001a4617d838c [0x000001a4617d8300+0x8c]
v  ~StubRoutines::call_stub
J 606  java.security.AccessController.doPrivileged(Ljava/security/PrivilegedAction;Ljava/security/AccessControlContext;)Ljava/lang/Object; (0 bytes) @ 0x000001a4612a78a6 [0x000001a4612a7840+0x66]
J 2726 C1 java.awt.EventQueue$4.run()Ljava/lang/Object; (5 bytes) @ 0x000001a46115826c [0x000001a461157e40+0x42c]
v  ~StubRoutines::call_stub
J 606  java.security.AccessController.doPrivileged(Ljava/security/PrivilegedAction;Ljava/security/AccessControlContext;)Ljava/lang/Object; (0 bytes) @ 0x000001a4612a78a6 [0x000001a4612a7840+0x66]
J 1040 C1 java.awt.EventQueue.dispatchEvent(Ljava/awt/AWTEvent;)V (80 bytes) @ 0x000001a4613c82fc [0x000001a4613c7480+0xe7c]
J 1042 C1 java.awt.EventDispatchThread.pumpOneEventForFilters(I)V (190 bytes) @ 0x000001a4613caa4c [0x000001a4613c9900+0x114c]
j  java.awt.EventDispatchThread.pumpEventsForFilter(ILjava/awt/Conditional;Ljava/awt/EventFilter;)V+35
j  java.awt.EventDispatchThread.pumpEventsForFilter(Ljava/awt/Conditional;Ljava/awt/EventFilter;)V+4
j  java.awt.WaitDispatchSupport$2.run()V+59
j  java.awt.WaitDispatchSupport$4.run()Ljava/lang/Void;+4
j  java.awt.WaitDispatchSupport$4.run()Ljava/lang/Object;+1
v  ~StubRoutines::call_stub
J 564  java.security.AccessController.doPrivileged(Ljava/security/PrivilegedAction;)Ljava/lang/Object; (0 bytes) @ 0x000001a461292bd2 [0x000001a461292b80+0x52]
j  java.awt.WaitDispatchSupport.enter()Z+325
j  java.awt.Dialog.show()V+233
j  java.awt.Component.show(Z)V+5
j  java.awt.Component.setVisible(Z)V+2
j  java.awt.Window.setVisible(Z)V+2
j  java.awt.Dialog.setVisible(Z)V+2
j  com.soltelec.igrafica.Frm_UICentral.iniciarProgramaServicio()V+48
j  com.soltelec.igrafica.Frm_UICentral.btnServicioGasesActionPerformed(Ljava/awt/event/ActionEvent;)V+12
j  com.soltelec.igrafica.Frm_UICentral.access$3500(Lcom/soltelec/igrafica/Frm_UICentral;Ljava/awt/event/ActionEvent;)V+2
j  com.soltelec.igrafica.Frm_UICentral$14.actionPerformed(Ljava/awt/event/ActionEvent;)V+5
j  javax.swing.AbstractButton.fireActionPerformed(Ljava/awt/event/ActionEvent;)V+83
j  javax.swing.AbstractButton$Handler.actionPerformed(Ljava/awt/event/ActionEvent;)V+5
j  javax.swing.DefaultButtonModel.fireActionPerformed(Ljava/awt/event/ActionEvent;)V+34
j  javax.swing.DefaultButtonModel.setPressed(Z)V+117
j  javax.swing.plaf.basic.BasicButtonListener.mouseReleased(Ljava/awt/event/MouseEvent;)V+35
j  java.awt.Component.processMouseEvent(Ljava/awt/event/MouseEvent;)V+64
j  javax.swing.JComponent.processMouseEvent(Ljava/awt/event/MouseEvent;)V+23
J 3881 C1 java.awt.Component.processEvent(Ljava/awt/AWTEvent;)V (220 bytes) @ 0x000001a461aeca04 [0x000001a461aec4e0+0x524]
J 3880 C1 java.awt.Container.processEvent(Ljava/awt/AWTEvent;)V (22 bytes) @ 0x000001a461adc7cc [0x000001a461adc4a0+0x32c]
J 2779 C1 java.awt.Component.dispatchEventImpl(Ljava/awt/AWTEvent;)V (921 bytes) @ 0x000001a461832c64 [0x000001a46182d780+0x54e4]
J 2674 C1 java.awt.Container.dispatchEventImpl(Ljava/awt/AWTEvent;)V (129 bytes) @ 0x000001a4617e2844 [0x000001a4617e2700+0x144]
J 3463 C1 java.awt.LightweightDispatcher.retargetMouseEvent(Ljava/awt/Component;ILjava/awt/event/MouseEvent;)V (372 bytes) @ 0x000001a461960dd4 [0x000001a46195e5c0+0x2814]
J 3359 C1 java.awt.LightweightDispatcher.processMouseEvent(Ljava/awt/event/MouseEvent;)Z (286 bytes) @ 0x000001a46180cae4 [0x000001a46180b3c0+0x1724]
J 2799 C1 java.awt.LightweightDispatcher.dispatchEvent(Ljava/awt/AWTEvent;)Z (73 bytes) @ 0x000001a46184377c [0x000001a461843340+0x43c]
J 2674 C1 java.awt.Container.dispatchEventImpl(Ljava/awt/AWTEvent;)V (129 bytes) @ 0x000001a4617e27e4 [0x000001a4617e2700+0xe4]
J 2730 C1 java.awt.Window.dispatchEventImpl(Ljava/awt/AWTEvent;)V (23 bytes) @ 0x000001a46120eae4 [0x000001a46120e500+0x5e4]
J 2671 C1 java.awt.EventQueue.dispatchEventImpl(Ljava/awt/AWTEvent;Ljava/lang/Object;)V (149 bytes) @ 0x000001a4617ded3c [0x000001a4617dd500+0x183c]
J 2669 C1 java.awt.EventQueue$3.run()Ljava/lang/Void; (60 bytes) @ 0x000001a4617dcccc [0x000001a4617dcac0+0x20c]
J 2668 C1 java.awt.EventQueue$3.run()Ljava/lang/Object; (5 bytes) @ 0x000001a4617d838c [0x000001a4617d8300+0x8c]
v  ~StubRoutines::call_stub
J 606  java.security.AccessController.doPrivileged(Ljava/security/PrivilegedAction;Ljava/security/AccessControlContext;)Ljava/lang/Object; (0 bytes) @ 0x000001a4612a78a6 [0x000001a4612a7840+0x66]
J 2726 C1 java.awt.EventQueue$4.run()Ljava/lang/Object; (5 bytes) @ 0x000001a46115826c [0x000001a461157e40+0x42c]
v  ~StubRoutines::call_stub
J 606  java.security.AccessController.doPrivileged(Ljava/security/PrivilegedAction;Ljava/security/AccessControlContext;)Ljava/lang/Object; (0 bytes) @ 0x000001a4612a78a6 [0x000001a4612a7840+0x66]
J 1040 C1 java.awt.EventQueue.dispatchEvent(Ljava/awt/AWTEvent;)V (80 bytes) @ 0x000001a4613c82fc [0x000001a4613c7480+0xe7c]
J 1042 C1 java.awt.EventDispatchThread.pumpOneEventForFilters(I)V (190 bytes) @ 0x000001a4613caa4c [0x000001a4613c9900+0x114c]
j  java.awt.EventDispatchThread.pumpEventsForFilter(ILjava/awt/Conditional;Ljava/awt/EventFilter;)V+35
j  java.awt.EventDispatchThread.pumpEventsForFilter(Ljava/awt/Conditional;Ljava/awt/EventFilter;)V+4
j  java.awt.WaitDispatchSupport$2.run()V+59
j  java.awt.WaitDispatchSupport$4.run()Ljava/lang/Void;+4
j  java.awt.WaitDispatchSupport$4.run()Ljava/lang/Object;+1
v  ~StubRoutines::call_stub
J 564  java.security.AccessController.doPrivileged(Ljava/security/PrivilegedAction;)Ljava/lang/Object; (0 bytes) @ 0x000001a461292bd2 [0x000001a461292b80+0x52]
j  java.awt.WaitDispatchSupport.enter()Z+325
j  java.awt.Dialog.show()V+233
j  java.awt.Component.show(Z)V+5
j  java.awt.Component.setVisible(Z)V+2
j  java.awt.Window.setVisible(Z)V+2
j  java.awt.Dialog.setVisible(Z)V+2
j  com.soltelec.igrafica.FrmLogin.btn_ingresarActionPerformed(Ljava/awt/event/ActionEvent;)V+504
j  com.soltelec.igrafica.FrmLogin.access$000(Lcom/soltelec/igrafica/FrmLogin;Ljava/awt/event/ActionEvent;)V+2
j  com.soltelec.igrafica.FrmLogin$1.actionPerformed(Ljava/awt/event/ActionEvent;)V+5
j  javax.swing.AbstractButton.fireActionPerformed(Ljava/awt/event/ActionEvent;)V+83
j  javax.swing.AbstractButton$Handler.actionPerformed(Ljava/awt/event/ActionEvent;)V+5
j  javax.swing.DefaultButtonModel.fireActionPerformed(Ljava/awt/event/ActionEvent;)V+34
j  javax.swing.DefaultButtonModel.setPressed(Z)V+117
j  javax.swing.plaf.basic.BasicButtonListener.mouseReleased(Ljava/awt/event/MouseEvent;)V+35
j  java.awt.Component.processMouseEvent(Ljava/awt/event/MouseEvent;)V+64
j  javax.swing.JComponent.processMouseEvent(Ljava/awt/event/MouseEvent;)V+23
j  java.awt.Component.processEvent(Ljava/awt/AWTEvent;)V+81
j  java.awt.Container.processEvent(Ljava/awt/AWTEvent;)V+18
J 2779 C1 java.awt.Component.dispatchEventImpl(Ljava/awt/AWTEvent;)V (921 bytes) @ 0x000001a461832c64 [0x000001a46182d780+0x54e4]
J 2674 C1 java.awt.Container.dispatchEventImpl(Ljava/awt/AWTEvent;)V (129 bytes) @ 0x000001a4617e2844 [0x000001a4617e2700+0x144]
J 2744 C1 java.awt.Component.dispatchEvent(Ljava/awt/AWTEvent;)V (6 bytes) @ 0x000001a4611a0a44 [0x000001a4611a0940+0x104]
j  java.awt.LightweightDispatcher.retargetMouseEvent(Ljava/awt/Component;ILjava/awt/event/MouseEvent;)V+349
J 2777 C1 java.awt.LightweightDispatcher.processMouseEvent(Ljava/awt/event/MouseEvent;)Z (286 bytes) @ 0x000001a46182b1ac [0x000001a461829a80+0x172c]
J 2799 C1 java.awt.LightweightDispatcher.dispatchEvent(Ljava/awt/AWTEvent;)Z (73 bytes) @ 0x000001a46184377c [0x000001a461843340+0x43c]
J 2674 C1 java.awt.Container.dispatchEventImpl(Ljava/awt/AWTEvent;)V (129 bytes) @ 0x000001a4617e27e4 [0x000001a4617e2700+0xe4]
J 2730 C1 java.awt.Window.dispatchEventImpl(Ljava/awt/AWTEvent;)V (23 bytes) @ 0x000001a46120eae4 [0x000001a46120e500+0x5e4]
J 2671 C1 java.awt.EventQueue.dispatchEventImpl(Ljava/awt/AWTEvent;Ljava/lang/Object;)V (149 bytes) @ 0x000001a4617ded3c [0x000001a4617dd500+0x183c]
J 2669 C1 java.awt.EventQueue$3.run()Ljava/lang/Void; (60 bytes) @ 0x000001a4617dcccc [0x000001a4617dcac0+0x20c]
J 2668 C1 java.awt.EventQueue$3.run()Ljava/lang/Object; (5 bytes) @ 0x000001a4617d838c [0x000001a4617d8300+0x8c]
v  ~StubRoutines::call_stub
J 606  java.security.AccessController.doPrivileged(Ljava/security/PrivilegedAction;Ljava/security/AccessControlContext;)Ljava/lang/Object; (0 bytes) @ 0x000001a4612a78a6 [0x000001a4612a7840+0x66]
J 2726 C1 java.awt.EventQueue$4.run()Ljava/lang/Object; (5 bytes) @ 0x000001a46115826c [0x000001a461157e40+0x42c]
v  ~StubRoutines::call_stub
J 606  java.security.AccessController.doPrivileged(Ljava/security/PrivilegedAction;Ljava/security/AccessControlContext;)Ljava/lang/Object; (0 bytes) @ 0x000001a4612a78a6 [0x000001a4612a7840+0x66]
J 1040 C1 java.awt.EventQueue.dispatchEvent(Ljava/awt/AWTEvent;)V (80 bytes) @ 0x000001a4613c82fc [0x000001a4613c7480+0xe7c]
J 1042 C1 java.awt.EventDispatchThread.pumpOneEventForFilters(I)V (190 bytes) @ 0x000001a4613caa4c [0x000001a4613c9900+0x114c]
j  java.awt.EventDispatchThread.pumpEventsForFilter(ILjava/awt/Conditional;Ljava/awt/EventFilter;)V+35
j  java.awt.EventDispatchThread.pumpEventsForHierarchy(ILjava/awt/Conditional;Ljava/awt/Component;)V+11
j  java.awt.EventDispatchThread.pumpEvents(ILjava/awt/Conditional;)V+4
j  java.awt.EventDispatchThread.pumpEvents(Ljava/awt/Conditional;)V+3
j  java.awt.EventDispatchThread.run()V+9
v  ~StubRoutines::call_stub

---------------  P R O C E S S  ---------------

Java Threads: ( => current thread )
  0x000001a4797c0000 JavaThread "SwingWorker-pool-2-thread-2" daemon [_thread_blocked, id=33164, stack(0x00000079f7100000,0x00000079f7200000)]
  0x000001a4797be800 JavaThread "Thread-6" [_thread_in_native, id=6920, stack(0x00000079f7000000,0x00000079f7100000)]
  0x000001a4797c1000 JavaThread "SwingWorker-pool-2-thread-1" daemon [_thread_blocked, id=36900, stack(0x00000079f9300000,0x00000079f9400000)]
  0x000001a477b53000 JavaThread "mysql-cj-abandoned-connection-cleanup" daemon [_thread_blocked, id=9592, stack(0x00000079f9000000,0x00000079f9100000)]
  0x000001a478ef2000 JavaThread "TimerQueue" daemon [_thread_blocked, id=39652, stack(0x00000079f8f00000,0x00000079f9000000)]
  0x000001a45f456800 JavaThread "DestroyJavaVM" [_thread_blocked, id=37632, stack(0x00000079f7300000,0x00000079f7400000)]
=>0x000001a477c6d000 JavaThread "AWT-EventQueue-0" [_thread_in_native, id=34616, stack(0x00000079f8a00000,0x00000079f8b00000)]
  0x000001a477cb9800 JavaThread "AWT-Windows" daemon [_thread_in_native, id=35376, stack(0x00000079f8900000,0x00000079f8a00000)]
  0x000001a477cb8800 JavaThread "AWT-Shutdown" [_thread_blocked, id=36364, stack(0x00000079f8800000,0x00000079f8900000)]
  0x000001a477cb8000 JavaThread "Java2D Disposer" daemon [_thread_blocked, id=23856, stack(0x00000079f8700000,0x00000079f8800000)]
  0x000001a4755fe800 JavaThread "Service Thread" daemon [_thread_blocked, id=30336, stack(0x00000079f8500000,0x00000079f8600000)]
  0x000001a475596000 JavaThread "C1 CompilerThread3" daemon [_thread_blocked, id=9652, stack(0x00000079f8400000,0x00000079f8500000)]
  0x000001a475594000 JavaThread "C2 CompilerThread2" daemon [_thread_blocked, id=39624, stack(0x00000079f8300000,0x00000079f8400000)]
  0x000001a47558f000 JavaThread "C2 CompilerThread1" daemon [_thread_blocked, id=34796, stack(0x00000079f8200000,0x00000079f8300000)]
  0x000001a47558e800 JavaThread "C2 CompilerThread0" daemon [_thread_blocked, id=39176, stack(0x00000079f8100000,0x00000079f8200000)]
  0x000001a475588800 JavaThread "Attach Listener" daemon [_thread_blocked, id=39628, stack(0x00000079f8000000,0x00000079f8100000)]
  0x000001a475587800 JavaThread "Signal Dispatcher" daemon [_thread_blocked, id=10036, stack(0x00000079f7f00000,0x00000079f8000000)]
  0x000001a47555b800 JavaThread "Finalizer" daemon [_thread_blocked, id=35284, stack(0x00000079f7e00000,0x00000079f7f00000)]
  0x000001a475554800 JavaThread "Reference Handler" daemon [_thread_blocked, id=39188, stack(0x00000079f7d00000,0x00000079f7e00000)]

Other Threads:
  0x000001a47552b000 VMThread [stack: 0x00000079f7c00000,0x00000079f7d00000] [id=30736]
  0x000001a47741d800 WatcherThread [stack: 0x00000079f8600000,0x00000079f8700000] [id=36796]

VM state:not at safepoint (normal execution)

VM Mutex/Monitor currently owned by a thread: None

heap address: 0x0000000084c00000, size: 1972 MB, Compressed Oops mode: 32-bit
Narrow klass base: 0x0000000000000000, Narrow klass shift: 3
Compressed class space size: 1073741824 Address: 0x0000000100000000

Heap:
 PSYoungGen      total 128512K, used 13352K [0x00000000d6f00000, 0x00000000e1680000, 0x0000000100000000)
  eden space 119296K, 11% used [0x00000000d6f00000,0x00000000d7c0a0c8,0x00000000de380000)
  from space 9216K, 0% used [0x00000000de380000,0x00000000de380000,0x00000000dec80000)
  to   space 26112K, 0% used [0x00000000dfd00000,0x00000000dfd00000,0x00000000e1680000)
 ParOldGen       total 83968K, used 24117K [0x0000000084c00000, 0x0000000089e00000, 0x00000000d6f00000)
  object space 83968K, 28% used [0x0000000084c00000,0x000000008638d4f8,0x0000000089e00000)
 Metaspace       used 40600K, capacity 40996K, committed 41560K, reserved 1085440K
  class space    used 5022K, capacity 5145K, committed 5208K, reserved 1048576K

Card table byte_map: [0x000001a470400000,0x000001a4707e0000] byte_map_base: 0x000001a46ffda000

Marking Bits: (ParMarkBitMap*) 0x000000006842d850
 Begin Bits: [0x000001a470a80000, 0x000001a472950000)
 End Bits:   [0x000001a472950000, 0x000001a474820000)

Polling page: 0x000001a460e40000

CodeCache: size=245760Kb used=12402Kb max_used=12411Kb free=233357Kb
 bounds [0x000001a461040000, 0x000001a461c80000, 0x000001a470040000]
 total_blobs=4837 nmethods=4090 adapters=657
 compilation: enabled

Compilation events (10 events):
Event: 74.465 Thread 0x000001a475596000 nmethod 4623 0x000001a461c69fd0 code [0x000001a461c6a180, 0x000001a461c6a830]
Event: 74.466 Thread 0x000001a475596000 4624       3       java.beans.PropertyChangeEvent::<init> (22 bytes)
Event: 74.466 Thread 0x000001a475596000 nmethod 4624 0x000001a461c69950 code [0x000001a461c69ae0, 0x000001a461c69e50]
Event: 74.467 Thread 0x000001a475596000 4625       3       javax.swing.SortingFocusTraversalPolicy::enumerateCycle (129 bytes)
Event: 74.468 Thread 0x000001a475596000 nmethod 4625 0x000001a461c6da50 code [0x000001a461c6dc80, 0x000001a461c6ee40]
Event: 74.468 Thread 0x000001a475596000 4627       3       java.io.Writer::write (11 bytes)
Event: 74.469 Thread 0x000001a475596000 nmethod 4627 0x000001a461c6d490 code [0x000001a461c6d600, 0x000001a461c6d910]
Event: 74.469 Thread 0x000001a475596000 4626       3       java.awt.Component::getRecursivelyVisibleBounds (33 bytes)
Event: 74.470 Thread 0x000001a475596000 nmethod 4626 0x000001a46121da10 code [0x000001a46121dc40, 0x000001a46121eba0]
Event: 74.471 Thread 0x000001a475596000 4629   !   3       java.nio.charset.CharsetEncoder::encode (285 bytes)

GC Heap History (10 events):
Event: 18.142 GC heap before
{Heap before GC invocations=6 (full 1):
 PSYoungGen      total 67584K, used 56793K [0x00000000d6f00000, 0x00000000db700000, 0x0000000100000000)
  eden space 62464K, 82% used [0x00000000d6f00000,0x00000000da179d90,0x00000000dac00000)
  from space 5120K, 99% used [0x00000000db200000,0x00000000db6fc998,0x00000000db700000)
  to   space 5120K, 0% used [0x00000000dad00000,0x00000000dad00000,0x00000000db200000)
 ParOldGen       total 79872K, used 16042K [0x0000000084c00000, 0x0000000089a00000, 0x00000000d6f00000)
  object space 79872K, 20% used [0x0000000084c00000,0x0000000085baabe0,0x0000000089a00000)
 Metaspace       used 34702K, capacity 35016K, committed 35416K, reserved 1081344K
  class space    used 4261K, capacity 4375K, committed 4440K, reserved 1048576K
Event: 18.148 GC heap after
Heap after GC invocations=6 (full 1):
 PSYoungGen      total 68608K, used 5089K [0x00000000d6f00000, 0x00000000e2080000, 0x0000000100000000)
  eden space 63488K, 0% used [0x00000000d6f00000,0x00000000d6f00000,0x00000000dad00000)
  from space 5120K, 99% used [0x00000000dad00000,0x00000000db1f8500,0x00000000db200000)
  to   space 30208K, 0% used [0x00000000e0300000,0x00000000e0300000,0x00000000e2080000)
 ParOldGen       total 79872K, used 19259K [0x0000000084c00000, 0x0000000089a00000, 0x00000000d6f00000)
  object space 79872K, 24% used [0x0000000084c00000,0x0000000085ecefc0,0x0000000089a00000)
 Metaspace       used 34702K, capacity 35016K, committed 35416K, reserved 1081344K
  class space    used 4261K, capacity 4375K, committed 4440K, reserved 1048576K
}
Event: 18.148 GC heap before
{Heap before GC invocations=7 (full 2):
 PSYoungGen      total 68608K, used 5089K [0x00000000d6f00000, 0x00000000e2080000, 0x0000000100000000)
  eden space 63488K, 0% used [0x00000000d6f00000,0x00000000d6f00000,0x00000000dad00000)
  from space 5120K, 99% used [0x00000000dad00000,0x00000000db1f8500,0x00000000db200000)
  to   space 30208K, 0% used [0x00000000e0300000,0x00000000e0300000,0x00000000e2080000)
 ParOldGen       total 79872K, used 19259K [0x0000000084c00000, 0x0000000089a00000, 0x00000000d6f00000)
  object space 79872K, 24% used [0x0000000084c00000,0x0000000085ecefc0,0x0000000089a00000)
 Metaspace       used 34702K, capacity 35016K, committed 35416K, reserved 1081344K
  class space    used 4261K, capacity 4375K, committed 4440K, reserved 1048576K
Event: 18.188 GC heap after
Heap after GC invocations=7 (full 2):
 PSYoungGen      total 68608K, used 0K [0x00000000d6f00000, 0x00000000e2080000, 0x0000000100000000)
  eden space 63488K, 0% used [0x00000000d6f00000,0x00000000d6f00000,0x00000000dad00000)
  from space 5120K, 0% used [0x00000000dad00000,0x00000000dad00000,0x00000000db200000)
  to   space 30208K, 0% used [0x00000000e0300000,0x00000000e0300000,0x00000000e2080000)
 ParOldGen       total 83968K, used 21585K [0x0000000084c00000, 0x0000000089e00000, 0x00000000d6f00000)
  object space 83968K, 25% used [0x0000000084c00000,0x00000000861146d0,0x0000000089e00000)
 Metaspace       used 34702K, capacity 35016K, committed 35416K, reserved 1081344K
  class space    used 4261K, capacity 4375K, committed 4440K, reserved 1048576K
}
Event: 58.758 GC heap before
{Heap before GC invocations=8 (full 2):
 PSYoungGen      total 68608K, used 63488K [0x00000000d6f00000, 0x00000000e2080000, 0x0000000100000000)
  eden space 63488K, 100% used [0x00000000d6f00000,0x00000000dad00000,0x00000000dad00000)
  from space 5120K, 0% used [0x00000000dad00000,0x00000000dad00000,0x00000000db200000)
  to   space 30208K, 0% used [0x00000000e0300000,0x00000000e0300000,0x00000000e2080000)
 ParOldGen       total 83968K, used 21585K [0x0000000084c00000, 0x0000000089e00000, 0x00000000d6f00000)
  object space 83968K, 25% used [0x0000000084c00000,0x00000000861146d0,0x0000000089e00000)
 Metaspace       used 39521K, capacity 39836K, committed 40408K, reserved 1085440K
  class space    used 4889K, capacity 5017K, committed 5080K, reserved 1048576K
Event: 58.763 GC heap after
Heap after GC invocations=8 (full 2):
 PSYoungGen      total 142336K, used 9477K [0x00000000d6f00000, 0x00000000e1980000, 0x0000000100000000)
  eden space 119296K, 0% used [0x00000000d6f00000,0x00000000d6f00000,0x00000000de380000)
  from space 23040K, 41% used [0x00000000e0300000,0x00000000e0c41490,0x00000000e1980000)
  to   space 27648K, 0% used [0x00000000de380000,0x00000000de380000,0x00000000dfe80000)
 ParOldGen       total 83968K, used 21593K [0x0000000084c00000, 0x0000000089e00000, 0x00000000d6f00000)
  object space 83968K, 25% used [0x0000000084c00000,0x00000000861166d0,0x0000000089e00000)
 Metaspace       used 39521K, capacity 39836K, committed 40408K, reserved 1085440K
  class space    used 4889K, capacity 5017K, committed 5080K, reserved 1048576K
}
Event: 63.481 GC heap before
{Heap before GC invocations=9 (full 2):
 PSYoungGen      total 142336K, used 24769K [0x00000000d6f00000, 0x00000000e1980000, 0x0000000100000000)
  eden space 119296K, 12% used [0x00000000d6f00000,0x00000000d7deef70,0x00000000de380000)
  from space 23040K, 41% used [0x00000000e0300000,0x00000000e0c41490,0x00000000e1980000)
  to   space 27648K, 0% used [0x00000000de380000,0x00000000de380000,0x00000000dfe80000)
 ParOldGen       total 83968K, used 21593K [0x0000000084c00000, 0x0000000089e00000, 0x00000000d6f00000)
  object space 83968K, 25% used [0x0000000084c00000,0x00000000861166d0,0x0000000089e00000)
 Metaspace       used 39560K, capacity 39964K, committed 40408K, reserved 1085440K
  class space    used 4890K, capacity 5017K, committed 5080K, reserved 1048576K
Event: 63.484 GC heap after
Heap after GC invocations=9 (full 2):
 PSYoungGen      total 128512K, used 8797K [0x00000000d6f00000, 0x00000000e1680000, 0x0000000100000000)
  eden space 119296K, 0% used [0x00000000d6f00000,0x00000000d6f00000,0x00000000de380000)
  from space 9216K, 95% used [0x00000000de380000,0x00000000dec174e0,0x00000000dec80000)
  to   space 26112K, 0% used [0x00000000dfd00000,0x00000000dfd00000,0x00000000e1680000)
 ParOldGen       total 83968K, used 21601K [0x0000000084c00000, 0x0000000089e00000, 0x00000000d6f00000)
  object space 83968K, 25% used [0x0000000084c00000,0x00000000861186d0,0x0000000089e00000)
 Metaspace       used 39560K, capacity 39964K, committed 40408K, reserved 1085440K
  class space    used 4890K, capacity 5017K, committed 5080K, reserved 1048576K
}
Event: 63.484 GC heap before
{Heap before GC invocations=10 (full 3):
 PSYoungGen      total 128512K, used 8797K [0x00000000d6f00000, 0x00000000e1680000, 0x0000000100000000)
  eden space 119296K, 0% used [0x00000000d6f00000,0x00000000d6f00000,0x00000000de380000)
  from space 9216K, 95% used [0x00000000de380000,0x00000000dec174e0,0x00000000dec80000)
  to   space 26112K, 0% used [0x00000000dfd00000,0x00000000dfd00000,0x00000000e1680000)
 ParOldGen       total 83968K, used 21601K [0x0000000084c00000, 0x0000000089e00000, 0x00000000d6f00000)
  object space 83968K, 25% used [0x0000000084c00000,0x00000000861186d0,0x0000000089e00000)
 Metaspace       used 39560K, capacity 39964K, committed 40408K, reserved 1085440K
  class space    used 4890K, capacity 5017K, committed 5080K, reserved 1048576K
Event: 63.542 GC heap after
Heap after GC invocations=10 (full 3):
 PSYoungGen      total 128512K, used 0K [0x00000000d6f00000, 0x00000000e1680000, 0x0000000100000000)
  eden space 119296K, 0% used [0x00000000d6f00000,0x00000000d6f00000,0x00000000de380000)
  from space 9216K, 0% used [0x00000000de380000,0x00000000de380000,0x00000000dec80000)
  to   space 26112K, 0% used [0x00000000dfd00000,0x00000000dfd00000,0x00000000e1680000)
 ParOldGen       total 83968K, used 24117K [0x0000000084c00000, 0x0000000089e00000, 0x00000000d6f00000)
  object space 83968K, 28% used [0x0000000084c00000,0x000000008638d4f8,0x0000000089e00000)
 Metaspace       used 39560K, capacity 39964K, committed 40408K, reserved 1085440K
  class space    used 4890K, capacity 5017K, committed 5080K, reserved 1048576K
}

Deoptimization events (10 events):
Event: 58.730 Thread 0x000001a477c6d000 Uncommon trap: reason=unstable_if action=reinterpret pc=0x000001a461ab1100 method=sun.java2d.pisces.Stroker.within(FFFFF)Z @ 40
Event: 58.730 Thread 0x000001a477c6d000 Uncommon trap: reason=unstable_if action=reinterpret pc=0x000001a461a83afc method=sun.java2d.pisces.Helpers.quadraticRoots(FFF[FI)I @ 118
Event: 58.740 Thread 0x000001a477c6d000 Uncommon trap: reason=unstable_if action=reinterpret pc=0x000001a4619a0a0c method=sun.java2d.pisces.Stroker.computeOffset(FFF[F)V @ 18
Event: 58.741 Thread 0x000001a477c6d000 Uncommon trap: reason=unstable_if action=reinterpret pc=0x000001a4617233a0 method=sun.java2d.pisces.Renderer$ScanlineIterator.next()I @ 185
Event: 58.793 Thread 0x000001a477c6d000 Uncommon trap: reason=bimorphic action=maybe_recompile pc=0x000001a46159cd40 method=sun.java2d.pisces.PiscesRenderingEngine$NormalizingPathIterator.isDone()Z @ 4
Event: 58.793 Thread 0x000001a477c6d000 Uncommon trap: reason=bimorphic action=maybe_recompile pc=0x000001a46159cd40 method=sun.java2d.pisces.PiscesRenderingEngine$NormalizingPathIterator.isDone()Z @ 4
Event: 58.793 Thread 0x000001a477c6d000 Uncommon trap: reason=bimorphic action=maybe_recompile pc=0x000001a46159cd40 method=sun.java2d.pisces.PiscesRenderingEngine$NormalizingPathIterator.isDone()Z @ 4
Event: 58.793 Thread 0x000001a477c6d000 Uncommon trap: reason=bimorphic action=maybe_recompile pc=0x000001a46159cd40 method=sun.java2d.pisces.PiscesRenderingEngine$NormalizingPathIterator.isDone()Z @ 4
Event: 58.794 Thread 0x000001a477c6d000 Uncommon trap: reason=loop_limit_check action=maybe_recompile pc=0x000001a461a00da0 method=java.awt.geom.AffineTransform.transform([FI[FII)V @ 599
Event: 68.940 Thread 0x000001a477c6d000 Uncommon trap: reason=unstable_if action=reinterpret pc=0x000001a461a084c4 method=javax.swing.JComponent.getInsets(Ljava/awt/Insets;)Ljava/awt/Insets; @ 1

Classes redefined (0 events):
No events

Internal exceptions (10 events):
Event: 18.140 Thread 0x000001a477c6d000 Exception <a 'java/lang/NoClassDefFoundError': android/graphics/Rect> (0x00000000da047818) thrown at [C:\jenkins\workspace\openjdk\jdk8u\hotspot\src\share\vm\oops\constantPool.cpp, line 609]
Event: 18.276 Thread 0x000001a4797c0000 Implicit null exception at 0x000001a46188a1c4 to 0x000001a46188b165
Event: 18.354 Thread 0x000001a477c6d000 Exception <a 'java/lang/NullPointerException'> (0x00000000d75eb378) thrown at [C:\jenkins\workspace\openjdk\jdk8u\hotspot\src\share\vm\interpreter\linkResolver.cpp, line 1185]
Event: 18.358 Thread 0x000001a4797bd800 Implicit null exception at 0x000001a46188fe1a to 0x000001a461890f21
Event: 47.896 Thread 0x000001a477c6d000 Exception <a 'java/io/FileNotFoundException'> (0x00000000d9e8e050) thrown at [C:\jenkins\workspace\openjdk\jdk8u\hotspot\src\share\vm\prims\jni.cpp, line 712]
Event: 53.318 Thread 0x000001a477c6d000 Exception <a 'java/io/FileNotFoundException'> (0x00000000d9ea50a8) thrown at [C:\jenkins\workspace\openjdk\jdk8u\hotspot\src\share\vm\prims\jni.cpp, line 712]
Event: 53.320 Thread 0x000001a477c6d000 Exception <a 'java/io/FileNotFoundException'> (0x00000000d9ebed30) thrown at [C:\jenkins\workspace\openjdk\jdk8u\hotspot\src\share\vm\prims\jni.cpp, line 712]
Event: 58.526 Thread 0x000001a477c6d000 Exception <a 'java/io/FileNotFoundException'> (0x00000000d9ed5890) thrown at [C:\jenkins\workspace\openjdk\jdk8u\hotspot\src\share\vm\prims\jni.cpp, line 712]
Event: 63.553 Thread 0x000001a477c6d000 Exception <a 'java/io/FileNotFoundException'> (0x00000000d6fdaf68) thrown at [C:\jenkins\workspace\openjdk\jdk8u\hotspot\src\share\vm\prims\jni.cpp, line 712]
Event: 68.822 Thread 0x000001a477c6d000 Exception <a 'java/io/FileNotFoundException'> (0x00000000d6ff1cb0) thrown at [C:\jenkins\workspace\openjdk\jdk8u\hotspot\src\share\vm\prims\jni.cpp, line 712]

Events (10 events):
Event: 74.469 loading class org/soltelec/util/Mensaje
Event: 74.469 loading class org/soltelec/util/Mensaje done
Event: 74.469 Executing VM operation: RevokeBias
Event: 74.470 Executing VM operation: RevokeBias done
Event: 74.470 loading class org/soltelec/util/MedicionGases
Event: 74.470 loading class org/soltelec/util/MedicionGases done
Event: 74.470 loading class org/soltelec/util/UtilGasesModelo
Event: 74.470 loading class org/soltelec/util/UtilGasesModelo done
Event: 74.470 Thread 0x000001a475596000 flushing nmethod 0x000001a4613c0050
Event: 74.471 loading class java/util/Scanner


Dynamic libraries:
0x00007ff710450000 - 0x00007ff71049d000 	C:\Program Files\OpenLogic\jdk-8.0.412.08-hotspot\bin\java.exe
0x00007ffc61e00000 - 0x00007ffc62068000 	C:\WINDOWS\SYSTEM32\ntdll.dll
0x00007ffc60c20000 - 0x00007ffc60ce9000 	C:\WINDOWS\System32\KERNEL32.DLL
0x00007ffc5f2b0000 - 0x00007ffc5f69d000 	C:\WINDOWS\System32\KERNELBASE.dll
0x00007ffc59450000 - 0x00007ffc594ee000 	C:\WINDOWS\SYSTEM32\apphelp.dll
0x00007ffc61d00000 - 0x00007ffc61db4000 	C:\WINDOWS\System32\ADVAPI32.dll
0x00007ffc61310000 - 0x00007ffc613b9000 	C:\WINDOWS\System32\msvcrt.dll
0x00007ffc615a0000 - 0x00007ffc61646000 	C:\WINDOWS\System32\sechost.dll
0x00007ffc61110000 - 0x00007ffc61228000 	C:\WINDOWS\System32\RPCRT4.dll
0x00007ffc60f40000 - 0x00007ffc6110c000 	C:\WINDOWS\System32\USER32.dll
0x00007ffc5fae0000 - 0x00007ffc5fb07000 	C:\WINDOWS\System32\win32u.dll
0x00007ffc60f00000 - 0x00007ffc60f2b000 	C:\WINDOWS\System32\GDI32.dll
0x00007ffc5f820000 - 0x00007ffc5f957000 	C:\WINDOWS\System32\gdi32full.dll
0x00007ffc5f160000 - 0x00007ffc5f203000 	C:\WINDOWS\System32\msvcp_win.dll
0x00007ffc5ef50000 - 0x00007ffc5f09b000 	C:\WINDOWS\System32\ucrtbase.dll
0x00007ffc47090000 - 0x00007ffc4732a000 	C:\WINDOWS\WinSxS\amd64_microsoft.windows.common-controls_6595b64144ccf1df_6.0.26100.4484_none_3e0e6d4ce32ef3b3\COMCTL32.dll
0x00007ffc60df0000 - 0x00007ffc60e1f000 	C:\WINDOWS\System32\IMM32.DLL
0x00007ffc5b110000 - 0x00007ffc5b12b000 	C:\Program Files\OpenLogic\jdk-8.0.412.08-hotspot\jre\bin\vcruntime140.dll
0x00007ffc5b410000 - 0x00007ffc5b41c000 	C:\Program Files\OpenLogic\jdk-8.0.412.08-hotspot\jre\bin\vcruntime140_1.dll
0x00007ffc3a990000 - 0x00007ffc3aa1d000 	C:\Program Files\OpenLogic\jdk-8.0.412.08-hotspot\jre\bin\msvcp140.dll
0x0000000067c10000 - 0x00000000684a7000 	C:\Program Files\OpenLogic\jdk-8.0.412.08-hotspot\jre\bin\server\jvm.dll
0x00007ffc604a0000 - 0x00007ffc604a8000 	C:\WINDOWS\System32\PSAPI.DLL
0x00007ffc532b0000 - 0x00007ffc532e5000 	C:\WINDOWS\SYSTEM32\WINMM.dll
0x00007ffc3eea0000 - 0x00007ffc3eeaa000 	C:\WINDOWS\SYSTEM32\WSOCK32.dll
0x00007ffc53240000 - 0x00007ffc5324b000 	C:\WINDOWS\SYSTEM32\VERSION.dll
0x00007ffc61280000 - 0x00007ffc612f4000 	C:\WINDOWS\System32\WS2_32.dll
0x00007ffc5dcb0000 - 0x00007ffc5dccb000 	C:\WINDOWS\SYSTEM32\kernel.appcore.dll
0x00007ffc5b100000 - 0x00007ffc5b110000 	C:\Program Files\OpenLogic\jdk-8.0.412.08-hotspot\jre\bin\verify.dll
0x00007ffc5af90000 - 0x00007ffc5afbb000 	C:\Program Files\OpenLogic\jdk-8.0.412.08-hotspot\jre\bin\java.dll
0x00007ffc5aec0000 - 0x00007ffc5aed8000 	C:\Program Files\OpenLogic\jdk-8.0.412.08-hotspot\jre\bin\zip.dll
0x00007ffc5fba0000 - 0x00007ffc602ea000 	C:\WINDOWS\System32\SHELL32.dll
0x00007ffc5f960000 - 0x00007ffc5fad4000 	C:\WINDOWS\System32\wintypes.dll
0x00007ffc604b0000 - 0x00007ffc60836000 	C:\WINDOWS\System32\combase.dll
0x00007ffc5cb50000 - 0x00007ffc5d3ab000 	C:\WINDOWS\SYSTEM32\windows.storage.dll
0x00007ffc60b20000 - 0x00007ffc60c15000 	C:\WINDOWS\System32\SHCORE.dll
0x00007ffc60e90000 - 0x00007ffc60efa000 	C:\WINDOWS\System32\shlwapi.dll
0x00007ffc5ee60000 - 0x00007ffc5ee8f000 	C:\WINDOWS\SYSTEM32\profapi.dll
0x00007ffc2b3e0000 - 0x00007ffc2b55c000 	C:\Program Files\OpenLogic\jdk-8.0.412.08-hotspot\jre\bin\awt.dll
0x00007ffc609a0000 - 0x00007ffc60a80000 	C:\WINDOWS\System32\OLEAUT32.dll
0x00007ffc5bbb0000 - 0x00007ffc5bc5f000 	C:\WINDOWS\system32\uxtheme.dll
0x00007ffc61650000 - 0x00007ffc617b0000 	C:\WINDOWS\System32\MSCTF.dll
0x00007ffc602f0000 - 0x00007ffc6048e000 	C:\WINDOWS\System32\ole32.dll
0x00007ffc5f210000 - 0x00007ffc5f2a9000 	C:\WINDOWS\System32\bcryptPrimitives.dll
0x00007ffc5bf20000 - 0x00007ffc5bf56000 	C:\WINDOWS\system32\DWMAPI.DLL
0x00007ffc29970000 - 0x00007ffc29a88000 	C:\WINDOWS\system32\opengl32.dll
0x00007ffc29b40000 - 0x00007ffc29b6d000 	C:\WINDOWS\SYSTEM32\GLU32.dll
0x00007ffc5bce0000 - 0x00007ffc5bd2d000 	C:\WINDOWS\SYSTEM32\dxcore.dll
0x00007ffc5a8c0000 - 0x00007ffc5a8ed000 	C:\Program Files\OpenLogic\jdk-8.0.412.08-hotspot\jre\bin\jpeg.dll
0x00007ffc3a480000 - 0x00007ffc3a52b000 	C:\Program Files\OpenLogic\jdk-8.0.412.08-hotspot\jre\bin\freetype.dll
0x00007ffc5a410000 - 0x00007ffc5a45f000 	C:\Program Files\OpenLogic\jdk-8.0.412.08-hotspot\jre\bin\fontmanager.dll
0x00007ffc61c50000 - 0x00007ffc61cf8000 	C:\WINDOWS\System32\clbcatq.dll
0x00007ffc5b880000 - 0x00007ffc5babb000 	C:\WINDOWS\SYSTEM32\WindowsCodecs.dll
0x00007ffc0f940000 - 0x00007ffc0f99a000 	C:\WINDOWS\system32\dataexchange.dll
0x00007ffc4bea0000 - 0x00007ffc4c0d8000 	C:\WINDOWS\system32\twinapi.appcore.dll
0x00007ffc5a490000 - 0x00007ffc5a4ac000 	C:\Program Files\OpenLogic\jdk-8.0.412.08-hotspot\jre\bin\net.dll
0x00007ffc5e220000 - 0x00007ffc5e28a000 	C:\WINDOWS\system32\mswsock.dll
0x00007ffc5a260000 - 0x00007ffc5a273000 	C:\Program Files\OpenLogic\jdk-8.0.412.08-hotspot\jre\bin\nio.dll
0x00007ffc44d80000 - 0x00007ffc44ed0000 	C:\WINDOWS\SYSTEM32\textinputframework.dll
0x00007ffc59070000 - 0x00007ffc59195000 	C:\WINDOWS\SYSTEM32\CoreMessaging.dll
0x00007ffc55c20000 - 0x00007ffc55f03000 	C:\WINDOWS\SYSTEM32\CoreUIComponents.dll
0x00007ffc5e460000 - 0x00007ffc5e46c000 	C:\WINDOWS\SYSTEM32\CRYPTBASE.DLL
0x00007ffc5d840000 - 0x00007ffc5d966000 	C:\WINDOWS\SYSTEM32\DNSAPI.dll
0x00007ffc5d800000 - 0x00007ffc5d833000 	C:\WINDOWS\SYSTEM32\IPHLPAPI.DLL
0x00007ffc608c0000 - 0x00007ffc608ca000 	C:\WINDOWS\System32\NSI.dll
0x00007ffc52ba0000 - 0x00007ffc52bab000 	C:\Windows\System32\rasadhlp.dll
0x00007ffc59590000 - 0x00007ffc59616000 	C:\WINDOWS\System32\fwpuclnt.dll
0x00007ffc5a0d0000 - 0x00007ffc5a0f5000 	C:\Program Files\OpenLogic\jdk-8.0.412.08-hotspot\jre\bin\sunec.dll
0x00007ffc5e580000 - 0x00007ffc5e59b000 	C:\WINDOWS\SYSTEM32\CRYPTSP.dll
0x00007ffc5dc10000 - 0x00007ffc5dc4b000 	C:\WINDOWS\system32\rsaenh.dll
0x00007ffc5e2c0000 - 0x00007ffc5e2eb000 	C:\WINDOWS\SYSTEM32\USERENV.dll
0x00007ffc5ee30000 - 0x00007ffc5ee56000 	C:\WINDOWS\SYSTEM32\bcrypt.dll
0x00007ffc53280000 - 0x00007ffc5329f000 	C:\WINDOWS\SYSTEM32\dhcpcsvc6.DLL
0x00007ffc53250000 - 0x00007ffc53275000 	C:\WINDOWS\SYSTEM32\dhcpcsvc.DLL
0x00007ffc5b060000 - 0x00007ffc5b06e000 	C:\Program Files\OpenLogic\jdk-8.0.412.08-hotspot\jre\bin\sunmscapi.dll
0x00007ffc5f6a0000 - 0x00007ffc5f817000 	C:\WINDOWS\System32\CRYPT32.dll
0x00007ffc5e6d0000 - 0x00007ffc5e700000 	C:\WINDOWS\SYSTEM32\ncrypt.dll
0x00007ffc5e680000 - 0x00007ffc5e6bf000 	C:\WINDOWS\SYSTEM32\NTASN1.dll
0x0000000180000000 - 0x0000000180025000 	C:\Program Files\OpenLogic\jdk-8.0.412.08-hotspot\jre\bin\rxtxSerial.dll
0x00007ffc5c6d0000 - 0x00007ffc5c911000 	C:\WINDOWS\SYSTEM32\dbghelp.dll

VM Arguments:
jvm_args: -Dfile.encoding=UTF-8 
java_command: com.soltelec.Inicio.Inicio
java_class_path (initial): C:\Users\user\Documents\Soltelec\SART\SART\lib\slf4j-api-1.7.2.jar;C:\Users\user\Documents\Soltelec\SART\SART\lib\mysql-connector-java-8.0.26.jar;C:\Users\user\Documents\Soltelec\SART\SART\lib\axis-1.4.jar;C:\Users\user\Documents\Soltelec\SART\SART\lib\axis-wsdl4j-1.5.1.jar;C:\Users\user\Documents\Soltelec\SART\SART\lib\GiovynetDriver.jar;C:\Users\user\Documents\Soltelec\SART\SART\lib\commons-discovery-0.5.jar;C:\Users\user\Documents\Soltelec\SART\SART\lib\eclipselink.jar;C:\Users\user\Documents\Soltelec\SART\SART\lib\ini4j-0.5.1.jar;C:\Users\user\Documents\Soltelec\SART\SART\lib\javacsv.jar;C:\Users\user\Documents\Soltelec\SART\SART\lib\javax.persistence_2.1.0.v201304241213.jar;C:\Users\user\Documents\Soltelec\SART\SART\lib\jaxrpc-api-1.1.jar;C:\Users\user\Documents\Soltelec\SART\SART\lib\jfreechart-1.0.13.jar;C:\Users\user\Documents\Soltelec\SART\SART\lib\jfxtras-labs-2.2-r4.jar;C:\Users\user\Documents\Soltelec\SART\SART\lib\jna-3.2.7.jar;C:\Users\user\Documents\Soltelec\SART\SART\lib\jna-4.1.0.jar;C:\Users\user\Documents\Soltelec\SART\SART\lib\RXTXcomm.jar;C:\Users\user\Documents\Soltelec\SART\SART\lib\TrafficLight2.jar;C:\Users\user\Documents\Soltelec\SART\SART\lib\org.eclipse.persistence.jpa.jpql_2.5.1.v20130918-f2b9fc5.jar;C:\Users\user\Documents\Soltelec\SART\SART\lib\orson-0.5.0.jar;C:\Users\user\Documents\Soltelec\SART\SART\lib\platform.jar;C:\Users\user\Documents\Soltelec\SART\SART\lib\postgresql-9.3-1103.jdbc41.jar;C:\Users\user\Documents\Soltelec\SART\SART\lib\swingx-1.6.jar;C:\Users\user\Documents\Soltelec\SART\SART\lib\trident.jar;C:\Users\user\Documents\Soltelec\SART\SART\lib\vlcj-1.2.0-test.jar;C:\Users\user\Documents\Soltelec\SART\SART\lib\vlcj-1.2.0.jar;C:\Users\user\Documents\Soltelec\SART\SART\lib\webcam-capture-0.3.10-RC6.jar;C:\Users\user\Documents\Soltelec\SART\SART\lib\xml-apis-1.3.02.jar;C:\Users\user\Documents\Soltelec\SART\SART\lib\SteelSeries-3.9.31.0.jar;C:\Users\user\Documents\Soltelec\SART\SART\lib\jcommon-
Launcher Type: SUN_STANDARD

Environment Variables:
JAVA_HOME=C:\Program Files (x86)\OpenLogic\jdk-8.0.422.05-hotspot\
PATH=C:\Program Files (x86)\OpenLogic\jdk-8.0.422.05-hotspot\bin;C:\Program Files\OpenLogic\jdk-17.0.11.9-hotspot\bin;C:\WINDOWS\system32;C:\WINDOWS;C:\WINDOWS\System32\Wbem;C:\WINDOWS\System32\WindowsPowerShell\v1.0\;C:\WINDOWS\System32\OpenSSH\;C:\Program Files\Git\cmd;C:\Users\user\AppData\Roaming\nvm;C:\Program Files\nodejs;C:\Program Files\Java\jdk1.8.0_111\bin;C:\Program Files\MySQL\MySQL Server 5.6\bin;C:\Program Files\PuTTY\;C:\Program Files\OpenLogic\jdk-8.0.412.08-hotspot\bin;C:\Program Files (x86)\HBT Interface - R\;C:\Gradle\gradle-8.9\bin;C:\Program Files\Docker\Docker\resources\bin;C:\Program Files\Tailscale\;C:\Program Files\MySQL\MySQL Server 8.4\bin;C:\Users\user\AppData\Local\Microsoft\WindowsApps;C:\Users\user\AppData\Local\GitHubDesktop\bin;C:\Users\user\AppData\Roaming\npm;C:\Users\user\AppData\Local\Programs\Microsoft VS Code\bin
USERNAME=user
OS=Windows_NT
PROCESSOR_IDENTIFIER=Intel64 Family 6 Model 140 Stepping 1, GenuineIntel



---------------  S Y S T E M  ---------------

OS: Windows 11 , 64 bit Build 26100 (10.0.26100.4484)

CPU:total 8 (initial active 8) (4 cores per cpu, 2 threads per core) family 6 model 140 stepping 1, cmov, cx8, fxsr, mmx, sse, sse2, sse3, ssse3, sse4.1, sse4.2, popcnt, avx, avx2, aes, clmul, erms, 3dnowpref, lzcnt, ht, tsc, tscinvbit, bmi1, bmi2, adx

Memory: 4k page, physical 8075800k(1546072k free), swap 31097724k(2219924k free)

vm_info: OpenJDK 64-Bit Server VM (25.412-b08) for windows-amd64 JRE (1.8.0_412-412-b08), built on Apr 22 2024 06:49:43 by "Administrator" with MS VC++ 16.10 / 16.11 (VS2019)

time: Wed Aug  6 11:59:49 2025
timezone: Hora est. Pacífico, Sudamérica
elapsed time: 74.502014 seconds (0d 0h 1m 14s)

