#
# A fatal error has been detected by the Java Runtime Environment:
#
#  EXCEPTION_ACCESS_VIOLATION (0xc0000005) at pc=0x0000000180005156, pid=22576, tid=0x0000000000004634
#
# JRE version: Java(TM) SE Runtime Environment (8.0_431) (build 1.8.0_431-b10)
# Java VM: Java HotSpot(TM) 64-Bit Server VM (25.431-b10 mixed mode windows-amd64 compressed oops)
# Problematic frame:
# C  [rxtxSerial.dll+0x5156]
#
# Failed to write core dump. Minidumps are not enabled by default on client versions of Windows
#
# If you would like to submit a bug report, please visit:
#   http://bugreport.java.com/bugreport/crash.jsp
# The crash happened outside the Java Virtual Machine in native code.
# See problematic frame for where to report the bug.
#

---------------  T H R E A D  ---------------

Current thread (0x000002430f8c3800):  JavaThread "Thread-6" [_thread_in_native, id=17972, stack(0x000000a47fe00000,0x000000a47ff00000)]

siginfo: ExceptionCode=0xc0000005, reading address 0x000000007fdfeb18

Registers:
RAX=0x000000007fdfeb10, RBX=0x0000000000000001, RCX=0x000000018001d4d5, RDX=0xfffffffffffff665
RSP=0x000000a47fefec10, RBP=0x000002430f8c3a00, RSI=0x0000000000000000, RDI=0x0000000000000000
R8 =0x0000000000000002, R9 =0xfffffffffffff63c, R10=0x00000000000001ea, R11=0x8101010101010100
R12=0x000000007fdfeb10, R13=0x00000243106c6f48, R14=0x000000a47fefed60, R15=0x0000000000000064
RIP=0x0000000180005156, EFLAGS=0x0000000000010206

Top of Stack: (sp=0x000000a47fefec10)
0x000000a47fefec10:   000000a47fefed60 000002430f8c3a00
0x000000a47fefec20:   0000000000000000 0000000000000000
0x000000a47fefec30:   000000007fefed40 00007ffc00000001
0x000000a47fefec40:   000000a47fefec70 000002430f8c3800
0x000000a47fefec50:   00000243106c6f50 000002437c91dda0
0x000000a47fefec60:   00000243106c6f50 000002430f8c3800
0x000000a47fefec70:   00000243106c6f50 000002430f8c3800
0x000000a47fefec80:   0000d090fc4607a2 0000000000001c88
0x000000a47fefec90:   000002430f8c3800 000000a47fefed60
0x000000a47fefeca0:   00000243106c6f48 0000000000000000
0x000000a47fefecb0:   00000243000083fd 0000000000001c88
0x000000a47fefecc0:   000000a47fefed40 000002430001a06e
0x000000a47fefecd0:   00000243106c6f50 000000a47fefed40
0x000000a47fefece0:   00000243106c6f50 000002430f8c3800
0x000000a47fefecf0:   000000a47fefee10 0000024300019d22
0x000000a47fefed00:   000000a47fefed00 00000243106c6f48 

Instructions: (pc=0x0000000180005156)
0x0000000180005136:   8d 05 d4 79 01 00 48 8b d3 48 8b cd 44 8b f8 89
0x0000000180005146:   7c 24 24 8b f7 e8 c0 e6 ff ff 8d 5f 01 4c 63 e0
0x0000000180005156:   45 8b 74 24 08 41 89 7c 24 08 45 85 ff 78 0b ff
0x0000000180005166:   15 95 1e 01 00 89 44 24 24 90 8b ce ff c6 83 f9 


Register to memory mapping:

RAX=0x000000007fdfeb10 is an unknown value
RBX=0x0000000000000001 is an unknown value
RCX=0x000000018001d4d5 is an unknown value
RDX=0xfffffffffffff665 is an unknown value
RSP=0x000000a47fefec10 is pointing into the stack for thread: 0x000002430f8c3800
RBP=0x000002430f8c3a00 is an unknown value
RSI=0x0000000000000000 is an unknown value
RDI=0x0000000000000000 is an unknown value
R8 =0x0000000000000002 is an unknown value
R9 =0xfffffffffffff63c is an unknown value
R10=0x00000000000001ea is an unknown value
R11=0x8101010101010100 is an unknown value
R12=0x000000007fdfeb10 is an unknown value
R13=0x00000243106c6f48 is pointing into metadata
R14=0x000000a47fefed60 is pointing into the stack for thread: 0x000002430f8c3800
R15=0x0000000000000064 is an unknown value


Stack: [0x000000a47fe00000,0x000000a47ff00000],  sp=0x000000a47fefec10,  free space=1019k
Native frames: (J=compiled Java code, j=interpreted, Vv=VM code, C=native code)
C  [rxtxSerial.dll+0x5156]
C  0x000002430001a06e

Java frames: (J=compiled Java code, j=interpreted, Vv=VM code)
j  gnu.io.RXTXPort.readByte()I+0
j  gnu.io.RXTXPort$SerialInputStream.read()I+81
j  com.soltelec.opacimetro.brianbee.OpacimetroBrianBee.enviarRecibirTrama([B)[B+149
j  com.soltelec.opacimetro.brianbee.OpacimetroBrianBee.obtenerDatos()Lorg/soltelec/util/MedicionOpacidad;+86
j  org.soltelec.procesosopacimetro.WorkerDatosOpacimetro.doInBackground()Ljava/lang/Integer;+50
j  org.soltelec.procesosopacimetro.WorkerDatosOpacimetro.doInBackground()Ljava/lang/Object;+1
j  javax.swing.SwingWorker$1.call()Ljava/lang/Object;+14
j  java.util.concurrent.FutureTask.run()V+42
j  javax.swing.SwingWorker.run()V+4
j  java.lang.Thread.run()V+11
v  ~StubRoutines::call_stub

---------------  P R O C E S S  ---------------

Java Threads: ( => current thread )
=>0x000002430f8c3800 JavaThread "Thread-6" [_thread_in_native, id=17972, stack(0x000000a47fe00000,0x000000a47ff00000)]
  0x000002430f8c3000 JavaThread "Thread-5" [_thread_in_native, id=21744, stack(0x000000a47fd00000,0x000000a47fe00000)]
  0x000002430f8c2000 JavaThread "Image Fetcher 0" daemon [_thread_blocked, id=6768, stack(0x000000a47fc00000,0x000000a47fd00000)]
  0x000002430f8c5000 JavaThread "SwingWorker-pool-2-thread-1" daemon [_thread_blocked, id=4928, stack(0x000000a47fb00000,0x000000a47fc00000)]
  0x000002437d20c000 JavaThread "Keep-Alive-Timer" daemon [_thread_blocked, id=14684, stack(0x000000a47fa00000,0x000000a47fb00000)]
  0x000002437cf3d800 JavaThread "mysql-cj-abandoned-connection-cleanup" daemon [_thread_blocked, id=18904, stack(0x000000a47f900000,0x000000a47fa00000)]
  0x000002437ceeb800 JavaThread "TimerQueue" daemon [_thread_blocked, id=21888, stack(0x000000a47f800000,0x000000a47f900000)]
  0x0000024373706000 JavaThread "DestroyJavaVM" [_thread_blocked, id=22712, stack(0x000000a47dc00000,0x000000a47dd00000)]
  0x000002437cca8000 JavaThread "AWT-EventQueue-0" [_thread_blocked, id=11400, stack(0x000000a47f300000,0x000000a47f400000)]
  0x000002437cab8800 JavaThread "AWT-Windows" daemon [_thread_in_native, id=11748, stack(0x000000a47f200000,0x000000a47f300000)]
  0x000002437cab7800 JavaThread "AWT-Shutdown" [_thread_blocked, id=13472, stack(0x000000a47f100000,0x000000a47f200000)]
  0x000002437cab6800 JavaThread "Java2D Disposer" daemon [_thread_blocked, id=20612, stack(0x000000a47f000000,0x000000a47f100000)]
  0x000002437b385000 JavaThread "Service Thread" daemon [_thread_blocked, id=19808, stack(0x000000a47ee00000,0x000000a47ef00000)]
  0x000002437b300000 JavaThread "C1 CompilerThread3" daemon [_thread_blocked, id=19592, stack(0x000000a47ed00000,0x000000a47ee00000)]
  0x000002437b2fd800 JavaThread "C2 CompilerThread2" daemon [_thread_blocked, id=23312, stack(0x000000a47ec00000,0x000000a47ed00000)]
  0x000002437b2fd000 JavaThread "C2 CompilerThread1" daemon [_thread_blocked, id=24144, stack(0x000000a47eb00000,0x000000a47ec00000)]
  0x000002437b2fb000 JavaThread "C2 CompilerThread0" daemon [_thread_blocked, id=7900, stack(0x000000a47ea00000,0x000000a47eb00000)]
  0x000002437b306800 JavaThread "Attach Listener" daemon [_thread_blocked, id=22652, stack(0x000000a47e900000,0x000000a47ea00000)]
  0x000002437b305800 JavaThread "Signal Dispatcher" daemon [_thread_blocked, id=3052, stack(0x000000a47e800000,0x000000a47e900000)]
  0x000002437b2e0800 JavaThread "Finalizer" daemon [_thread_blocked, id=23464, stack(0x000000a47e700000,0x000000a47e800000)]
  0x000002437a6eb000 JavaThread "Reference Handler" daemon [_thread_blocked, id=9156, stack(0x000000a47e600000,0x000000a47e700000)]

Other Threads:
  0x000002437b2b2800 VMThread [stack: 0x000000a47e500000,0x000000a47e600000] [id=18056]
  0x000002437c6f3000 WatcherThread [stack: 0x000000a47ef00000,0x000000a47f000000] [id=22780]

VM state:not at safepoint (normal execution)

VM Mutex/Monitor currently owned by a thread: None

heap address: 0x0000000084c00000, size: 1972 MB, Compressed Oops mode: 32-bit
Narrow klass base: 0x0000000000000000, Narrow klass shift: 3
Compressed class space size: 1073741824 Address: 0x0000000100000000

Heap:
 PSYoungGen      total 130048K, used 17437K [0x00000000d6f00000, 0x00000000e0e80000, 0x0000000100000000)
  eden space 107008K, 16% used [0x00000000d6f00000,0x00000000d8007508,0x00000000dd780000)
  from space 23040K, 0% used [0x00000000df800000,0x00000000df800000,0x00000000e0e80000)
  to   space 28160K, 0% used [0x00000000dd780000,0x00000000dd780000,0x00000000df300000)
 ParOldGen       total 89088K, used 23843K [0x0000000084c00000, 0x000000008a300000, 0x00000000d6f00000)
  object space 89088K, 26% used [0x0000000084c00000,0x0000000086348e78,0x000000008a300000)
 Metaspace       used 37009K, capacity 37350K, committed 37800K, reserved 1083392K
  class space    used 4674K, capacity 4784K, committed 4784K, reserved 1048576K

Card table byte_map: [0x00000243755f0000,0x00000243759d0000] byte_map_base: 0x00000243751ca000

Marking Bits: (ParMarkBitMap*) 0x00007ffc23b20200
 Begin Bits: [0x0000024375c70000, 0x0000024377b40000)
 End Bits:   [0x0000024377b40000, 0x0000024379a10000)

Polling page: 0x0000024373990000

CodeCache: size=245760Kb used=10568Kb max_used=10568Kb free=235191Kb
 bounds [0x0000024300000000, 0x0000024300a60000, 0x000002430f000000]
 total_blobs=4363 nmethods=3655 adapters=618
 compilation: enabled

Compilation events (10 events):
Event: 43.857 Thread 0x000002437b300000 3996   !   3       javax.swing.JComponent::paint (409 bytes)
Event: 43.858 Thread 0x000002437b300000 nmethod 3996 0x0000024300a590d0 code [0x0000024300a59500, 0x0000024300a5bf40]
Event: 43.858 Thread 0x000002437b300000 3997       3       javax.swing.JComponent::getComponentGraphics (63 bytes)
Event: 43.859 Thread 0x000002437b300000 nmethod 3997 0x0000024300a5d150 code [0x0000024300a5d380, 0x0000024300a5e170]
Event: 43.859 Thread 0x000002437b300000 4000       3       java.awt.geom.Point2D$Float::<init> (15 bytes)
Event: 43.859 Thread 0x000002437b300000 nmethod 4000 0x0000024300a49e50 code [0x0000024300a49fc0, 0x0000024300a4a1d8]
Event: 43.859 Thread 0x000002437b300000 4001       1       javax.swing.JLayeredPane::isOptimizedDrawingEnabled (5 bytes)
Event: 43.859 Thread 0x000002437b300000 nmethod 4001 0x0000024300a49b90 code [0x0000024300a49ce0, 0x0000024300a49df8]
Event: 43.859 Thread 0x000002437b300000 4002       1       javax.swing.RepaintManager::access$400 (5 bytes)
Event: 43.859 Thread 0x000002437b300000 nmethod 4002 0x0000024300a498d0 code [0x0000024300a49a20, 0x0000024300a49b18]

GC Heap History (10 events):
Event: 10.483 GC heap before
{Heap before GC invocations=5 (full 1):
 PSYoungGen      total 36864K, used 36853K [0x00000000d6f00000, 0x00000000db400000, 0x0000000100000000)
  eden space 31744K, 100% used [0x00000000d6f00000,0x00000000d8e00000,0x00000000d8e00000)
  from space 5120K, 99% used [0x00000000d8e00000,0x00000000d92fd720,0x00000000d9300000)
  to   space 5120K, 0% used [0x00000000daf00000,0x00000000daf00000,0x00000000db400000)
 ParOldGen       total 80896K, used 17135K [0x0000000084c00000, 0x0000000089b00000, 0x00000000d6f00000)
  object space 80896K, 21% used [0x0000000084c00000,0x0000000085cbbe30,0x0000000089b00000)
 Metaspace       used 31579K, capacity 31948K, committed 32176K, reserved 1077248K
  class space    used 3898K, capacity 4011K, committed 4016K, reserved 1048576K
Event: 10.487 GC heap after
Heap after GC invocations=5 (full 1):
 PSYoungGen      total 65024K, used 5089K [0x00000000d6f00000, 0x00000000db400000, 0x0000000100000000)
  eden space 59904K, 0% used [0x00000000d6f00000,0x00000000d6f00000,0x00000000da980000)
  from space 5120K, 99% used [0x00000000daf00000,0x00000000db3f8500,0x00000000db400000)
  to   space 5120K, 0% used [0x00000000daa00000,0x00000000daa00000,0x00000000daf00000)
 ParOldGen       total 80896K, used 20316K [0x0000000084c00000, 0x0000000089b00000, 0x00000000d6f00000)
  object space 80896K, 25% used [0x0000000084c00000,0x0000000085fd7168,0x0000000089b00000)
 Metaspace       used 31579K, capacity 31948K, committed 32176K, reserved 1077248K
  class space    used 3898K, capacity 4011K, committed 4016K, reserved 1048576K
}
Event: 19.777 GC heap before
{Heap before GC invocations=6 (full 1):
 PSYoungGen      total 65024K, used 23340K [0x00000000d6f00000, 0x00000000db400000, 0x0000000100000000)
  eden space 59904K, 30% used [0x00000000d6f00000,0x00000000d80d2c38,0x00000000da980000)
  from space 5120K, 99% used [0x00000000daf00000,0x00000000db3f8500,0x00000000db400000)
  to   space 5120K, 0% used [0x00000000daa00000,0x00000000daa00000,0x00000000daf00000)
 ParOldGen       total 80896K, used 20316K [0x0000000084c00000, 0x0000000089b00000, 0x00000000d6f00000)
  object space 80896K, 25% used [0x0000000084c00000,0x0000000085fd7168,0x0000000089b00000)
 Metaspace       used 34732K, capacity 35078K, committed 35496K, reserved 1081344K
  class space    used 4334K, capacity 4432K, committed 4528K, reserved 1048576K
Event: 19.782 GC heap after
Heap after GC invocations=6 (full 1):
 PSYoungGen      total 65536K, used 5096K [0x00000000d6f00000, 0x00000000e1500000, 0x0000000100000000)
  eden space 60416K, 0% used [0x00000000d6f00000,0x00000000d6f00000,0x00000000daa00000)
  from space 5120K, 99% used [0x00000000daa00000,0x00000000daefa1c8,0x00000000daf00000)
  to   space 29696K, 0% used [0x00000000df800000,0x00000000df800000,0x00000000e1500000)
 ParOldGen       total 80896K, used 23987K [0x0000000084c00000, 0x0000000089b00000, 0x00000000d6f00000)
  object space 80896K, 29% used [0x0000000084c00000,0x000000008636cf68,0x0000000089b00000)
 Metaspace       used 34732K, capacity 35078K, committed 35496K, reserved 1081344K
  class space    used 4334K, capacity 4432K, committed 4528K, reserved 1048576K
}
Event: 19.782 GC heap before
{Heap before GC invocations=7 (full 2):
 PSYoungGen      total 65536K, used 5096K [0x00000000d6f00000, 0x00000000e1500000, 0x0000000100000000)
  eden space 60416K, 0% used [0x00000000d6f00000,0x00000000d6f00000,0x00000000daa00000)
  from space 5120K, 99% used [0x00000000daa00000,0x00000000daefa1c8,0x00000000daf00000)
  to   space 29696K, 0% used [0x00000000df800000,0x00000000df800000,0x00000000e1500000)
 ParOldGen       total 80896K, used 23987K [0x0000000084c00000, 0x0000000089b00000, 0x00000000d6f00000)
  object space 80896K, 29% used [0x0000000084c00000,0x000000008636cf68,0x0000000089b00000)
 Metaspace       used 34732K, capacity 35078K, committed 35496K, reserved 1081344K
  class space    used 4334K, capacity 4432K, committed 4528K, reserved 1048576K
Event: 19.822 GC heap after
Heap after GC invocations=7 (full 2):
 PSYoungGen      total 65536K, used 0K [0x00000000d6f00000, 0x00000000e1500000, 0x0000000100000000)
  eden space 60416K, 0% used [0x00000000d6f00000,0x00000000d6f00000,0x00000000daa00000)
  from space 5120K, 0% used [0x00000000daa00000,0x00000000daa00000,0x00000000daf00000)
  to   space 29696K, 0% used [0x00000000df800000,0x00000000df800000,0x00000000e1500000)
 ParOldGen       total 89088K, used 21472K [0x0000000084c00000, 0x000000008a300000, 0x00000000d6f00000)
  object space 89088K, 24% used [0x0000000084c00000,0x00000000860f8040,0x000000008a300000)
 Metaspace       used 34732K, capacity 35078K, committed 35496K, reserved 1081344K
  class space    used 4334K, capacity 4432K, committed 4528K, reserved 1048576K
}
Event: 36.496 GC heap before
{Heap before GC invocations=8 (full 2):
 PSYoungGen      total 65536K, used 16977K [0x00000000d6f00000, 0x00000000e1500000, 0x0000000100000000)
  eden space 60416K, 28% used [0x00000000d6f00000,0x00000000d7f945e8,0x00000000daa00000)
  from space 5120K, 0% used [0x00000000daa00000,0x00000000daa00000,0x00000000daf00000)
  to   space 29696K, 0% used [0x00000000df800000,0x00000000df800000,0x00000000e1500000)
 ParOldGen       total 89088K, used 21472K [0x0000000084c00000, 0x000000008a300000, 0x00000000d6f00000)
  object space 89088K, 24% used [0x0000000084c00000,0x00000000860f8040,0x000000008a300000)
 Metaspace       used 36582K, capacity 36998K, committed 37544K, reserved 1081344K
  class space    used 4605K, capacity 4752K, committed 4784K, reserved 1048576K
Event: 36.501 GC heap after
Heap after GC invocations=8 (full 2):
 PSYoungGen      total 130048K, used 6861K [0x00000000d6f00000, 0x00000000e0e80000, 0x0000000100000000)
  eden space 107008K, 0% used [0x00000000d6f00000,0x00000000d6f00000,0x00000000dd780000)
  from space 23040K, 29% used [0x00000000df800000,0x00000000dfeb3778,0x00000000e0e80000)
  to   space 28160K, 0% used [0x00000000dd780000,0x00000000dd780000,0x00000000df300000)
 ParOldGen       total 89088K, used 21480K [0x0000000084c00000, 0x000000008a300000, 0x00000000d6f00000)
  object space 89088K, 24% used [0x0000000084c00000,0x00000000860fa040,0x000000008a300000)
 Metaspace       used 36582K, capacity 36998K, committed 37544K, reserved 1081344K
  class space    used 4605K, capacity 4752K, committed 4784K, reserved 1048576K
}
Event: 36.501 GC heap before
{Heap before GC invocations=9 (full 3):
 PSYoungGen      total 130048K, used 6861K [0x00000000d6f00000, 0x00000000e0e80000, 0x0000000100000000)
  eden space 107008K, 0% used [0x00000000d6f00000,0x00000000d6f00000,0x00000000dd780000)
  from space 23040K, 29% used [0x00000000df800000,0x00000000dfeb3778,0x00000000e0e80000)
  to   space 28160K, 0% used [0x00000000dd780000,0x00000000dd780000,0x00000000df300000)
 ParOldGen       total 89088K, used 21480K [0x0000000084c00000, 0x000000008a300000, 0x00000000d6f00000)
  object space 89088K, 24% used [0x0000000084c00000,0x00000000860fa040,0x000000008a300000)
 Metaspace       used 36582K, capacity 36998K, committed 37544K, reserved 1081344K
  class space    used 4605K, capacity 4752K, committed 4784K, reserved 1048576K
Event: 36.573 GC heap after
Heap after GC invocations=9 (full 3):
 PSYoungGen      total 130048K, used 0K [0x00000000d6f00000, 0x00000000e0e80000, 0x0000000100000000)
  eden space 107008K, 0% used [0x00000000d6f00000,0x00000000d6f00000,0x00000000dd780000)
  from space 23040K, 0% used [0x00000000df800000,0x00000000df800000,0x00000000e0e80000)
  to   space 28160K, 0% used [0x00000000dd780000,0x00000000dd780000,0x00000000df300000)
 ParOldGen       total 89088K, used 23843K [0x0000000084c00000, 0x000000008a300000, 0x00000000d6f00000)
  object space 89088K, 26% used [0x0000000084c00000,0x0000000086348e78,0x000000008a300000)
 Metaspace       used 36582K, capacity 36998K, committed 37544K, reserved 1081344K
  class space    used 4605K, capacity 4752K, committed 4784K, reserved 1048576K
}

Deoptimization events (10 events):
Event: 12.842 Thread 0x000002437cca8000 Uncommon trap: reason=bimorphic action=maybe_recompile pc=0x000002430086a2ec method=java.util.Hashtable.put(Ljava/lang/Object;Ljava/lang/Object;)Ljava/lang/Object; @ 60
Event: 12.842 Thread 0x000002437cca8000 Uncommon trap: reason=bimorphic action=maybe_recompile pc=0x000002430086a2ec method=java.util.Hashtable.put(Ljava/lang/Object;Ljava/lang/Object;)Ljava/lang/Object; @ 60
Event: 12.842 Thread 0x000002437cca8000 Uncommon trap: reason=bimorphic action=maybe_recompile pc=0x000002430086a2ec method=java.util.Hashtable.put(Ljava/lang/Object;Ljava/lang/Object;)Ljava/lang/Object; @ 60
Event: 19.752 Thread 0x000002437cca8000 Uncommon trap: reason=unstable_if action=reinterpret pc=0x000002430037c4d8 method=java.awt.Container.findComponentAtImpl(IIZ)Ljava/awt/Component; @ 24
Event: 30.453 Thread 0x000002437cca8000 Uncommon trap: reason=unstable_if action=reinterpret pc=0x000002430050ab24 method=java.awt.MultipleGradientPaintContext.indexIntoGradientsArrays(F)I @ 24
Event: 30.489 Thread 0x000002437cca8000 Uncommon trap: reason=bimorphic action=maybe_recompile pc=0x00000243005198cc method=java.util.regex.Pattern$BmpCharProperty.match(Ljava/util/regex/Matcher;ILjava/lang/CharSequence;)Z @ 16
Event: 30.490 Thread 0x000002437cca8000 Uncommon trap: reason=bimorphic action=maybe_recompile pc=0x00000243005198cc method=java.util.regex.Pattern$BmpCharProperty.match(Ljava/util/regex/Matcher;ILjava/lang/CharSequence;)Z @ 16
Event: 30.491 Thread 0x000002437cca8000 Uncommon trap: reason=bimorphic action=maybe_recompile pc=0x00000243005198cc method=java.util.regex.Pattern$BmpCharProperty.match(Ljava/util/regex/Matcher;ILjava/lang/CharSequence;)Z @ 16
Event: 30.491 Thread 0x000002437cca8000 Uncommon trap: reason=bimorphic action=maybe_recompile pc=0x00000243005198cc method=java.util.regex.Pattern$BmpCharProperty.match(Ljava/util/regex/Matcher;ILjava/lang/CharSequence;)Z @ 16
Event: 35.745 Thread 0x000002437cca8000 Uncommon trap: reason=loop_limit_check action=maybe_recompile pc=0x0000024300995d58 method=javax.swing.GroupLayout$Group.setSize(III)V @ 31

Classes redefined (0 events):
No events

Internal exceptions (10 events):
Event: 10.516 Thread 0x000002437cca8000 Exception <a 'java/lang/NoClassDefFoundError': android/graphics/Point> (0x00000000d6f7c5c8) thrown at [C:\jenkins\workspace\8-2-build-windows-x64-cygwin-sans-NAS\jdk8u431\1359\hotspot\src\share\vm\classfile\systemDictionary.cpp, line 202]
Event: 10.516 Thread 0x000002437cca8000 Exception <a 'java/lang/NoClassDefFoundError': android/graphics/RectF> (0x00000000d6f7d6c8) thrown at [C:\jenkins\workspace\8-2-build-windows-x64-cygwin-sans-NAS\jdk8u431\1359\hotspot\src\share\vm\classfile\systemDictionary.cpp, line 202]
Event: 10.586 Thread 0x000002430f696800 Implicit null exception at 0x0000024300758d43 to 0x0000024300759cdd
Event: 10.626 Thread 0x000002437cca8000 Exception <a 'java/lang/NullPointerException'> (0x00000000d7499968) thrown at [C:\jenkins\workspace\8-2-build-windows-x64-cygwin-sans-NAS\jdk8u431\1359\hotspot\src\share\vm\interpreter\linkResolver.cpp, line 1185]
Event: 19.872 Thread 0x000002437cca8000 Exception <a 'java/io/FileNotFoundException'> (0x00000000d70b0b48) thrown at [C:\jenkins\workspace\8-2-build-windows-x64-cygwin-sans-NAS\jdk8u431\1359\hotspot\src\share\vm\prims\jni.cpp, line 710]
Event: 25.141 Thread 0x000002437cca8000 Exception <a 'java/io/FileNotFoundException'> (0x00000000d7297ba0) thrown at [C:\jenkins\workspace\8-2-build-windows-x64-cygwin-sans-NAS\jdk8u431\1359\hotspot\src\share\vm\prims\jni.cpp, line 710]
Event: 25.142 Thread 0x000002437cca8000 Exception <a 'java/io/FileNotFoundException'> (0x00000000d72aa1b0) thrown at [C:\jenkins\workspace\8-2-build-windows-x64-cygwin-sans-NAS\jdk8u431\1359\hotspot\src\share\vm\prims\jni.cpp, line 710]
Event: 30.350 Thread 0x000002437cca8000 Exception <a 'java/io/FileNotFoundException'> (0x00000000d72c0b20) thrown at [C:\jenkins\workspace\8-2-build-windows-x64-cygwin-sans-NAS\jdk8u431\1359\hotspot\src\share\vm\prims\jni.cpp, line 710]
Event: 36.584 Thread 0x000002437cca8000 Exception <a 'java/io/FileNotFoundException'> (0x00000000d6f38fc0) thrown at [C:\jenkins\workspace\8-2-build-windows-x64-cygwin-sans-NAS\jdk8u431\1359\hotspot\src\share\vm\prims\jni.cpp, line 710]
Event: 41.854 Thread 0x000002437cca8000 Exception <a 'java/io/FileNotFoundException'> (0x00000000d6f4fb18) thrown at [C:\jenkins\workspace\8-2-build-windows-x64-cygwin-sans-NAS\jdk8u431\1359\hotspot\src\share\vm\prims\jni.cpp, line 710]

Events (10 events):
Event: 43.829 Executing VM operation: BulkRevokeBias
Event: 43.829 Executing VM operation: BulkRevokeBias done
Event: 43.829 Executing VM operation: RevokeBias
Event: 43.829 Executing VM operation: RevokeBias done
Event: 43.830 Executing VM operation: RevokeBias
Event: 43.830 Executing VM operation: RevokeBias done
Event: 43.830 loading class com/soltelec/opacimetro/brianbee/UtilOpacimetroBrianBee
Event: 43.830 loading class com/soltelec/opacimetro/brianbee/UtilOpacimetroBrianBee done
Event: 43.840 loading class eu/hansolo/steelseries/gauges/DisplayMulti$2
Event: 43.840 loading class eu/hansolo/steelseries/gauges/DisplayMulti$2 done


Dynamic libraries:
0x00007ff73e8e0000 - 0x00007ff73e92f000 	C:\Program Files\Java\jre1.8.0_431\bin\java.exe
0x00007ffc77390000 - 0x00007ffc775a7000 	C:\WINDOWS\SYSTEM32\ntdll.dll
0x00007ffc76d60000 - 0x00007ffc76e24000 	C:\WINDOWS\System32\KERNEL32.DLL
0x00007ffc74480000 - 0x00007ffc74853000 	C:\WINDOWS\System32\KERNELBASE.dll
0x00007ffc76330000 - 0x00007ffc763e1000 	C:\WINDOWS\System32\ADVAPI32.dll
0x00007ffc751f0000 - 0x00007ffc75297000 	C:\WINDOWS\System32\msvcrt.dll
0x00007ffc76670000 - 0x00007ffc76717000 	C:\WINDOWS\System32\sechost.dll
0x00007ffc74bc0000 - 0x00007ffc74be8000 	C:\WINDOWS\System32\bcrypt.dll
0x00007ffc75560000 - 0x00007ffc75674000 	C:\WINDOWS\System32\RPCRT4.dll
0x00007ffc76720000 - 0x00007ffc768d1000 	C:\WINDOWS\System32\USER32.dll
0x00007ffc74e10000 - 0x00007ffc74e36000 	C:\WINDOWS\System32\win32u.dll
0x00007ffc765c0000 - 0x00007ffc765e9000 	C:\WINDOWS\System32\GDI32.dll
0x00007ffc74860000 - 0x00007ffc74982000 	C:\WINDOWS\System32\gdi32full.dll
0x00007ffc74e40000 - 0x00007ffc74eda000 	C:\WINDOWS\System32\msvcp_win.dll
0x00007ffc74bf0000 - 0x00007ffc74d01000 	C:\WINDOWS\System32\ucrtbase.dll
0x00007ffc5b340000 - 0x00007ffc5b5db000 	C:\WINDOWS\WinSxS\amd64_microsoft.windows.common-controls_6595b64144ccf1df_6.0.22621.5262_none_2712bde373830908\COMCTL32.dll
0x00007ffc763f0000 - 0x00007ffc76421000 	C:\WINDOWS\System32\IMM32.DLL
0x00007ffc67e30000 - 0x00007ffc67e4b000 	C:\Program Files\Java\jre1.8.0_431\bin\vcruntime140.dll
0x00007ffc6a3f0000 - 0x00007ffc6a3fc000 	C:\Program Files\Java\jre1.8.0_431\bin\vcruntime140_1.dll
0x00007ffc37680000 - 0x00007ffc3770e000 	C:\Program Files\Java\jre1.8.0_431\bin\msvcp140.dll
0x00007ffc232f0000 - 0x00007ffc23b9a000 	C:\Program Files\Java\jre1.8.0_431\bin\server\jvm.dll
0x00007ffc75760000 - 0x00007ffc75768000 	C:\WINDOWS\System32\PSAPI.DLL
0x00007ffc6c100000 - 0x00007ffc6c134000 	C:\WINDOWS\SYSTEM32\WINMM.dll
0x00007ffc67f80000 - 0x00007ffc67f8a000 	C:\WINDOWS\SYSTEM32\VERSION.dll
0x00007ffc54b80000 - 0x00007ffc54b89000 	C:\WINDOWS\SYSTEM32\WSOCK32.dll
0x00007ffc765f0000 - 0x00007ffc76661000 	C:\WINDOWS\System32\WS2_32.dll
0x00007ffc73570000 - 0x00007ffc73588000 	C:\WINDOWS\SYSTEM32\kernel.appcore.dll
0x00007ffc68910000 - 0x00007ffc68920000 	C:\Program Files\Java\jre1.8.0_431\bin\verify.dll
0x00007ffc67d50000 - 0x00007ffc67d7b000 	C:\Program Files\Java\jre1.8.0_431\bin\java.dll
0x00007ffc67da0000 - 0x00007ffc67db8000 	C:\Program Files\Java\jre1.8.0_431\bin\zip.dll
0x00007ffc75a90000 - 0x00007ffc7632d000 	C:\WINDOWS\System32\SHELL32.dll
0x00007ffc74ee0000 - 0x00007ffc7501f000 	C:\WINDOWS\System32\wintypes.dll
0x00007ffc76e30000 - 0x00007ffc771c3000 	C:\WINDOWS\System32\combase.dll
0x00007ffc72380000 - 0x00007ffc72c9d000 	C:\WINDOWS\SYSTEM32\windows.storage.dll
0x00007ffc752c0000 - 0x00007ffc753cb000 	C:\WINDOWS\System32\SHCORE.dll
0x00007ffc754f0000 - 0x00007ffc75556000 	C:\WINDOWS\System32\shlwapi.dll
0x00007ffc743b0000 - 0x00007ffc743db000 	C:\WINDOWS\SYSTEM32\profapi.dll
0x00007ffc25130000 - 0x00007ffc252ae000 	C:\Program Files\Java\jre1.8.0_431\bin\awt.dll
0x00007ffc75680000 - 0x00007ffc75757000 	C:\WINDOWS\System32\OLEAUT32.dll
0x00007ffc6ad20000 - 0x00007ffc6adb7000 	C:\WINDOWS\SYSTEM32\apphelp.dll
0x00007ffc6ea40000 - 0x00007ffc6eaf3000 	C:\WINDOWS\system32\uxtheme.dll
0x00007ffc75770000 - 0x00007ffc758ce000 	C:\WINDOWS\System32\MSCTF.dll
0x00007ffc758e0000 - 0x00007ffc75a81000 	C:\WINDOWS\System32\ole32.dll
0x00007ffc74d10000 - 0x00007ffc74d8b000 	C:\WINDOWS\System32\bcryptPrimitives.dll
0x00007ffc6ecd0000 - 0x00007ffc6ecfe000 	C:\WINDOWS\system32\DWMAPI.DLL
0x00007ffc41800000 - 0x00007ffc41900000 	C:\WINDOWS\system32\opengl32.dll
0x00007ffc417d0000 - 0x00007ffc417fd000 	C:\WINDOWS\SYSTEM32\GLU32.dll
0x00007ffc71790000 - 0x00007ffc717c7000 	C:\WINDOWS\SYSTEM32\dxcore.dll
0x00007ffc5b160000 - 0x00007ffc5b194000 	C:\Program Files\Java\jre1.8.0_431\bin\jpeg.dll
0x00007ffc3b7d0000 - 0x00007ffc3b81f000 	C:\Program Files\Java\jre1.8.0_431\bin\fontmanager.dll
0x00007ffc753d0000 - 0x00007ffc75480000 	C:\WINDOWS\System32\clbcatq.dll
0x00007ffc6e850000 - 0x00007ffc6ea00000 	C:\WINDOWS\SYSTEM32\WindowsCodecs.dll
0x00007ffc4a0a0000 - 0x00007ffc4a0fe000 	C:\WINDOWS\system32\dataexchange.dll
0x00007ffc645c0000 - 0x00007ffc64866000 	C:\WINDOWS\system32\twinapi.appcore.dll
0x00007ffc5b140000 - 0x00007ffc5b15c000 	C:\Program Files\Java\jre1.8.0_431\bin\net.dll
0x00007ffc739e0000 - 0x00007ffc73a4a000 	C:\WINDOWS\system32\mswsock.dll
0x00007ffc5b080000 - 0x00007ffc5b093000 	C:\Program Files\Java\jre1.8.0_431\bin\nio.dll
0x00007ffc3b5c0000 - 0x00007ffc3b603000 	C:\Program Files\Java\jre1.8.0_431\bin\t2k.dll
0x00007ffc5c6d0000 - 0x00007ffc5c813000 	C:\WINDOWS\SYSTEM32\textinputframework.dll
0x00007ffc6a090000 - 0x00007ffc6a1c5000 	C:\WINDOWS\SYSTEM32\CoreMessaging.dll
0x00007ffc66f20000 - 0x00007ffc6728c000 	C:\WINDOWS\SYSTEM32\CoreUIComponents.dll
0x00007ffc73d10000 - 0x00007ffc73d1c000 	C:\WINDOWS\SYSTEM32\CRYPTBASE.DLL
0x00007ffc72fe0000 - 0x00007ffc730d8000 	C:\WINDOWS\SYSTEM32\DNSAPI.dll
0x00007ffc72f70000 - 0x00007ffc72f9d000 	C:\WINDOWS\SYSTEM32\IPHLPAPI.DLL
0x00007ffc76490000 - 0x00007ffc76499000 	C:\WINDOWS\System32\NSI.dll
0x00007ffc6b0b0000 - 0x00007ffc6b0ba000 	C:\Windows\System32\rasadhlp.dll
0x00007ffc6b9f0000 - 0x00007ffc6ba73000 	C:\WINDOWS\System32\fwpuclnt.dll
0x00007ffc53fb0000 - 0x00007ffc53fd5000 	C:\Program Files\Java\jre1.8.0_431\bin\sunec.dll
0x00007ffc6c330000 - 0x00007ffc6c349000 	C:\WINDOWS\SYSTEM32\dhcpcsvc6.DLL
0x00007ffc6c0e0000 - 0x00007ffc6c0ff000 	C:\WINDOWS\SYSTEM32\dhcpcsvc.DLL
0x00007ffc73d30000 - 0x00007ffc73d4b000 	C:\WINDOWS\SYSTEM32\CRYPTSP.dll
0x00007ffc734d0000 - 0x00007ffc73507000 	C:\WINDOWS\system32\rsaenh.dll
0x00007ffc73a80000 - 0x00007ffc73aa8000 	C:\WINDOWS\SYSTEM32\USERENV.dll
0x00007ffc4a650000 - 0x00007ffc4a67a000 	C:\Program Files\Java\jre1.8.0_431\bin\dcpr.dll
0x0000000180000000 - 0x0000000180025000 	C:\Program Files\Java\jdk1.8.0_111\bin\rxtxSerial.dll
0x00007ffc71d90000 - 0x00007ffc71fc2000 	C:\WINDOWS\SYSTEM32\dbghelp.dll

VM Arguments:
java_command: SART.jar
java_class_path (initial): SART.jar
Launcher Type: SUN_STANDARD

Environment Variables:
JAVA_HOME=C:\Program Files (x86)\OpenLogic\jdk-8.0.422.05-hotspot\
PATH=C:\Program Files (x86)\Common Files\Oracle\Java\java8path;C:\Program Files (x86)\Common Files\Oracle\Java\javapath;C:\Program Files (x86)\OpenLogic\jdk-8.0.422.05-hotspot\bin;C:\Program Files\OpenLogic\jdk-17.0.11.9-hotspot\bin;C:\WINDOWS\system32;C:\WINDOWS;C:\WINDOWS\System32\Wbem;C:\WINDOWS\System32\WindowsPowerShell\v1.0\;C:\WINDOWS\System32\OpenSSH\;C:\Program Files\Git\cmd;C:\Users\user\AppData\Roaming\nvm;C:\Program Files\nodejs;C:\Program Files\Java\jdk1.8.0_111\bin;C:\Program Files\MySQL\MySQL Server 5.6\bin;C:\Program Files\PuTTY\;C:\Program Files\OpenLogic\jdk-8.0.412.08-hotspot\bin;C:\Program Files (x86)\HBT Interface - R\;C:\Gradle\gradle-8.9\bin;;C:\Program Files\Docker\Docker\resources\bin;C:\Users\user\AppData\Local\Microsoft\WindowsApps;C:\Users\user\AppData\Local\GitHubDesktop\bin;C:\Users\user\AppData\Roaming\npm;C:\Users\user\AppData\Roaming\nvm;C:\Program Files\nodejs;C:\Users\user\AppData\Local\Programs\Microsoft VS Code\bin;
USERNAME=user
OS=Windows_NT
PROCESSOR_IDENTIFIER=Intel64 Family 6 Model 140 Stepping 1, GenuineIntel



---------------  S Y S T E M  ---------------

OS: Windows 11 , 64 bit Build 22621 (10.0.22621.5262)

CPU:total 8 (initial active 8) (4 cores per cpu, 2 threads per core) family 6 model 140 stepping 1, cmov, cx8, fxsr, mmx, sse, sse2, sse3, ssse3, sse4.1, sse4.2, popcnt, avx, avx2, aes, clmul, erms, 3dnowpref, lzcnt, ht, tsc, tscinvbit, bmi1, bmi2, adx

Memory: 4k page, physical 8075800k(627472k free), swap 19118788k(3209836k free)

vm_info: Java HotSpot(TM) 64-Bit Server VM (25.431-b10) for windows-amd64 JRE (1.8.0_431-b10), built on Sep 30 2024 08:11:54 by "java_re" with MS VC++ 17.6 (VS2022)

time: Sat May 31 13:23:19 2025
timezone: Hora est. Pacífico, Sudamérica
elapsed time: 43.901735 seconds (0d 0h 0m 43s)

