#
# A fatal error has been detected by the Java Runtime Environment:
#
#  EXCEPTION_ACCESS_VIOLATION (0xc0000005) at pc=0x0000000180005156, pid=34988, tid=0x0000000000000f0c
#
# JRE version: OpenJDK Runtime Environment (8.0_412-b08) (build 1.8.0_412-412-b08)
# Java VM: OpenJDK 64-Bit Server VM (25.412-b08 mixed mode windows-amd64 compressed oops)
# Problematic frame:
# C  [rxtxSerial.dll+0x5156]
#
# Failed to write core dump. Minidumps are not enabled by default on client versions of Windows
#
# If you would like to submit a bug report, please visit:
#   http://bugreport.java.com/bugreport/crash.jsp
# The crash happened outside the Java Virtual Machine in native code.
# See problematic frame for where to report the bug.
#

---------------  T H R E A D  ---------------

Current thread (0x00000195be8b7800):  JavaThread "Thread-6" [_thread_in_native, id=3852, stack(0x000000322c900000,0x000000322ca00000)]

siginfo: ExceptionCode=0xc0000005, reading address 0x000000002c0ff188

Registers:
RAX=0x000000002c0ff180, RBX=0x0000000000000001, RCX=0x000000018001d4d5, RDX=0xfffffffffffff665
RSP=0x000000322c9feea0, RBP=0x00000195be8b7a60, RSI=0x0000000000000000, RDI=0x0000000000000000
R8 =0x0000000000000002, R9 =0xfffffffffffff63c, R10=0x0000000000000236, R11=0x8101010101010100
R12=0x000000002c0ff180, R13=0x00000195c2cb7188, R14=0x000000322c9feff0, R15=0x0000000000000064
RIP=0x0000000180005156, EFLAGS=0x0000000000010206

Top of Stack: (sp=0x000000322c9feea0)
0x000000322c9feea0:   000000322c9feff0 00000195be8b7a60
0x000000322c9feeb0:   0000000000000000 0000000000000000
0x000000322c9feec0:   000000002c9fefd0 0000000000000001
0x000000322c9feed0:   000000322c9fef00 0000000000000000
0x000000322c9feee0:   00000195c2cb7190 00000195bd4ec7f8
0x000000322c9feef0:   00000195c2cb7190 00000195be8b7800
0x000000322c9fef00:   00000195c2cb7190 00000195be8b7800
0x000000322c9fef10:   000013745c25f861 0000000000001988
0x000000322c9fef20:   00000195be8b7800 000000322c9feff0
0x000000322c9fef30:   00000195c2cb7188 0000000000000000
0x000000322c9fef40:   00000195a66d80bd 0000000000001988
0x000000322c9fef50:   000000322c9fefd0 00000195a66e9c8e
0x000000322c9fef60:   00000195c2cb7190 000000322c9fefd0
0x000000322c9fef70:   00000195c2cb7190 00000195be8b7800
0x000000322c9fef80:   000000322c9ff0a0 00000195a66e9942
0x000000322c9fef90:   000000322c9fef90 00000195c2cb7188 

Instructions: (pc=0x0000000180005156)
0x0000000180005136:   8d 05 d4 79 01 00 48 8b d3 48 8b cd 44 8b f8 89
0x0000000180005146:   7c 24 24 8b f7 e8 c0 e6 ff ff 8d 5f 01 4c 63 e0
0x0000000180005156:   45 8b 74 24 08 41 89 7c 24 08 45 85 ff 78 0b ff
0x0000000180005166:   15 95 1e 01 00 89 44 24 24 90 8b ce ff c6 83 f9 


Register to memory mapping:

RAX=0x000000002c0ff180 is an unknown value
RBX=0x0000000000000001 is an unknown value
RCX=0x000000018001d4d5 is an unknown value
RDX=0xfffffffffffff665 is an unknown value
RSP=0x000000322c9feea0 is pointing into the stack for thread: 0x00000195be8b7800
RBP=0x00000195be8b7a60 is an unknown value
RSI=0x0000000000000000 is an unknown value
RDI=0x0000000000000000 is an unknown value
R8 =0x0000000000000002 is an unknown value
R9 =0xfffffffffffff63c is an unknown value
R10=0x0000000000000236 is an unknown value
R11=0x8101010101010100 is an unknown value
R12=0x000000002c0ff180 is an unknown value
R13=0x00000195c2cb7188 is pointing into metadata
R14=0x000000322c9feff0 is pointing into the stack for thread: 0x00000195be8b7800
R15=0x0000000000000064 is an unknown value


Stack: [0x000000322c900000,0x000000322ca00000],  sp=0x000000322c9feea0,  free space=1019k
Native frames: (J=compiled Java code, j=interpreted, Vv=VM code, C=native code)
C  [rxtxSerial.dll+0x5156]
C  0x00000195a66e9c8e

Java frames: (J=compiled Java code, j=interpreted, Vv=VM code)
j  gnu.io.RXTXPort.readByte()I+0
j  gnu.io.RXTXPort$SerialInputStream.read()I+81
j  com.soltelec.opacimetro.brianbee.OpacimetroBrianBee.enviarRecibirTrama([B)[B+149
j  com.soltelec.opacimetro.brianbee.OpacimetroBrianBee.obtenerDatos()Lorg/soltelec/util/MedicionOpacidad;+86
j  org.soltelec.procesosopacimetro.WorkerDatosOpacimetro.doInBackground()Ljava/lang/Integer;+50
j  org.soltelec.procesosopacimetro.WorkerDatosOpacimetro.doInBackground()Ljava/lang/Object;+1
j  javax.swing.SwingWorker$1.call()Ljava/lang/Object;+14
j  java.util.concurrent.FutureTask.run()V+42
j  javax.swing.SwingWorker.run()V+4
j  java.lang.Thread.run()V+11
v  ~StubRoutines::call_stub

---------------  P R O C E S S  ---------------

Java Threads: ( => current thread )
=>0x00000195be8b7800 JavaThread "Thread-6" [_thread_in_native, id=3852, stack(0x000000322c900000,0x000000322ca00000)]
  0x00000195be8b6000 JavaThread "Thread-5" [_thread_in_native, id=37280, stack(0x000000322c000000,0x000000322c100000)]
  0x00000195be8b9000 JavaThread "SwingWorker-pool-2-thread-1" daemon [_thread_blocked, id=34952, stack(0x000000322c800000,0x000000322c900000)]
  0x00000195be84a800 JavaThread "Keep-Alive-Timer" daemon [_thread_blocked, id=21656, stack(0x000000322c700000,0x000000322c800000)]
  0x00000195bee50800 JavaThread "mysql-cj-abandoned-connection-cleanup" daemon [_thread_blocked, id=6964, stack(0x000000322c600000,0x000000322c700000)]
  0x00000195be5a3000 JavaThread "TimerQueue" daemon [_thread_blocked, id=25980, stack(0x000000322c400000,0x000000322c500000)]
  0x00000195a4d26800 JavaThread "DestroyJavaVM" [_thread_blocked, id=35776, stack(0x000000322a800000,0x000000322a900000)]
  0x00000195bd426000 JavaThread "AWT-EventQueue-0" [_thread_blocked, id=31212, stack(0x000000322bf00000,0x000000322c000000)]
  0x00000195bd41a000 JavaThread "AWT-Windows" daemon [_thread_in_native, id=6324, stack(0x000000322be00000,0x000000322bf00000)]
  0x00000195bd419000 JavaThread "AWT-Shutdown" [_thread_blocked, id=11400, stack(0x000000322bd00000,0x000000322be00000)]
  0x00000195bd418000 JavaThread "Java2D Disposer" daemon [_thread_blocked, id=724, stack(0x000000322bc00000,0x000000322bd00000)]
  0x00000195bad38800 JavaThread "Service Thread" daemon [_thread_blocked, id=11832, stack(0x000000322ba00000,0x000000322bb00000)]
  0x00000195bad2d000 JavaThread "C1 CompilerThread3" daemon [_thread_blocked, id=11080, stack(0x000000322b900000,0x000000322ba00000)]
  0x00000195bad2b000 JavaThread "C2 CompilerThread2" daemon [_thread_blocked, id=8268, stack(0x000000322b800000,0x000000322b900000)]
  0x00000195bad2a000 JavaThread "C2 CompilerThread1" daemon [_thread_blocked, id=2892, stack(0x000000322b700000,0x000000322b800000)]
  0x00000195bad28800 JavaThread "C2 CompilerThread0" daemon [_thread_blocked, id=32424, stack(0x000000322b600000,0x000000322b700000)]
  0x00000195bad19800 JavaThread "Attach Listener" daemon [_thread_blocked, id=12336, stack(0x000000322b500000,0x000000322b600000)]
  0x00000195bad18800 JavaThread "Signal Dispatcher" daemon [_thread_blocked, id=3668, stack(0x000000322b400000,0x000000322b500000)]
  0x00000195bacf4000 JavaThread "Finalizer" daemon [_thread_blocked, id=25900, stack(0x000000322b300000,0x000000322b400000)]
  0x00000195bace5800 JavaThread "Reference Handler" daemon [_thread_blocked, id=21212, stack(0x000000322b200000,0x000000322b300000)]

Other Threads:
  0x00000195bacbc000 VMThread [stack: 0x000000322b100000,0x000000322b200000] [id=30788]
  0x00000195bad8e000 WatcherThread [stack: 0x000000322bb00000,0x000000322bc00000] [id=30272]

VM state:not at safepoint (normal execution)

VM Mutex/Monitor currently owned by a thread: None

heap address: 0x0000000084c00000, size: 1972 MB, Compressed Oops mode: 32-bit
Narrow klass base: 0x0000000000000000, Narrow klass shift: 3
Compressed class space size: 1073741824 Address: 0x0000000100000000

Heap:
 PSYoungGen      total 122880K, used 20526K [0x00000000d6f00000, 0x00000000e1080000, 0x0000000100000000)
  eden space 111104K, 18% used [0x00000000d6f00000,0x00000000d830bbc8,0x00000000ddb80000)
  from space 11776K, 0% used [0x00000000e0500000,0x00000000e0500000,0x00000000e1080000)
  to   space 27136K, 0% used [0x00000000ddb80000,0x00000000ddb80000,0x00000000df600000)
 ParOldGen       total 89088K, used 24797K [0x0000000084c00000, 0x000000008a300000, 0x00000000d6f00000)
  object space 89088K, 27% used [0x0000000084c00000,0x00000000864377c8,0x000000008a300000)
 Metaspace       used 39873K, capacity 40256K, committed 40664K, reserved 1085440K
  class space    used 4948K, capacity 5049K, committed 5120K, reserved 1048576K

Card table byte_map: [0x00000195b5a90000,0x00000195b5e70000] byte_map_base: 0x00000195b566a000

Marking Bits: (ParMarkBitMap*) 0x000000006842d850
 Begin Bits: [0x00000195b6110000, 0x00000195b7fe0000)
 End Bits:   [0x00000195b7fe0000, 0x00000195b9eb0000)

Polling page: 0x00000195a4e40000

CodeCache: size=245760Kb used=11662Kb max_used=11860Kb free=234097Kb
 bounds [0x00000195a66d0000, 0x00000195a7280000, 0x00000195b56d0000]
 total_blobs=4624 nmethods=3883 adapters=652
 compilation: enabled

Compilation events (10 events):
Event: 58.925 Thread 0x00000195bad2d000 4429       1       java.awt.geom.Rectangle2D$Float::getY (6 bytes)
Event: 58.925 Thread 0x00000195bad2d000 nmethod 4429 0x00000195a709b8d0 code [0x00000195a709ba20, 0x00000195a709bb38]
Event: 58.925 Thread 0x00000195bad2d000 4432       1       java.awt.geom.Rectangle2D$Float::getX (6 bytes)
Event: 58.925 Thread 0x00000195bad2d000 nmethod 4432 0x00000195a709b610 code [0x00000195a709b760, 0x00000195a709b878]
Event: 58.925 Thread 0x00000195bad2d000 4428       1       java.awt.geom.Rectangle2D$Float::getWidth (6 bytes)
Event: 58.925 Thread 0x00000195bad2d000 nmethod 4428 0x00000195a709b290 code [0x00000195a709b3e0, 0x00000195a709b4f8]
Event: 58.925 Thread 0x00000195bad2d000 4430       1       java.text.DecimalFormatSymbols::getGroupingSeparator (5 bytes)
Event: 58.925 Thread 0x00000195bad2d000 nmethod 4430 0x00000195a6a1bfd0 code [0x00000195a6a1c120, 0x00000195a6a1c238]
Event: 58.925 Thread 0x00000195bad2d000 4431       1       java.text.DecimalFormatSymbols::getDecimalSeparator (5 bytes)
Event: 58.925 Thread 0x00000195bad2d000 nmethod 4431 0x00000195a6a1bd10 code [0x00000195a6a1be60, 0x00000195a6a1bf78]

GC Heap History (10 events):
Event: 4.696 GC heap before
{Heap before GC invocations=5 (full 1):
 PSYoungGen      total 36864K, used 31744K [0x00000000d6f00000, 0x00000000db700000, 0x0000000100000000)
  eden space 31744K, 100% used [0x00000000d6f00000,0x00000000d8e00000,0x00000000d8e00000)
  from space 5120K, 0% used [0x00000000d8e00000,0x00000000d8e00000,0x00000000d9300000)
  to   space 5120K, 0% used [0x00000000db200000,0x00000000db200000,0x00000000db700000)
 ParOldGen       total 77824K, used 13704K [0x0000000084c00000, 0x0000000089800000, 0x00000000d6f00000)
  object space 77824K, 17% used [0x0000000084c00000,0x0000000085962158,0x0000000089800000)
 Metaspace       used 25599K, capacity 25900K, committed 26240K, reserved 1073152K
  class space    used 3032K, capacity 3129K, committed 3200K, reserved 1048576K
Event: 4.700 GC heap after
Heap after GC invocations=5 (full 1):
 PSYoungGen      total 68096K, used 5100K [0x00000000d6f00000, 0x00000000db700000, 0x0000000100000000)
  eden space 62976K, 0% used [0x00000000d6f00000,0x00000000d6f00000,0x00000000dac80000)
  from space 5120K, 99% used [0x00000000db200000,0x00000000db6fb378,0x00000000db700000)
  to   space 5120K, 0% used [0x00000000dad00000,0x00000000dad00000,0x00000000db200000)
 ParOldGen       total 77824K, used 15196K [0x0000000084c00000, 0x0000000089800000, 0x00000000d6f00000)
  object space 77824K, 19% used [0x0000000084c00000,0x0000000085ad7048,0x0000000089800000)
 Metaspace       used 25599K, capacity 25900K, committed 26240K, reserved 1073152K
  class space    used 3032K, capacity 3129K, committed 3200K, reserved 1048576K
}
Event: 6.020 GC heap before
{Heap before GC invocations=6 (full 1):
 PSYoungGen      total 68096K, used 60953K [0x00000000d6f00000, 0x00000000db700000, 0x0000000100000000)
  eden space 62976K, 88% used [0x00000000d6f00000,0x00000000da58b248,0x00000000dac80000)
  from space 5120K, 99% used [0x00000000db200000,0x00000000db6fb378,0x00000000db700000)
  to   space 5120K, 0% used [0x00000000dad00000,0x00000000dad00000,0x00000000db200000)
 ParOldGen       total 77824K, used 15196K [0x0000000084c00000, 0x0000000089800000, 0x00000000d6f00000)
  object space 77824K, 19% used [0x0000000084c00000,0x0000000085ad7048,0x0000000089800000)
 Metaspace       used 34675K, capacity 35054K, committed 35416K, reserved 1081344K
  class space    used 4261K, capacity 4406K, committed 4480K, reserved 1048576K
Event: 6.030 GC heap after
Heap after GC invocations=6 (full 1):
 PSYoungGen      total 68608K, used 5110K [0x00000000d6f00000, 0x00000000e2200000, 0x0000000100000000)
  eden space 63488K, 0% used [0x00000000d6f00000,0x00000000d6f00000,0x00000000dad00000)
  from space 5120K, 99% used [0x00000000dad00000,0x00000000db1fd818,0x00000000db200000)
  to   space 29696K, 0% used [0x00000000e0500000,0x00000000e0500000,0x00000000e2200000)
 ParOldGen       total 77824K, used 19532K [0x0000000084c00000, 0x0000000089800000, 0x00000000d6f00000)
  object space 77824K, 25% used [0x0000000084c00000,0x0000000085f13068,0x0000000089800000)
 Metaspace       used 34675K, capacity 35054K, committed 35416K, reserved 1081344K
  class space    used 4261K, capacity 4406K, committed 4480K, reserved 1048576K
}
Event: 6.030 GC heap before
{Heap before GC invocations=7 (full 2):
 PSYoungGen      total 68608K, used 5110K [0x00000000d6f00000, 0x00000000e2200000, 0x0000000100000000)
  eden space 63488K, 0% used [0x00000000d6f00000,0x00000000d6f00000,0x00000000dad00000)
  from space 5120K, 99% used [0x00000000dad00000,0x00000000db1fd818,0x00000000db200000)
  to   space 29696K, 0% used [0x00000000e0500000,0x00000000e0500000,0x00000000e2200000)
 ParOldGen       total 77824K, used 19532K [0x0000000084c00000, 0x0000000089800000, 0x00000000d6f00000)
  object space 77824K, 25% used [0x0000000084c00000,0x0000000085f13068,0x0000000089800000)
 Metaspace       used 34675K, capacity 35054K, committed 35416K, reserved 1081344K
  class space    used 4261K, capacity 4406K, committed 4480K, reserved 1048576K
Event: 6.125 GC heap after
Heap after GC invocations=7 (full 2):
 PSYoungGen      total 68608K, used 0K [0x00000000d6f00000, 0x00000000e2200000, 0x0000000100000000)
  eden space 63488K, 0% used [0x00000000d6f00000,0x00000000d6f00000,0x00000000dad00000)
  from space 5120K, 0% used [0x00000000dad00000,0x00000000dad00000,0x00000000db200000)
  to   space 29696K, 0% used [0x00000000e0500000,0x00000000e0500000,0x00000000e2200000)
 ParOldGen       total 89088K, used 22786K [0x0000000084c00000, 0x000000008a300000, 0x00000000d6f00000)
  object space 89088K, 25% used [0x0000000084c00000,0x0000000086240900,0x000000008a300000)
 Metaspace       used 34675K, capacity 35054K, committed 35416K, reserved 1081344K
  class space    used 4261K, capacity 4406K, committed 4480K, reserved 1048576K
}
Event: 39.989 GC heap before
{Heap before GC invocations=8 (full 2):
 PSYoungGen      total 68608K, used 50264K [0x00000000d6f00000, 0x00000000e2200000, 0x0000000100000000)
  eden space 63488K, 79% used [0x00000000d6f00000,0x00000000da016288,0x00000000dad00000)
  from space 5120K, 0% used [0x00000000dad00000,0x00000000dad00000,0x00000000db200000)
  to   space 29696K, 0% used [0x00000000e0500000,0x00000000e0500000,0x00000000e2200000)
 ParOldGen       total 89088K, used 22786K [0x0000000084c00000, 0x000000008a300000, 0x00000000d6f00000)
  object space 89088K, 25% used [0x0000000084c00000,0x0000000086240900,0x000000008a300000)
 Metaspace       used 39401K, capacity 39776K, committed 40152K, reserved 1085440K
  class space    used 4882K, capacity 5017K, committed 5120K, reserved 1048576K
Event: 39.993 GC heap after
Heap after GC invocations=8 (full 2):
 PSYoungGen      total 122880K, used 9723K [0x00000000d6f00000, 0x00000000e1080000, 0x0000000100000000)
  eden space 111104K, 0% used [0x00000000d6f00000,0x00000000d6f00000,0x00000000ddb80000)
  from space 11776K, 82% used [0x00000000e0500000,0x00000000e0e7efb0,0x00000000e1080000)
  to   space 27136K, 0% used [0x00000000ddb80000,0x00000000ddb80000,0x00000000df600000)
 ParOldGen       total 89088K, used 22794K [0x0000000084c00000, 0x000000008a300000, 0x00000000d6f00000)
  object space 89088K, 25% used [0x0000000084c00000,0x0000000086242900,0x000000008a300000)
 Metaspace       used 39401K, capacity 39776K, committed 40152K, reserved 1085440K
  class space    used 4882K, capacity 5017K, committed 5120K, reserved 1048576K
}
Event: 39.993 GC heap before
{Heap before GC invocations=9 (full 3):
 PSYoungGen      total 122880K, used 9723K [0x00000000d6f00000, 0x00000000e1080000, 0x0000000100000000)
  eden space 111104K, 0% used [0x00000000d6f00000,0x00000000d6f00000,0x00000000ddb80000)
  from space 11776K, 82% used [0x00000000e0500000,0x00000000e0e7efb0,0x00000000e1080000)
  to   space 27136K, 0% used [0x00000000ddb80000,0x00000000ddb80000,0x00000000df600000)
 ParOldGen       total 89088K, used 22794K [0x0000000084c00000, 0x000000008a300000, 0x00000000d6f00000)
  object space 89088K, 25% used [0x0000000084c00000,0x0000000086242900,0x000000008a300000)
 Metaspace       used 39401K, capacity 39776K, committed 40152K, reserved 1085440K
  class space    used 4882K, capacity 5017K, committed 5120K, reserved 1048576K
Event: 40.043 GC heap after
Heap after GC invocations=9 (full 3):
 PSYoungGen      total 122880K, used 0K [0x00000000d6f00000, 0x00000000e1080000, 0x0000000100000000)
  eden space 111104K, 0% used [0x00000000d6f00000,0x00000000d6f00000,0x00000000ddb80000)
  from space 11776K, 0% used [0x00000000e0500000,0x00000000e0500000,0x00000000e1080000)
  to   space 27136K, 0% used [0x00000000ddb80000,0x00000000ddb80000,0x00000000df600000)
 ParOldGen       total 89088K, used 24797K [0x0000000084c00000, 0x000000008a300000, 0x00000000d6f00000)
  object space 89088K, 27% used [0x0000000084c00000,0x00000000864377c8,0x000000008a300000)
 Metaspace       used 39401K, capacity 39776K, committed 40152K, reserved 1085440K
  class space    used 4882K, capacity 5017K, committed 5120K, reserved 1048576K
}

Deoptimization events (10 events):
Event: 21.639 Thread 0x00000195bd426000 Uncommon trap: reason=unstable_if action=reinterpret pc=0x00000195a6c58b90 method=java.lang.StrictMath.floorOrCeil(DDDD)D @ 38
Event: 21.640 Thread 0x00000195bd426000 Uncommon trap: reason=unstable_if action=reinterpret pc=0x00000195a6c81b94 method=sun.java2d.pisces.Renderer.addLine(FFFF)V @ 123
Event: 21.644 Thread 0x00000195bd426000 Uncommon trap: reason=unstable_if action=reinterpret pc=0x00000195a68db248 method=sun.java2d.pisces.Renderer.emitRow([IIII)V @ 10
Event: 21.658 Thread 0x00000195bd426000 Uncommon trap: reason=unstable_if action=reinterpret pc=0x00000195a67e1d60 method=sun.java2d.pisces.Renderer$ScanlineIterator.next()I @ 185
Event: 28.123 Thread 0x00000195bd426000 Uncommon trap: reason=loop_limit_check action=maybe_recompile pc=0x00000195a717c658 method=javax.swing.GroupLayout$Group.setSize(III)V @ 31
Event: 32.157 Thread 0x00000195bd426000 Uncommon trap: reason=loop_limit_check action=maybe_recompile pc=0x00000195a71a1a4c method=javax.swing.GroupLayout$Group.unsetAutopadding()V @ 20
Event: 32.157 Thread 0x00000195bd426000 Uncommon trap: reason=loop_limit_check action=maybe_recompile pc=0x00000195a71aabc8 method=javax.swing.GroupLayout$Group.calculateAutopadding(I)V @ 16
Event: 33.172 Thread 0x00000195bd426000 Uncommon trap: reason=loop_limit_check action=maybe_recompile pc=0x00000195a71bb6a0 method=javax.swing.GroupLayout$ContainerAutoPreferredGapSpring.calculatePadding(I)V @ 70
Event: 34.176 Thread 0x00000195bd426000 Uncommon trap: reason=loop_limit_check action=maybe_recompile pc=0x00000195a6f26a60 method=javax.swing.GroupLayout$AutoPreferredGapSpring.calculatePadding(I)V @ 72
Event: 34.176 Thread 0x00000195bd426000 Uncommon trap: reason=loop_limit_check action=maybe_recompile pc=0x00000195a6f26a60 method=javax.swing.GroupLayout$AutoPreferredGapSpring.calculatePadding(I)V @ 72

Classes redefined (0 events):
No events

Internal exceptions (10 events):
Event: 5.811 Thread 0x00000195bd426000 Exception <a 'java/lang/NoClassDefFoundError': android/graphics/Rect> (0x00000000d9e94e00) thrown at [C:\jenkins\workspace\openjdk\jdk8u\hotspot\src\share\vm\oops\constantPool.cpp, line 609]
Event: 5.811 Thread 0x00000195bd426000 Exception <a 'java/lang/NoClassDefFoundError': android/graphics/Color> (0x00000000d9e95248) thrown at [C:\jenkins\workspace\openjdk\jdk8u\hotspot\src\share\vm\oops\constantPool.cpp, line 609]
Event: 5.923 Thread 0x00000195be8b6800 Implicit null exception at 0x00000195a6e9dc84 to 0x00000195a6e9ec21
Event: 6.001 Thread 0x00000195bd426000 Exception <a 'java/lang/NullPointerException'> (0x00000000da44d578) thrown at [C:\jenkins\workspace\openjdk\jdk8u\hotspot\src\share\vm\interpreter\linkResolver.cpp, line 1185]
Event: 11.067 Thread 0x00000195bd426000 Exception <a 'java/io/FileNotFoundException'> (0x00000000d7ed0888) thrown at [C:\jenkins\workspace\openjdk\jdk8u\hotspot\src\share\vm\prims\jni.cpp, line 712]
Event: 16.336 Thread 0x00000195bd426000 Exception <a 'java/io/FileNotFoundException'> (0x00000000d7ee78e0) thrown at [C:\jenkins\workspace\openjdk\jdk8u\hotspot\src\share\vm\prims\jni.cpp, line 712]
Event: 16.338 Thread 0x00000195bd426000 Exception <a 'java/io/FileNotFoundException'> (0x00000000d7f01568) thrown at [C:\jenkins\workspace\openjdk\jdk8u\hotspot\src\share\vm\prims\jni.cpp, line 712]
Event: 21.545 Thread 0x00000195bd426000 Exception <a 'java/io/FileNotFoundException'> (0x00000000d7f180e8) thrown at [C:\jenkins\workspace\openjdk\jdk8u\hotspot\src\share\vm\prims\jni.cpp, line 712]
Event: 40.052 Thread 0x00000195bd426000 Exception <a 'java/io/FileNotFoundException'> (0x00000000d6f6de98) thrown at [C:\jenkins\workspace\openjdk\jdk8u\hotspot\src\share\vm\prims\jni.cpp, line 712]
Event: 45.326 Thread 0x00000195bd426000 Exception <a 'java/io/FileNotFoundException'> (0x00000000d6f84be0) thrown at [C:\jenkins\workspace\openjdk\jdk8u\hotspot\src\share\vm\prims\jni.cpp, line 712]

Events (10 events):
Event: 58.904 Thread 0x00000195bad2d000 flushing nmethod 0x00000195a70c2a90
Event: 58.904 Thread 0x00000195bad2d000 flushing nmethod 0x00000195a70c2e10
Event: 58.904 Thread 0x00000195bad2d000 flushing nmethod 0x00000195a70c53d0
Event: 58.905 Thread 0x00000195bad2d000 flushing nmethod 0x00000195a70dbdd0
Event: 58.905 Thread 0x00000195bad2d000 flushing nmethod 0x00000195a70dd010
Event: 58.905 Thread 0x00000195bad2d000 flushing nmethod 0x00000195a70e9d50
Event: 58.905 Thread 0x00000195bad2d000 flushing nmethod 0x00000195a70fda10
Event: 58.905 Thread 0x00000195bad2d000 flushing nmethod 0x00000195a7155550
Event: 58.911 loading class eu/hansolo/steelseries/gauges/DisplayMulti$2
Event: 58.911 loading class eu/hansolo/steelseries/gauges/DisplayMulti$2 done


Dynamic libraries:
0x00007ff710450000 - 0x00007ff71049d000 	C:\Program Files\OpenLogic\jdk-8.0.412.08-hotspot\bin\java.exe
0x00007ffc61e00000 - 0x00007ffc62068000 	C:\WINDOWS\SYSTEM32\ntdll.dll
0x00007ffc60c20000 - 0x00007ffc60ce9000 	C:\WINDOWS\System32\KERNEL32.DLL
0x00007ffc5f2b0000 - 0x00007ffc5f69d000 	C:\WINDOWS\System32\KERNELBASE.dll
0x00007ffc59450000 - 0x00007ffc594ee000 	C:\WINDOWS\SYSTEM32\apphelp.dll
0x00007ffc61d00000 - 0x00007ffc61db4000 	C:\WINDOWS\System32\ADVAPI32.dll
0x00007ffc61310000 - 0x00007ffc613b9000 	C:\WINDOWS\System32\msvcrt.dll
0x00007ffc615a0000 - 0x00007ffc61646000 	C:\WINDOWS\System32\sechost.dll
0x00007ffc61110000 - 0x00007ffc61228000 	C:\WINDOWS\System32\RPCRT4.dll
0x00007ffc60f40000 - 0x00007ffc6110c000 	C:\WINDOWS\System32\USER32.dll
0x00007ffc5fae0000 - 0x00007ffc5fb07000 	C:\WINDOWS\System32\win32u.dll
0x00007ffc60f00000 - 0x00007ffc60f2b000 	C:\WINDOWS\System32\GDI32.dll
0x00007ffc5f820000 - 0x00007ffc5f957000 	C:\WINDOWS\System32\gdi32full.dll
0x00007ffc5f160000 - 0x00007ffc5f203000 	C:\WINDOWS\System32\msvcp_win.dll
0x00007ffc5ef50000 - 0x00007ffc5f09b000 	C:\WINDOWS\System32\ucrtbase.dll
0x00007ffc47090000 - 0x00007ffc4732a000 	C:\WINDOWS\WinSxS\amd64_microsoft.windows.common-controls_6595b64144ccf1df_6.0.26100.4484_none_3e0e6d4ce32ef3b3\COMCTL32.dll
0x00007ffc60df0000 - 0x00007ffc60e1f000 	C:\WINDOWS\System32\IMM32.DLL
0x00007ffc5b110000 - 0x00007ffc5b12b000 	C:\Program Files\OpenLogic\jdk-8.0.412.08-hotspot\jre\bin\vcruntime140.dll
0x00007ffc5b100000 - 0x00007ffc5b10c000 	C:\Program Files\OpenLogic\jdk-8.0.412.08-hotspot\jre\bin\vcruntime140_1.dll
0x00007ffc3a990000 - 0x00007ffc3aa1d000 	C:\Program Files\OpenLogic\jdk-8.0.412.08-hotspot\jre\bin\msvcp140.dll
0x0000000067c10000 - 0x00000000684a7000 	C:\Program Files\OpenLogic\jdk-8.0.412.08-hotspot\jre\bin\server\jvm.dll
0x00007ffc604a0000 - 0x00007ffc604a8000 	C:\WINDOWS\System32\PSAPI.DLL
0x00007ffc3eea0000 - 0x00007ffc3eeaa000 	C:\WINDOWS\SYSTEM32\WSOCK32.dll
0x00007ffc53240000 - 0x00007ffc5324b000 	C:\WINDOWS\SYSTEM32\VERSION.dll
0x00007ffc532b0000 - 0x00007ffc532e5000 	C:\WINDOWS\SYSTEM32\WINMM.dll
0x00007ffc61280000 - 0x00007ffc612f4000 	C:\WINDOWS\System32\WS2_32.dll
0x00007ffc5dcb0000 - 0x00007ffc5dccb000 	C:\WINDOWS\SYSTEM32\kernel.appcore.dll
0x00007ffc5b060000 - 0x00007ffc5b070000 	C:\Program Files\OpenLogic\jdk-8.0.412.08-hotspot\jre\bin\verify.dll
0x00007ffc5af90000 - 0x00007ffc5afbb000 	C:\Program Files\OpenLogic\jdk-8.0.412.08-hotspot\jre\bin\java.dll
0x00007ffc5aec0000 - 0x00007ffc5aed8000 	C:\Program Files\OpenLogic\jdk-8.0.412.08-hotspot\jre\bin\zip.dll
0x00007ffc5fba0000 - 0x00007ffc602ea000 	C:\WINDOWS\System32\SHELL32.dll
0x00007ffc5f960000 - 0x00007ffc5fad4000 	C:\WINDOWS\System32\wintypes.dll
0x00007ffc604b0000 - 0x00007ffc60836000 	C:\WINDOWS\System32\combase.dll
0x00007ffc5cb50000 - 0x00007ffc5d3ab000 	C:\WINDOWS\SYSTEM32\windows.storage.dll
0x00007ffc60b20000 - 0x00007ffc60c15000 	C:\WINDOWS\System32\SHCORE.dll
0x00007ffc60e90000 - 0x00007ffc60efa000 	C:\WINDOWS\System32\shlwapi.dll
0x00007ffc5ee60000 - 0x00007ffc5ee8f000 	C:\WINDOWS\SYSTEM32\profapi.dll
0x00007ffc2b3e0000 - 0x00007ffc2b55c000 	C:\Program Files\OpenLogic\jdk-8.0.412.08-hotspot\jre\bin\awt.dll
0x00007ffc609a0000 - 0x00007ffc60a80000 	C:\WINDOWS\System32\OLEAUT32.dll
0x00007ffc5bbb0000 - 0x00007ffc5bc5f000 	C:\WINDOWS\system32\uxtheme.dll
0x00007ffc61650000 - 0x00007ffc617b0000 	C:\WINDOWS\System32\MSCTF.dll
0x00007ffc602f0000 - 0x00007ffc6048e000 	C:\WINDOWS\System32\ole32.dll
0x00007ffc5f210000 - 0x00007ffc5f2a9000 	C:\WINDOWS\System32\bcryptPrimitives.dll
0x00007ffc5bf20000 - 0x00007ffc5bf56000 	C:\WINDOWS\system32\DWMAPI.DLL
0x00007ffc29970000 - 0x00007ffc29a88000 	C:\WINDOWS\system32\opengl32.dll
0x00007ffc29b40000 - 0x00007ffc29b6d000 	C:\WINDOWS\SYSTEM32\GLU32.dll
0x00007ffc5bce0000 - 0x00007ffc5bd2d000 	C:\WINDOWS\SYSTEM32\dxcore.dll
0x00007ffc5a8c0000 - 0x00007ffc5a8ed000 	C:\Program Files\OpenLogic\jdk-8.0.412.08-hotspot\jre\bin\jpeg.dll
0x00007ffc3a480000 - 0x00007ffc3a52b000 	C:\Program Files\OpenLogic\jdk-8.0.412.08-hotspot\jre\bin\freetype.dll
0x00007ffc5a410000 - 0x00007ffc5a45f000 	C:\Program Files\OpenLogic\jdk-8.0.412.08-hotspot\jre\bin\fontmanager.dll
0x00007ffc61c50000 - 0x00007ffc61cf8000 	C:\WINDOWS\System32\clbcatq.dll
0x00007ffc5b880000 - 0x00007ffc5babb000 	C:\WINDOWS\SYSTEM32\WindowsCodecs.dll
0x00007ffc0f940000 - 0x00007ffc0f99a000 	C:\WINDOWS\system32\dataexchange.dll
0x00007ffc4bea0000 - 0x00007ffc4c0d8000 	C:\WINDOWS\system32\twinapi.appcore.dll
0x00007ffc5a490000 - 0x00007ffc5a4ac000 	C:\Program Files\OpenLogic\jdk-8.0.412.08-hotspot\jre\bin\net.dll
0x00007ffc5e220000 - 0x00007ffc5e28a000 	C:\WINDOWS\system32\mswsock.dll
0x00007ffc5a260000 - 0x00007ffc5a273000 	C:\Program Files\OpenLogic\jdk-8.0.412.08-hotspot\jre\bin\nio.dll
0x00007ffc44d80000 - 0x00007ffc44ed0000 	C:\WINDOWS\SYSTEM32\textinputframework.dll
0x00007ffc59070000 - 0x00007ffc59195000 	C:\WINDOWS\SYSTEM32\CoreMessaging.dll
0x00007ffc55c20000 - 0x00007ffc55f03000 	C:\WINDOWS\SYSTEM32\CoreUIComponents.dll
0x00007ffc5e460000 - 0x00007ffc5e46c000 	C:\WINDOWS\SYSTEM32\CRYPTBASE.DLL
0x00007ffc5d840000 - 0x00007ffc5d966000 	C:\WINDOWS\SYSTEM32\DNSAPI.dll
0x00007ffc5d800000 - 0x00007ffc5d833000 	C:\WINDOWS\SYSTEM32\IPHLPAPI.DLL
0x00007ffc608c0000 - 0x00007ffc608ca000 	C:\WINDOWS\System32\NSI.dll
0x00007ffc52ba0000 - 0x00007ffc52bab000 	C:\Windows\System32\rasadhlp.dll
0x00007ffc59590000 - 0x00007ffc59616000 	C:\WINDOWS\System32\fwpuclnt.dll
0x00007ffc5a0d0000 - 0x00007ffc5a0f5000 	C:\Program Files\OpenLogic\jdk-8.0.412.08-hotspot\jre\bin\sunec.dll
0x00007ffc5e580000 - 0x00007ffc5e59b000 	C:\WINDOWS\SYSTEM32\CRYPTSP.dll
0x00007ffc5dc10000 - 0x00007ffc5dc4b000 	C:\WINDOWS\system32\rsaenh.dll
0x00007ffc5e2c0000 - 0x00007ffc5e2eb000 	C:\WINDOWS\SYSTEM32\USERENV.dll
0x00007ffc5ee30000 - 0x00007ffc5ee56000 	C:\WINDOWS\SYSTEM32\bcrypt.dll
0x00007ffc53280000 - 0x00007ffc5329f000 	C:\WINDOWS\SYSTEM32\dhcpcsvc6.DLL
0x00007ffc53250000 - 0x00007ffc53275000 	C:\WINDOWS\SYSTEM32\dhcpcsvc.DLL
0x00007ffc5b040000 - 0x00007ffc5b04e000 	C:\Program Files\OpenLogic\jdk-8.0.412.08-hotspot\jre\bin\sunmscapi.dll
0x00007ffc5f6a0000 - 0x00007ffc5f817000 	C:\WINDOWS\System32\CRYPT32.dll
0x00007ffc5e6d0000 - 0x00007ffc5e700000 	C:\WINDOWS\SYSTEM32\ncrypt.dll
0x00007ffc5e680000 - 0x00007ffc5e6bf000 	C:\WINDOWS\SYSTEM32\NTASN1.dll
0x0000000180000000 - 0x0000000180025000 	C:\Program Files\OpenLogic\jdk-8.0.412.08-hotspot\jre\bin\rxtxSerial.dll
0x00007ffc5c6d0000 - 0x00007ffc5c911000 	C:\WINDOWS\SYSTEM32\dbghelp.dll

VM Arguments:
jvm_args: -Dfile.encoding=UTF-8 
java_command: com.soltelec.Inicio.Inicio
java_class_path (initial): C:\Users\user\Documents\Soltelec\SART\SART\lib\slf4j-api-1.7.2.jar;C:\Users\user\Documents\Soltelec\SART\SART\lib\mysql-connector-java-8.0.26.jar;C:\Users\user\Documents\Soltelec\SART\SART\lib\axis-1.4.jar;C:\Users\user\Documents\Soltelec\SART\SART\lib\axis-wsdl4j-1.5.1.jar;C:\Users\user\Documents\Soltelec\SART\SART\lib\GiovynetDriver.jar;C:\Users\user\Documents\Soltelec\SART\SART\lib\commons-discovery-0.5.jar;C:\Users\user\Documents\Soltelec\SART\SART\lib\eclipselink.jar;C:\Users\user\Documents\Soltelec\SART\SART\lib\ini4j-0.5.1.jar;C:\Users\user\Documents\Soltelec\SART\SART\lib\javacsv.jar;C:\Users\user\Documents\Soltelec\SART\SART\lib\javax.persistence_2.1.0.v201304241213.jar;C:\Users\user\Documents\Soltelec\SART\SART\lib\jaxrpc-api-1.1.jar;C:\Users\user\Documents\Soltelec\SART\SART\lib\jfreechart-1.0.13.jar;C:\Users\user\Documents\Soltelec\SART\SART\lib\jfxtras-labs-2.2-r4.jar;C:\Users\user\Documents\Soltelec\SART\SART\lib\jna-3.2.7.jar;C:\Users\user\Documents\Soltelec\SART\SART\lib\jna-4.1.0.jar;C:\Users\user\Documents\Soltelec\SART\SART\lib\RXTXcomm.jar;C:\Users\user\Documents\Soltelec\SART\SART\lib\TrafficLight2.jar;C:\Users\user\Documents\Soltelec\SART\SART\lib\org.eclipse.persistence.jpa.jpql_2.5.1.v20130918-f2b9fc5.jar;C:\Users\user\Documents\Soltelec\SART\SART\lib\orson-0.5.0.jar;C:\Users\user\Documents\Soltelec\SART\SART\lib\platform.jar;C:\Users\user\Documents\Soltelec\SART\SART\lib\postgresql-9.3-1103.jdbc41.jar;C:\Users\user\Documents\Soltelec\SART\SART\lib\swingx-1.6.jar;C:\Users\user\Documents\Soltelec\SART\SART\lib\trident.jar;C:\Users\user\Documents\Soltelec\SART\SART\lib\vlcj-1.2.0-test.jar;C:\Users\user\Documents\Soltelec\SART\SART\lib\vlcj-1.2.0.jar;C:\Users\user\Documents\Soltelec\SART\SART\lib\webcam-capture-0.3.10-RC6.jar;C:\Users\user\Documents\Soltelec\SART\SART\lib\xml-apis-1.3.02.jar;C:\Users\user\Documents\Soltelec\SART\SART\lib\SteelSeries-3.9.31.0.jar;C:\Users\user\Documents\Soltelec\SART\SART\lib\jcommon-
Launcher Type: SUN_STANDARD

Environment Variables:
JAVA_HOME=C:\Program Files (x86)\OpenLogic\jdk-8.0.422.05-hotspot\
PATH=C:\Program Files (x86)\OpenLogic\jdk-8.0.422.05-hotspot\bin;C:\Program Files\OpenLogic\jdk-17.0.11.9-hotspot\bin;C:\WINDOWS\system32;C:\WINDOWS;C:\WINDOWS\System32\Wbem;C:\WINDOWS\System32\WindowsPowerShell\v1.0\;C:\WINDOWS\System32\OpenSSH\;C:\Program Files\Git\cmd;C:\Users\user\AppData\Roaming\nvm;C:\Program Files\nodejs;C:\Program Files\Java\jdk1.8.0_111\bin;C:\Program Files\MySQL\MySQL Server 5.6\bin;C:\Program Files\PuTTY\;C:\Program Files\OpenLogic\jdk-8.0.412.08-hotspot\bin;C:\Program Files (x86)\HBT Interface - R\;C:\Gradle\gradle-8.9\bin;C:\Program Files\Docker\Docker\resources\bin;C:\Program Files\Tailscale\;C:\Program Files\MySQL\MySQL Server 8.4\bin;C:\Users\user\AppData\Local\Microsoft\WindowsApps;C:\Users\user\AppData\Local\GitHubDesktop\bin;C:\Users\user\AppData\Roaming\npm;C:\Users\user\AppData\Local\Programs\Microsoft VS Code\bin
USERNAME=user
OS=Windows_NT
PROCESSOR_IDENTIFIER=Intel64 Family 6 Model 140 Stepping 1, GenuineIntel



---------------  S Y S T E M  ---------------

OS: Windows 11 , 64 bit Build 26100 (10.0.26100.4484)

CPU:total 8 (initial active 8) (4 cores per cpu, 2 threads per core) family 6 model 140 stepping 1, cmov, cx8, fxsr, mmx, sse, sse2, sse3, ssse3, sse4.1, sse4.2, popcnt, avx, avx2, aes, clmul, erms, 3dnowpref, lzcnt, ht, tsc, tscinvbit, bmi1, bmi2, adx

Memory: 4k page, physical 8075800k(577744k free), swap 31097724k(2280740k free)

vm_info: OpenJDK 64-Bit Server VM (25.412-b08) for windows-amd64 JRE (1.8.0_412-412-b08), built on Apr 22 2024 06:49:43 by "Administrator" with MS VC++ 16.10 / 16.11 (VS2019)

time: Wed Aug  6 12:02:09 2025
timezone: Hora est. Pacífico, Sudamérica
elapsed time: 59.005420 seconds (0d 0h 0m 59s)

