#
# A fatal error has been detected by the Java Runtime Environment:
#
#  EXCEPTION_ACCESS_VIOLATION (0xc0000005) at pc=0x0000000180005156, pid=3708, tid=0x000000000000102c
#
# JRE version: OpenJDK Runtime Environment (8.0_412-b08) (build 1.8.0_412-412-b08)
# Java VM: OpenJDK 64-Bit Server VM (25.412-b08 mixed mode windows-amd64 compressed oops)
# Problematic frame:
# C  [rxtxSerial.dll+0x5156]
#
# Failed to write core dump. Minidumps are not enabled by default on client versions of Windows
#
# If you would like to submit a bug report, please visit:
#   http://bugreport.java.com/bugreport/crash.jsp
# The crash happened outside the Java Virtual Machine in native code.
# See problematic frame for where to report the bug.
#

---------------  T H R E A D  ---------------

Current thread (0x000001f296441800):  JavaThread "Thread-6" [_thread_in_native, id=4140, stack(0x0000003128f00000,0x0000003129000000)]

siginfo: ExceptionCode=0xc0000005, reading address 0x0000000028eff1f8

Registers:
RAX=0x0000000028eff1f0, RBX=0x0000000000000001, RCX=0x000000018001d4d5, RDX=0xfffffffffffff665
RSP=0x0000003128ffeb70, RBP=0x000001f296441a60, RSI=0x0000000000000000, RDI=0x0000000000000000
R8 =0x0000000000000002, R9 =0xfffffffffffff63c, R10=0x000000000000020a, R11=0x8101010101010100
R12=0x0000000028eff1f0, R13=0x000001f29aae5ed0, R14=0x0000003128ffecc0, R15=0x0000000000000064
RIP=0x0000000180005156, EFLAGS=0x0000000000010206

Top of Stack: (sp=0x0000003128ffeb70)
0x0000003128ffeb70:   0000003128ffecc0 000001f296441a60
0x0000003128ffeb80:   0000000000000000 0000000000000000
0x0000003128ffeb90:   0000000028ffeca0 0000000000000001
0x0000003128ffeba0:   0000003128ffebd0 0000000000000000
0x0000003128ffebb0:   000001f29aae5ed8 000001f2945e3b88
0x0000003128ffebc0:   000001f29aae5ed8 000001f296441800
0x0000003128ffebd0:   000001f29aae5ed8 000001f296441800
0x0000003128ffebe0:   0000d026a4e8642a 0000000000001530
0x0000003128ffebf0:   000001f296441800 0000003128ffecc0
0x0000003128ffec00:   000001f29aae5ed0 0000000000000000
0x0000003128ffec10:   000001f2800080bd 0000000000001530
0x0000003128ffec20:   0000003128ffeca0 000001f280019c8e
0x0000003128ffec30:   000001f29aae5ed8 0000003128ffeca0
0x0000003128ffec40:   000001f29aae5ed8 000001f296441800
0x0000003128ffec50:   0000003128ffed70 000001f280019942
0x0000003128ffec60:   0000003128ffec60 000001f29aae5ed0 

Instructions: (pc=0x0000000180005156)
0x0000000180005136:   8d 05 d4 79 01 00 48 8b d3 48 8b cd 44 8b f8 89
0x0000000180005146:   7c 24 24 8b f7 e8 c0 e6 ff ff 8d 5f 01 4c 63 e0
0x0000000180005156:   45 8b 74 24 08 41 89 7c 24 08 45 85 ff 78 0b ff
0x0000000180005166:   15 95 1e 01 00 89 44 24 24 90 8b ce ff c6 83 f9 


Register to memory mapping:

RAX=0x0000000028eff1f0 is an unknown value
RBX=0x0000000000000001 is an unknown value
RCX=0x000000018001d4d5 is an unknown value
RDX=0xfffffffffffff665 is an unknown value
RSP=0x0000003128ffeb70 is pointing into the stack for thread: 0x000001f296441800
RBP=0x000001f296441a60 is an unknown value
RSI=0x0000000000000000 is an unknown value
RDI=0x0000000000000000 is an unknown value
R8 =0x0000000000000002 is an unknown value
R9 =0xfffffffffffff63c is an unknown value
R10=0x000000000000020a is an unknown value
R11=0x8101010101010100 is an unknown value
R12=0x0000000028eff1f0 is an unknown value
R13=0x000001f29aae5ed0 is pointing into metadata
R14=0x0000003128ffecc0 is pointing into the stack for thread: 0x000001f296441800
R15=0x0000000000000064 is an unknown value


Stack: [0x0000003128f00000,0x0000003129000000],  sp=0x0000003128ffeb70,  free space=1018k
Native frames: (J=compiled Java code, j=interpreted, Vv=VM code, C=native code)
C  [rxtxSerial.dll+0x5156]
C  0x000001f280019c8e

Java frames: (J=compiled Java code, j=interpreted, Vv=VM code)
j  gnu.io.RXTXPort.readByte()I+0
j  gnu.io.RXTXPort$SerialInputStream.read()I+81
j  com.soltelec.opacimetro.brianbee.OpacimetroBrianBee.enviarRecibirTrama([B)[B+149
j  com.soltelec.opacimetro.brianbee.OpacimetroBrianBee.obtenerDatos()Lorg/soltelec/util/MedicionOpacidad;+86
j  org.soltelec.procesosopacimetro.WorkerDatosOpacimetro.doInBackground()Ljava/lang/Integer;+50
j  org.soltelec.procesosopacimetro.WorkerDatosOpacimetro.doInBackground()Ljava/lang/Object;+1
j  javax.swing.SwingWorker$1.call()Ljava/lang/Object;+14
j  java.util.concurrent.FutureTask.run()V+42
j  javax.swing.SwingWorker.run()V+4
j  java.lang.Thread.run()V+11
v  ~StubRoutines::call_stub

---------------  P R O C E S S  ---------------

Java Threads: ( => current thread )
=>0x000001f296441800 JavaThread "Thread-6" [_thread_in_native, id=4140, stack(0x0000003128f00000,0x0000003129000000)]
  0x000001f29643f000 JavaThread "Thread-5" [_thread_in_native, id=18716, stack(0x0000003128e00000,0x0000003128f00000)]
  0x000001f296440000 JavaThread "Image Fetcher 0" daemon [_thread_blocked, id=18412, stack(0x0000003128d00000,0x0000003128e00000)]
  0x000001f296444800 JavaThread "SwingWorker-pool-2-thread-1" daemon [_thread_blocked, id=14452, stack(0x0000003128c00000,0x0000003128d00000)]
  0x000001f295d79800 JavaThread "Keep-Alive-Timer" daemon [_thread_blocked, id=5888, stack(0x0000003128b00000,0x0000003128c00000)]
  0x000001f296119000 JavaThread "mysql-cj-abandoned-connection-cleanup" daemon [_thread_blocked, id=10980, stack(0x0000003128a00000,0x0000003128b00000)]
  0x000001f295dd7000 JavaThread "TimerQueue" daemon [_thread_blocked, id=3776, stack(0x0000003128900000,0x0000003128a00000)]
  0x000001f2fc718000 JavaThread "DestroyJavaVM" [_thread_blocked, id=20212, stack(0x0000003126d00000,0x0000003126e00000)]
  0x000001f294e35800 JavaThread "AWT-EventQueue-0" [_thread_blocked, id=19512, stack(0x0000003128400000,0x0000003128500000)]
  0x000001f294dd6000 JavaThread "AWT-Windows" daemon [_thread_in_native, id=14900, stack(0x0000003128300000,0x0000003128400000)]
  0x000001f294dd5000 JavaThread "AWT-Shutdown" [_thread_blocked, id=10320, stack(0x0000003128200000,0x0000003128300000)]
  0x000001f294dd4000 JavaThread "Java2D Disposer" daemon [_thread_blocked, id=24204, stack(0x0000003128100000,0x0000003128200000)]
  0x000001f294568800 JavaThread "Service Thread" daemon [_thread_blocked, id=18816, stack(0x0000003127f00000,0x0000003128000000)]
  0x000001f2ff8fd000 JavaThread "C1 CompilerThread3" daemon [_thread_blocked, id=13384, stack(0x0000003127e00000,0x0000003127f00000)]
  0x000001f2ff8f8800 JavaThread "C2 CompilerThread2" daemon [_thread_blocked, id=14772, stack(0x0000003127d00000,0x0000003127e00000)]
  0x000001f2ff8f7800 JavaThread "C2 CompilerThread1" daemon [_thread_blocked, id=20388, stack(0x0000003127c00000,0x0000003127d00000)]
  0x000001f2ff8f4000 JavaThread "C2 CompilerThread0" daemon [_thread_blocked, id=15416, stack(0x0000003127b00000,0x0000003127c00000)]
  0x000001f2ff8ed800 JavaThread "Attach Listener" daemon [_thread_blocked, id=16584, stack(0x0000003127a00000,0x0000003127b00000)]
  0x000001f2ff8e9000 JavaThread "Signal Dispatcher" daemon [_thread_blocked, id=18724, stack(0x0000003127900000,0x0000003127a00000)]
  0x000001f2ff8c6000 JavaThread "Finalizer" daemon [_thread_blocked, id=21444, stack(0x0000003127800000,0x0000003127900000)]
  0x000001f2ff8b6800 JavaThread "Reference Handler" daemon [_thread_blocked, id=4596, stack(0x0000003127700000,0x0000003127800000)]

Other Threads:
  0x000001f2ff88d000 VMThread [stack: 0x0000003127600000,0x0000003127700000] [id=11836]
  0x000001f29457c800 WatcherThread [stack: 0x0000003128000000,0x0000003128100000] [id=15956]

VM state:not at safepoint (normal execution)

VM Mutex/Monitor currently owned by a thread: None

heap address: 0x0000000084c00000, size: 1972 MB, Compressed Oops mode: 32-bit
Narrow klass base: 0x0000000000000000, Narrow klass shift: 3
Compressed class space size: 1073741824 Address: 0x0000000100000000

Heap:
 PSYoungGen      total 149504K, used 18354K [0x00000000d6f00000, 0x00000000e8500000, 0x0000000100000000)
  eden space 121344K, 15% used [0x00000000d6f00000,0x00000000d80eca60,0x00000000de580000)
  from space 28160K, 0% used [0x00000000de580000,0x00000000de580000,0x00000000e0100000)
  to   space 26624K, 0% used [0x00000000e6b00000,0x00000000e6b00000,0x00000000e8500000)
 ParOldGen       total 83456K, used 23702K [0x0000000084c00000, 0x0000000089d80000, 0x00000000d6f00000)
  object space 83456K, 28% used [0x0000000084c00000,0x0000000086325a00,0x0000000089d80000)
 Metaspace       used 36850K, capacity 37188K, committed 37720K, reserved 1083392K
  class space    used 4564K, capacity 4651K, committed 4736K, reserved 1048576K

Card table byte_map: [0x000001f2fe3d0000,0x000001f2fe7b0000] byte_map_base: 0x000001f2fdfaa000

Marking Bits: (ParMarkBitMap*) 0x0000000076c5d850
 Begin Bits: [0x000001f28f000000, 0x000001f290ed0000)
 End Bits:   [0x000001f290ed0000, 0x000001f292da0000)

Polling page: 0x000001f2fdfe0000

CodeCache: size=245760Kb used=11156Kb max_used=11156Kb free=234603Kb
 bounds [0x000001f280000000, 0x000001f280b00000, 0x000001f28f000000]
 total_blobs=4385 nmethods=3673 adapters=623
 compilation: enabled

Compilation events (10 events):
Event: 43.338 Thread 0x000001f2ff8fd000 4083       3       sun.java2d.SunGraphics2D::clipRect (17 bytes)
Event: 43.338 Thread 0x000001f2ff8fd000 nmethod 4083 0x000001f280af1450 code [0x000001f280af1600, 0x000001f280af1cb0]
Event: 43.338 Thread 0x000001f2ff8fd000 4085       3       sun.font.TrueTypeGlyphMapper::charToGlyph (54 bytes)
Event: 43.338 Thread 0x000001f2ff8fd000 nmethod 4085 0x000001f280aedb50 code [0x000001f280aedce0, 0x000001f280aedff0]
Event: 43.338 Thread 0x000001f2ff8fd000 4084       1       javax.swing.JComponent::alwaysOnTop (2 bytes)
Event: 43.338 Thread 0x000001f2ff8fd000 nmethod 4084 0x000001f280af1f90 code [0x000001f280af20e0, 0x000001f280af21f8]
Event: 43.339 Thread 0x000001f2ff8fd000 4086       1       java.awt.geom.Rectangle2D$Float::getWidth (6 bytes)
Event: 43.339 Thread 0x000001f2ff8fd000 nmethod 4086 0x000001f280af2250 code [0x000001f280af23a0, 0x000001f280af24b8]
Event: 43.340 Thread 0x000001f2ff8fd000 4087       3       sun.java2d.SunGraphics2D::drawImage (11 bytes)
Event: 43.340 Thread 0x000001f2ff8fd000 nmethod 4087 0x000001f280af2510 code [0x000001f280af2680, 0x000001f280af2890]

GC Heap History (10 events):
Event: 17.542 GC heap before
{Heap before GC invocations=6 (full 1):
 PSYoungGen      total 67072K, used 67047K [0x00000000d6f00000, 0x00000000db700000, 0x0000000100000000)
  eden space 61952K, 100% used [0x00000000d6f00000,0x00000000dab80000,0x00000000dab80000)
  from space 5120K, 99% used [0x00000000db200000,0x00000000db6f9eb0,0x00000000db700000)
  to   space 5120K, 0% used [0x00000000dad00000,0x00000000dad00000,0x00000000db200000)
 ParOldGen       total 78848K, used 15273K [0x0000000084c00000, 0x0000000089900000, 0x00000000d6f00000)
  object space 78848K, 19% used [0x0000000084c00000,0x0000000085aea548,0x0000000089900000)
 Metaspace       used 34280K, capacity 34628K, committed 35072K, reserved 1079296K
  class space    used 4214K, capacity 4331K, committed 4352K, reserved 1048576K
Event: 17.548 GC heap after
Heap after GC invocations=6 (full 1):
 PSYoungGen      total 68608K, used 5111K [0x00000000d6f00000, 0x00000000e1e00000, 0x0000000100000000)
  eden space 63488K, 0% used [0x00000000d6f00000,0x00000000d6f00000,0x00000000dad00000)
  from space 5120K, 99% used [0x00000000dad00000,0x00000000db1fdcc8,0x00000000db200000)
  to   space 29696K, 0% used [0x00000000e0100000,0x00000000e0100000,0x00000000e1e00000)
 ParOldGen       total 78848K, used 20337K [0x0000000084c00000, 0x0000000089900000, 0x00000000d6f00000)
  object space 78848K, 25% used [0x0000000084c00000,0x0000000085fdc758,0x0000000089900000)
 Metaspace       used 34280K, capacity 34628K, committed 35072K, reserved 1079296K
  class space    used 4214K, capacity 4331K, committed 4352K, reserved 1048576K
}
Event: 20.721 GC heap before
{Heap before GC invocations=7 (full 1):
 PSYoungGen      total 68608K, used 10260K [0x00000000d6f00000, 0x00000000e1e00000, 0x0000000100000000)
  eden space 63488K, 8% used [0x00000000d6f00000,0x00000000d74074f8,0x00000000dad00000)
  from space 5120K, 99% used [0x00000000dad00000,0x00000000db1fdcc8,0x00000000db200000)
  to   space 29696K, 0% used [0x00000000e0100000,0x00000000e0100000,0x00000000e1e00000)
 ParOldGen       total 78848K, used 20337K [0x0000000084c00000, 0x0000000089900000, 0x00000000d6f00000)
  object space 78848K, 25% used [0x0000000084c00000,0x0000000085fdc758,0x0000000089900000)
 Metaspace       used 34689K, capacity 34980K, committed 35416K, reserved 1081344K
  class space    used 4254K, capacity 4363K, committed 4480K, reserved 1048576K
Event: 20.726 GC heap after
Heap after GC invocations=7 (full 1):
 PSYoungGen      total 150016K, used 5529K [0x00000000d6f00000, 0x00000000e1d00000, 0x0000000100000000)
  eden space 121344K, 0% used [0x00000000d6f00000,0x00000000d6f00000,0x00000000de580000)
  from space 28672K, 19% used [0x00000000e0100000,0x00000000e0666410,0x00000000e1d00000)
  to   space 28160K, 0% used [0x00000000de580000,0x00000000de580000,0x00000000e0100000)
 ParOldGen       total 78848K, used 20345K [0x0000000084c00000, 0x0000000089900000, 0x00000000d6f00000)
  object space 78848K, 25% used [0x0000000084c00000,0x0000000085fde758,0x0000000089900000)
 Metaspace       used 34689K, capacity 34980K, committed 35416K, reserved 1081344K
  class space    used 4254K, capacity 4363K, committed 4480K, reserved 1048576K
}
Event: 20.726 GC heap before
{Heap before GC invocations=8 (full 2):
 PSYoungGen      total 150016K, used 5529K [0x00000000d6f00000, 0x00000000e1d00000, 0x0000000100000000)
  eden space 121344K, 0% used [0x00000000d6f00000,0x00000000d6f00000,0x00000000de580000)
  from space 28672K, 19% used [0x00000000e0100000,0x00000000e0666410,0x00000000e1d00000)
  to   space 28160K, 0% used [0x00000000de580000,0x00000000de580000,0x00000000e0100000)
 ParOldGen       total 78848K, used 20345K [0x0000000084c00000, 0x0000000089900000, 0x00000000d6f00000)
  object space 78848K, 25% used [0x0000000084c00000,0x0000000085fde758,0x0000000089900000)
 Metaspace       used 34689K, capacity 34980K, committed 35416K, reserved 1081344K
  class space    used 4254K, capacity 4363K, committed 4480K, reserved 1048576K
Event: 20.776 GC heap after
Heap after GC invocations=8 (full 2):
 PSYoungGen      total 150016K, used 0K [0x00000000d6f00000, 0x00000000e1d00000, 0x0000000100000000)
  eden space 121344K, 0% used [0x00000000d6f00000,0x00000000d6f00000,0x00000000de580000)
  from space 28672K, 0% used [0x00000000e0100000,0x00000000e0100000,0x00000000e1d00000)
  to   space 28160K, 0% used [0x00000000de580000,0x00000000de580000,0x00000000e0100000)
 ParOldGen       total 83456K, used 23179K [0x0000000084c00000, 0x0000000089d80000, 0x00000000d6f00000)
  object space 83456K, 27% used [0x0000000084c00000,0x00000000862a2d00,0x0000000089d80000)
 Metaspace       used 34689K, capacity 34980K, committed 35416K, reserved 1081344K
  class space    used 4254K, capacity 4363K, committed 4480K, reserved 1048576K
}
Event: 35.192 GC heap before
{Heap before GC invocations=9 (full 2):
 PSYoungGen      total 150016K, used 32449K [0x00000000d6f00000, 0x00000000e1d00000, 0x0000000100000000)
  eden space 121344K, 26% used [0x00000000d6f00000,0x00000000d8eb0688,0x00000000de580000)
  from space 28672K, 0% used [0x00000000e0100000,0x00000000e0100000,0x00000000e1d00000)
  to   space 28160K, 0% used [0x00000000de580000,0x00000000de580000,0x00000000e0100000)
 ParOldGen       total 83456K, used 23179K [0x0000000084c00000, 0x0000000089d80000, 0x00000000d6f00000)
  object space 83456K, 27% used [0x0000000084c00000,0x00000000862a2d00,0x0000000089d80000)
 Metaspace       used 36388K, capacity 36708K, committed 37208K, reserved 1081344K
  class space    used 4498K, capacity 4619K, committed 4736K, reserved 1048576K
Event: 35.196 GC heap after
Heap after GC invocations=9 (full 2):
 PSYoungGen      total 149504K, used 6998K [0x00000000d6f00000, 0x00000000e8500000, 0x0000000100000000)
  eden space 121344K, 0% used [0x00000000d6f00000,0x00000000d6f00000,0x00000000de580000)
  from space 28160K, 24% used [0x00000000de580000,0x00000000dec55838,0x00000000e0100000)
  to   space 26624K, 0% used [0x00000000e6b00000,0x00000000e6b00000,0x00000000e8500000)
 ParOldGen       total 83456K, used 23187K [0x0000000084c00000, 0x0000000089d80000, 0x00000000d6f00000)
  object space 83456K, 27% used [0x0000000084c00000,0x00000000862a4d00,0x0000000089d80000)
 Metaspace       used 36388K, capacity 36708K, committed 37208K, reserved 1081344K
  class space    used 4498K, capacity 4619K, committed 4736K, reserved 1048576K
}
Event: 35.197 GC heap before
{Heap before GC invocations=10 (full 3):
 PSYoungGen      total 149504K, used 6998K [0x00000000d6f00000, 0x00000000e8500000, 0x0000000100000000)
  eden space 121344K, 0% used [0x00000000d6f00000,0x00000000d6f00000,0x00000000de580000)
  from space 28160K, 24% used [0x00000000de580000,0x00000000dec55838,0x00000000e0100000)
  to   space 26624K, 0% used [0x00000000e6b00000,0x00000000e6b00000,0x00000000e8500000)
 ParOldGen       total 83456K, used 23187K [0x0000000084c00000, 0x0000000089d80000, 0x00000000d6f00000)
  object space 83456K, 27% used [0x0000000084c00000,0x00000000862a4d00,0x0000000089d80000)
 Metaspace       used 36388K, capacity 36708K, committed 37208K, reserved 1081344K
  class space    used 4498K, capacity 4619K, committed 4736K, reserved 1048576K
Event: 35.261 GC heap after
Heap after GC invocations=10 (full 3):
 PSYoungGen      total 149504K, used 0K [0x00000000d6f00000, 0x00000000e8500000, 0x0000000100000000)
  eden space 121344K, 0% used [0x00000000d6f00000,0x00000000d6f00000,0x00000000de580000)
  from space 28160K, 0% used [0x00000000de580000,0x00000000de580000,0x00000000e0100000)
  to   space 26624K, 0% used [0x00000000e6b00000,0x00000000e6b00000,0x00000000e8500000)
 ParOldGen       total 83456K, used 23702K [0x0000000084c00000, 0x0000000089d80000, 0x00000000d6f00000)
  object space 83456K, 28% used [0x0000000084c00000,0x0000000086325a00,0x0000000089d80000)
 Metaspace       used 36388K, capacity 36708K, committed 37208K, reserved 1081344K
  class space    used 4498K, capacity 4619K, committed 4736K, reserved 1048576K
}

Deoptimization events (10 events):
Event: 20.687 Thread 0x000001f296444800 Uncommon trap: reason=loop_limit_check action=maybe_recompile pc=0x000001f2805f1c24 method=java.util.regex.Pattern$Start.match(Ljava/util/regex/Matcher;ILjava/lang/CharSequence;)Z @ 37
Event: 31.337 Thread 0x000001f294e35800 Uncommon trap: reason=predicate action=maybe_recompile pc=0x000001f280743f04 method=java.util.TreeMap.put(Ljava/lang/Object;Ljava/lang/Object;)Ljava/lang/Object; @ 132
Event: 31.359 Thread 0x000001f294e35800 Uncommon trap: reason=unstable_if action=reinterpret pc=0x000001f2802edac4 method=java.lang.StrictMath.floorOrCeil(DDDD)D @ 14
Event: 31.377 Thread 0x000001f294e35800 Uncommon trap: reason=unstable_if action=reinterpret pc=0x000001f28080a0c4 method=sun.java2d.pisces.Renderer._endRendering(IIII)V @ 461
Event: 31.408 Thread 0x000001f294e35800 Uncommon trap: reason=unstable_if action=reinterpret pc=0x000001f28099ed30 method=java.awt.MultipleGradientPaintContext.indexIntoGradientsArrays(F)I @ 24
Event: 31.427 Thread 0x000001f294e35800 Uncommon trap: reason=unstable_if action=reinterpret pc=0x000001f2802e9a90 method=java.lang.StrictMath.floorOrCeil(DDDD)D @ 38
Event: 31.433 Thread 0x000001f294e35800 Uncommon trap: reason=unstable_if action=reinterpret pc=0x000001f2807f2834 method=sun.java2d.pisces.Renderer.emitRow([IIII)V @ 10
Event: 31.454 Thread 0x000001f294e35800 Uncommon trap: reason=unstable_if action=reinterpret pc=0x000001f280917214 method=java.lang.StrictMath.floorOrCeil(DDDD)D @ 14
Event: 31.459 Thread 0x000001f294e35800 Uncommon trap: reason=unstable_if action=reinterpret pc=0x000001f28011f310 method=sun.java2d.pisces.Renderer$ScanlineIterator.next()I @ 185
Event: 41.778 Thread 0x000001f294e35800 Uncommon trap: reason=loop_limit_check action=maybe_recompile pc=0x000001f280aa7040 method=javax.swing.GroupLayout$Group.setSize(III)V @ 31

Classes redefined (0 events):
No events

Internal exceptions (10 events):
Event: 10.282 Thread 0x000001f294e35800 Exception <a 'java/lang/NoClassDefFoundError': android/graphics/Rect> (0x00000000d9a54f78) thrown at [C:\jenkins\workspace\openjdk\jdk8u\hotspot\src\share\vm\oops\constantPool.cpp, line 609]
Event: 10.389 Thread 0x000001f2968e5800 Implicit null exception at 0x000001f28075c584 to 0x000001f28075d521
Event: 10.482 Thread 0x000001f294e35800 Exception <a 'java/lang/NullPointerException'> (0x00000000da02d808) thrown at [C:\jenkins\workspace\openjdk\jdk8u\hotspot\src\share\vm\interpreter\linkResolver.cpp, line 1185]
Event: 10.482 Thread 0x000001f2963e0000 Implicit null exception at 0x000001f280762298 to 0x000001f2807633d9
Event: 20.841 Thread 0x000001f294e35800 Exception <a 'java/io/FileNotFoundException'> (0x00000000d6fe8018) thrown at [C:\jenkins\workspace\openjdk\jdk8u\hotspot\src\share\vm\prims\jni.cpp, line 712]
Event: 26.111 Thread 0x000001f294e35800 Exception <a 'java/io/FileNotFoundException'> (0x00000000d6fff070) thrown at [C:\jenkins\workspace\openjdk\jdk8u\hotspot\src\share\vm\prims\jni.cpp, line 712]
Event: 26.113 Thread 0x000001f294e35800 Exception <a 'java/io/FileNotFoundException'> (0x00000000d7018e38) thrown at [C:\jenkins\workspace\openjdk\jdk8u\hotspot\src\share\vm\prims\jni.cpp, line 712]
Event: 31.321 Thread 0x000001f294e35800 Exception <a 'java/io/FileNotFoundException'> (0x00000000d702f998) thrown at [C:\jenkins\workspace\openjdk\jdk8u\hotspot\src\share\vm\prims\jni.cpp, line 712]
Event: 35.270 Thread 0x000001f294e35800 Exception <a 'java/io/FileNotFoundException'> (0x00000000d6f6de98) thrown at [C:\jenkins\workspace\openjdk\jdk8u\hotspot\src\share\vm\prims\jni.cpp, line 712]
Event: 40.540 Thread 0x000001f294e35800 Exception <a 'java/io/FileNotFoundException'> (0x00000000d6f84be0) thrown at [C:\jenkins\workspace\openjdk\jdk8u\hotspot\src\share\vm\prims\jni.cpp, line 712]

Events (10 events):
Event: 43.308 loading class org/soltelec/procesosopacimetro/WorkerDatosOpacimetro done
Event: 43.309 Thread 0x000001f296441800 Thread added: 0x000001f296441800
Event: 43.310 loading class com/soltelec/opacimetro/brianbee/MensajeOpacimetroBrianBee
Event: 43.310 loading class com/soltelec/opacimetro/brianbee/MensajeOpacimetroBrianBee done
Event: 43.310 loading class com/soltelec/opacimetro/brianbee/UtilOpacimetroBrianBee
Event: 43.310 loading class com/soltelec/opacimetro/brianbee/UtilOpacimetroBrianBee done
Event: 43.311 Executing VM operation: BulkRevokeBias
Event: 43.311 Executing VM operation: BulkRevokeBias done
Event: 43.321 loading class eu/hansolo/steelseries/gauges/DisplayMulti$2
Event: 43.321 loading class eu/hansolo/steelseries/gauges/DisplayMulti$2 done


Dynamic libraries:
0x00007ff78b970000 - 0x00007ff78b9bd000 	C:\Program Files\OpenLogic\jdk-8.0.412.08-hotspot\bin\java.exe
0x00007ffc77390000 - 0x00007ffc775a7000 	C:\WINDOWS\SYSTEM32\ntdll.dll
0x00007ffc76d60000 - 0x00007ffc76e24000 	C:\WINDOWS\System32\KERNEL32.DLL
0x00007ffc74480000 - 0x00007ffc74853000 	C:\WINDOWS\System32\KERNELBASE.dll
0x00007ffc6ad20000 - 0x00007ffc6adb7000 	C:\WINDOWS\SYSTEM32\apphelp.dll
0x00007ffc76330000 - 0x00007ffc763e1000 	C:\WINDOWS\System32\ADVAPI32.dll
0x00007ffc751f0000 - 0x00007ffc75297000 	C:\WINDOWS\System32\msvcrt.dll
0x00007ffc76670000 - 0x00007ffc76717000 	C:\WINDOWS\System32\sechost.dll
0x00007ffc74bc0000 - 0x00007ffc74be8000 	C:\WINDOWS\System32\bcrypt.dll
0x00007ffc75560000 - 0x00007ffc75674000 	C:\WINDOWS\System32\RPCRT4.dll
0x00007ffc76720000 - 0x00007ffc768d1000 	C:\WINDOWS\System32\USER32.dll
0x00007ffc74e10000 - 0x00007ffc74e36000 	C:\WINDOWS\System32\win32u.dll
0x00007ffc765c0000 - 0x00007ffc765e9000 	C:\WINDOWS\System32\GDI32.dll
0x00007ffc74860000 - 0x00007ffc74982000 	C:\WINDOWS\System32\gdi32full.dll
0x00007ffc74e40000 - 0x00007ffc74eda000 	C:\WINDOWS\System32\msvcp_win.dll
0x00007ffc74bf0000 - 0x00007ffc74d01000 	C:\WINDOWS\System32\ucrtbase.dll
0x00007ffc5b340000 - 0x00007ffc5b5db000 	C:\WINDOWS\WinSxS\amd64_microsoft.windows.common-controls_6595b64144ccf1df_6.0.22621.5262_none_2712bde373830908\COMCTL32.dll
0x00007ffc763f0000 - 0x00007ffc76421000 	C:\WINDOWS\System32\IMM32.DLL
0x00007ffc67e30000 - 0x00007ffc67e4b000 	C:\Program Files\OpenLogic\jdk-8.0.412.08-hotspot\jre\bin\vcruntime140.dll
0x00007ffc68910000 - 0x00007ffc6891c000 	C:\Program Files\OpenLogic\jdk-8.0.412.08-hotspot\jre\bin\vcruntime140_1.dll
0x00007ffc37680000 - 0x00007ffc3770d000 	C:\Program Files\OpenLogic\jdk-8.0.412.08-hotspot\jre\bin\msvcp140.dll
0x0000000076440000 - 0x0000000076cd7000 	C:\Program Files\OpenLogic\jdk-8.0.412.08-hotspot\jre\bin\server\jvm.dll
0x00007ffc75760000 - 0x00007ffc75768000 	C:\WINDOWS\System32\PSAPI.DLL
0x00007ffc67f80000 - 0x00007ffc67f8a000 	C:\WINDOWS\SYSTEM32\VERSION.dll
0x00007ffc54b80000 - 0x00007ffc54b89000 	C:\WINDOWS\SYSTEM32\WSOCK32.dll
0x00007ffc6c100000 - 0x00007ffc6c134000 	C:\WINDOWS\SYSTEM32\WINMM.dll
0x00007ffc765f0000 - 0x00007ffc76661000 	C:\WINDOWS\System32\WS2_32.dll
0x00007ffc73570000 - 0x00007ffc73588000 	C:\WINDOWS\SYSTEM32\kernel.appcore.dll
0x00007ffc67dc0000 - 0x00007ffc67dd0000 	C:\Program Files\OpenLogic\jdk-8.0.412.08-hotspot\jre\bin\verify.dll
0x00007ffc5b170000 - 0x00007ffc5b19b000 	C:\Program Files\OpenLogic\jdk-8.0.412.08-hotspot\jre\bin\java.dll
0x00007ffc67da0000 - 0x00007ffc67db8000 	C:\Program Files\OpenLogic\jdk-8.0.412.08-hotspot\jre\bin\zip.dll
0x00007ffc75a90000 - 0x00007ffc7632d000 	C:\WINDOWS\System32\SHELL32.dll
0x00007ffc74ee0000 - 0x00007ffc7501f000 	C:\WINDOWS\System32\wintypes.dll
0x00007ffc76e30000 - 0x00007ffc771c3000 	C:\WINDOWS\System32\combase.dll
0x00007ffc72380000 - 0x00007ffc72c9d000 	C:\WINDOWS\SYSTEM32\windows.storage.dll
0x00007ffc752c0000 - 0x00007ffc753cb000 	C:\WINDOWS\System32\SHCORE.dll
0x00007ffc754f0000 - 0x00007ffc75556000 	C:\WINDOWS\System32\shlwapi.dll
0x00007ffc743b0000 - 0x00007ffc743db000 	C:\WINDOWS\SYSTEM32\profapi.dll
0x00007ffc2a2f0000 - 0x00007ffc2a46c000 	C:\Program Files\OpenLogic\jdk-8.0.412.08-hotspot\jre\bin\awt.dll
0x00007ffc75680000 - 0x00007ffc75757000 	C:\WINDOWS\System32\OLEAUT32.dll
0x00007ffc6ea40000 - 0x00007ffc6eaf3000 	C:\WINDOWS\system32\uxtheme.dll
0x00007ffc75770000 - 0x00007ffc758ce000 	C:\WINDOWS\System32\MSCTF.dll
0x00007ffc758e0000 - 0x00007ffc75a81000 	C:\WINDOWS\System32\ole32.dll
0x00007ffc74d10000 - 0x00007ffc74d8b000 	C:\WINDOWS\System32\bcryptPrimitives.dll
0x00007ffc6ecd0000 - 0x00007ffc6ecfe000 	C:\WINDOWS\system32\DWMAPI.DLL
0x00007ffc41800000 - 0x00007ffc41900000 	C:\WINDOWS\system32\opengl32.dll
0x00007ffc417d0000 - 0x00007ffc417fd000 	C:\WINDOWS\SYSTEM32\GLU32.dll
0x00007ffc71790000 - 0x00007ffc717c7000 	C:\WINDOWS\SYSTEM32\dxcore.dll
0x00007ffc5b140000 - 0x00007ffc5b16d000 	C:\Program Files\OpenLogic\jdk-8.0.412.08-hotspot\jre\bin\jpeg.dll
0x00007ffc2b7e0000 - 0x00007ffc2b88b000 	C:\Program Files\OpenLogic\jdk-8.0.412.08-hotspot\jre\bin\freetype.dll
0x00007ffc37c90000 - 0x00007ffc37cdf000 	C:\Program Files\OpenLogic\jdk-8.0.412.08-hotspot\jre\bin\fontmanager.dll
0x00007ffc753d0000 - 0x00007ffc75480000 	C:\WINDOWS\System32\clbcatq.dll
0x00007ffc6e850000 - 0x00007ffc6ea00000 	C:\WINDOWS\SYSTEM32\WindowsCodecs.dll
0x00007ffc4a0a0000 - 0x00007ffc4a0fe000 	C:\WINDOWS\system32\dataexchange.dll
0x00007ffc645c0000 - 0x00007ffc64866000 	C:\WINDOWS\system32\twinapi.appcore.dll
0x00007ffc5b890000 - 0x00007ffc5b8ac000 	C:\Program Files\OpenLogic\jdk-8.0.412.08-hotspot\jre\bin\net.dll
0x00007ffc739e0000 - 0x00007ffc73a4a000 	C:\WINDOWS\system32\mswsock.dll
0x00007ffc5b080000 - 0x00007ffc5b093000 	C:\Program Files\OpenLogic\jdk-8.0.412.08-hotspot\jre\bin\nio.dll
0x00007ffc5c6d0000 - 0x00007ffc5c813000 	C:\WINDOWS\SYSTEM32\textinputframework.dll
0x00007ffc6a090000 - 0x00007ffc6a1c5000 	C:\WINDOWS\SYSTEM32\CoreMessaging.dll
0x00007ffc66f20000 - 0x00007ffc6728c000 	C:\WINDOWS\SYSTEM32\CoreUIComponents.dll
0x00007ffc73d10000 - 0x00007ffc73d1c000 	C:\WINDOWS\SYSTEM32\CRYPTBASE.DLL
0x00007ffc72fe0000 - 0x00007ffc730d8000 	C:\WINDOWS\SYSTEM32\DNSAPI.dll
0x00007ffc72f70000 - 0x00007ffc72f9d000 	C:\WINDOWS\SYSTEM32\IPHLPAPI.DLL
0x00007ffc76490000 - 0x00007ffc76499000 	C:\WINDOWS\System32\NSI.dll
0x00007ffc6b0b0000 - 0x00007ffc6b0ba000 	C:\Windows\System32\rasadhlp.dll
0x00007ffc6b9f0000 - 0x00007ffc6ba73000 	C:\WINDOWS\System32\fwpuclnt.dll
0x00007ffc53fb0000 - 0x00007ffc53fd5000 	C:\Program Files\OpenLogic\jdk-8.0.412.08-hotspot\jre\bin\sunec.dll
0x00007ffc73d30000 - 0x00007ffc73d4b000 	C:\WINDOWS\SYSTEM32\CRYPTSP.dll
0x00007ffc734d0000 - 0x00007ffc73507000 	C:\WINDOWS\system32\rsaenh.dll
0x00007ffc73a80000 - 0x00007ffc73aa8000 	C:\WINDOWS\SYSTEM32\USERENV.dll
0x00007ffc6c330000 - 0x00007ffc6c349000 	C:\WINDOWS\SYSTEM32\dhcpcsvc6.DLL
0x00007ffc6c0e0000 - 0x00007ffc6c0ff000 	C:\WINDOWS\SYSTEM32\dhcpcsvc.DLL
0x0000000180000000 - 0x0000000180025000 	C:\Program Files\OpenLogic\jdk-8.0.412.08-hotspot\jre\bin\rxtxSerial.dll
0x00007ffc71d90000 - 0x00007ffc71fc2000 	C:\WINDOWS\SYSTEM32\dbghelp.dll

VM Arguments:
jvm_args: -Dfile.encoding=UTF-8 
java_command: com.soltelec.Inicio.Inicio
java_class_path (initial): C:\Users\user\Documents\Soltelec\SART\SART\lib\slf4j-api-1.7.2.jar;C:\Users\user\Documents\Soltelec\SART\SART\lib\mysql-connector-java-8.0.26.jar;C:\Users\user\Documents\Soltelec\SART\SART\lib\axis-1.4.jar;C:\Users\user\Documents\Soltelec\SART\SART\lib\axis-wsdl4j-1.5.1.jar;C:\Users\user\Documents\Soltelec\SART\SART\lib\GiovynetDriver.jar;C:\Users\user\Documents\Soltelec\SART\SART\lib\commons-discovery-0.5.jar;C:\Users\user\Documents\Soltelec\SART\SART\lib\eclipselink.jar;C:\Users\user\Documents\Soltelec\SART\SART\lib\ini4j-0.5.1.jar;C:\Users\user\Documents\Soltelec\SART\SART\lib\javacsv.jar;C:\Users\user\Documents\Soltelec\SART\SART\lib\javax.persistence_2.1.0.v201304241213.jar;C:\Users\user\Documents\Soltelec\SART\SART\lib\jaxrpc-api-1.1.jar;C:\Users\user\Documents\Soltelec\SART\SART\lib\jfreechart-1.0.13.jar;C:\Users\user\Documents\Soltelec\SART\SART\lib\jfxtras-labs-2.2-r4.jar;C:\Users\user\Documents\Soltelec\SART\SART\lib\jna-3.2.7.jar;C:\Users\user\Documents\Soltelec\SART\SART\lib\jna-4.1.0.jar;C:\Users\user\Documents\Soltelec\SART\SART\lib\RXTXcomm.jar;C:\Users\user\Documents\Soltelec\SART\SART\lib\TrafficLight2.jar;C:\Users\user\Documents\Soltelec\SART\SART\lib\org.eclipse.persistence.jpa.jpql_2.5.1.v20130918-f2b9fc5.jar;C:\Users\user\Documents\Soltelec\SART\SART\lib\orson-0.5.0.jar;C:\Users\user\Documents\Soltelec\SART\SART\lib\platform.jar;C:\Users\user\Documents\Soltelec\SART\SART\lib\postgresql-9.3-1103.jdbc41.jar;C:\Users\user\Documents\Soltelec\SART\SART\lib\swingx-1.6.jar;C:\Users\user\Documents\Soltelec\SART\SART\lib\trident.jar;C:\Users\user\Documents\Soltelec\SART\SART\lib\vlcj-1.2.0-test.jar;C:\Users\user\Documents\Soltelec\SART\SART\lib\vlcj-1.2.0.jar;C:\Users\user\Documents\Soltelec\SART\SART\lib\webcam-capture-0.3.10-RC6.jar;C:\Users\user\Documents\Soltelec\SART\SART\lib\xml-apis-1.3.02.jar;C:\Users\user\Documents\Soltelec\SART\SART\lib\SteelSeries-3.9.31.0.jar;C:\Users\user\Documents\Soltelec\SART\SART\lib\jcommon-
Launcher Type: SUN_STANDARD

Environment Variables:
JAVA_HOME=C:\Program Files (x86)\OpenLogic\jdk-8.0.422.05-hotspot\
PATH=C:\Program Files (x86)\Common Files\Oracle\Java\java8path;C:\Program Files (x86)\Common Files\Oracle\Java\javapath;C:\Program Files (x86)\OpenLogic\jdk-8.0.422.05-hotspot\bin;C:\Program Files\OpenLogic\jdk-17.0.11.9-hotspot\bin;C:\WINDOWS\system32;C:\WINDOWS;C:\WINDOWS\System32\Wbem;C:\WINDOWS\System32\WindowsPowerShell\v1.0\;C:\WINDOWS\System32\OpenSSH\;C:\Program Files\Git\cmd;C:\Users\user\AppData\Roaming\nvm;C:\Program Files\nodejs;C:\Program Files\Java\jdk1.8.0_111\bin;C:\Program Files\MySQL\MySQL Server 5.6\bin;C:\Program Files\PuTTY\;C:\Program Files\OpenLogic\jdk-8.0.412.08-hotspot\bin;C:\Program Files (x86)\HBT Interface - R\;C:\Gradle\gradle-8.9\bin;;C:\Program Files\Docker\Docker\resources\bin;C:\Users\user\AppData\Local\Microsoft\WindowsApps;C:\Users\user\AppData\Local\GitHubDesktop\bin;C:\Users\user\AppData\Roaming\npm;C:\Users\user\AppData\Local\Programs\Microsoft VS Code\bin
USERNAME=user
OS=Windows_NT
PROCESSOR_IDENTIFIER=Intel64 Family 6 Model 140 Stepping 1, GenuineIntel



---------------  S Y S T E M  ---------------

OS: Windows 11 , 64 bit Build 22621 (10.0.22621.5262)

CPU:total 8 (initial active 8) (4 cores per cpu, 2 threads per core) family 6 model 140 stepping 1, cmov, cx8, fxsr, mmx, sse, sse2, sse3, ssse3, sse4.1, sse4.2, popcnt, avx, avx2, aes, clmul, erms, 3dnowpref, lzcnt, ht, tsc, tscinvbit, bmi1, bmi2, adx

Memory: 4k page, physical 8075800k(339508k free), swap 19118788k(2109808k free)

vm_info: OpenJDK 64-Bit Server VM (25.412-b08) for windows-amd64 JRE (1.8.0_412-412-b08), built on Apr 22 2024 06:49:43 by "Administrator" with MS VC++ 16.10 / 16.11 (VS2019)

time: Sat May 31 15:22:28 2025
timezone: Hora est. Pacífico, Sudamérica
elapsed time: 43.397609 seconds (0d 0h 0m 43s)

