#
# A fatal error has been detected by the Java Runtime Environment:
#
#  EXCEPTION_ACCESS_VIOLATION (0xc0000005) at pc=0x0000000180005156, pid=15036, tid=0x00000000000045fc
#
# JRE version: OpenJDK Runtime Environment (8.0_412-b08) (build 1.8.0_412-412-b08)
# Java VM: OpenJDK 64-Bit Server VM (25.412-b08 mixed mode windows-amd64 compressed oops)
# Problematic frame:
# C  [rxtxSerial.dll+0x5156]
#
# Failed to write core dump. Minidumps are not enabled by default on client versions of Windows
#
# If you would like to submit a bug report, please visit:
#   http://bugreport.java.com/bugreport/crash.jsp
# The crash happened outside the Java Virtual Machine in native code.
# See problematic frame for where to report the bug.
#

---------------  T H R E A D  ---------------

Current thread (0x000001e7e424a800):  JavaThread "Thread-6" [_thread_in_native, id=17916, stack(0x0000007c58b00000,0x0000007c58c00000)]

siginfo: ExceptionCode=0xc0000005, reading address 0x0000000058afed28

Registers:
RAX=0x0000000058afed20, RBX=0x0000000000000001, RCX=0x000000018001d4d5, RDX=0xfffffffffffff665
RSP=0x0000007c58bfe9b0, RBP=0x000001e7e424aa60, RSI=0x0000000000000000, RDI=0x0000000000000000
R8 =0x0000000000000002, R9 =0xfffffffffffff63c, R10=0x000000000000021a, R11=0x8101010101010100
R12=0x0000000058afed20, R13=0x000001e7ec0560e0, R14=0x0000007c58bfeb00, R15=0x0000000000000064
RIP=0x0000000180005156, EFLAGS=0x0000000000010206

Top of Stack: (sp=0x0000007c58bfe9b0)
0x0000007c58bfe9b0:   0000007c58bfeb00 000001e7e424aa60
0x0000007c58bfe9c0:   0000000000000000 0000000000000000
0x0000007c58bfe9d0:   0000000058bfeae0 0000000000000001
0x0000007c58bfe9e0:   0000007c58bfea10 0000000000000000
0x0000007c58bfe9f0:   000001e7ec0560e8 000001e7e8642e28
0x0000007c58bfea00:   000001e7ec0560e8 000001e7e424a800
0x0000007c58bfea10:   000001e7ec0560e8 000001e7e424a800
0x0000007c58bfea20:   0000d049d298b6c7 0000000000001790
0x0000007c58bfea30:   000001e7e424a800 0000007c58bfeb00
0x0000007c58bfea40:   000001e7ec0560e0 0000000000000000
0x0000007c58bfea50:   000001e7cfbc80bd 0000000000001790
0x0000007c58bfea60:   0000007c58bfeae0 000001e7cfbd9c8e
0x0000007c58bfea70:   000001e7ec0560e8 0000007c58bfeae0
0x0000007c58bfea80:   000001e7ec0560e8 000001e7e424a800
0x0000007c58bfea90:   0000007c58bfebb0 000001e7cfbd9942
0x0000007c58bfeaa0:   0000007c58bfeaa0 000001e7ec0560e0 

Instructions: (pc=0x0000000180005156)
0x0000000180005136:   8d 05 d4 79 01 00 48 8b d3 48 8b cd 44 8b f8 89
0x0000000180005146:   7c 24 24 8b f7 e8 c0 e6 ff ff 8d 5f 01 4c 63 e0
0x0000000180005156:   45 8b 74 24 08 41 89 7c 24 08 45 85 ff 78 0b ff
0x0000000180005166:   15 95 1e 01 00 89 44 24 24 90 8b ce ff c6 83 f9 


Register to memory mapping:

RAX=0x0000000058afed20 is an unknown value
RBX=0x0000000000000001 is an unknown value
RCX=0x000000018001d4d5 is an unknown value
RDX=0xfffffffffffff665 is an unknown value
RSP=0x0000007c58bfe9b0 is pointing into the stack for thread: 0x000001e7e424a800
RBP=0x000001e7e424aa60 is an unknown value
RSI=0x0000000000000000 is an unknown value
RDI=0x0000000000000000 is an unknown value
R8 =0x0000000000000002 is an unknown value
R9 =0xfffffffffffff63c is an unknown value
R10=0x000000000000021a is an unknown value
R11=0x8101010101010100 is an unknown value
R12=0x0000000058afed20 is an unknown value
R13=0x000001e7ec0560e0 is pointing into metadata
R14=0x0000007c58bfeb00 is pointing into the stack for thread: 0x000001e7e424a800
R15=0x0000000000000064 is an unknown value


Stack: [0x0000007c58b00000,0x0000007c58c00000],  sp=0x0000007c58bfe9b0,  free space=1018k
Native frames: (J=compiled Java code, j=interpreted, Vv=VM code, C=native code)
C  [rxtxSerial.dll+0x5156]
C  0x000001e7cfbd9c8e

Java frames: (J=compiled Java code, j=interpreted, Vv=VM code)
j  gnu.io.RXTXPort.readByte()I+0
j  gnu.io.RXTXPort$SerialInputStream.read()I+81
j  com.soltelec.opacimetro.brianbee.OpacimetroBrianBee.enviarRecibirTrama([B)[B+149
j  com.soltelec.opacimetro.brianbee.OpacimetroBrianBee.obtenerDatos()Lorg/soltelec/util/MedicionOpacidad;+86
j  org.soltelec.procesosopacimetro.WorkerDatosOpacimetro.doInBackground()Ljava/lang/Integer;+50
j  org.soltelec.procesosopacimetro.WorkerDatosOpacimetro.doInBackground()Ljava/lang/Object;+1
j  javax.swing.SwingWorker$1.call()Ljava/lang/Object;+14
j  java.util.concurrent.FutureTask.run()V+42
j  javax.swing.SwingWorker.run()V+4
j  java.lang.Thread.run()V+11
v  ~StubRoutines::call_stub

---------------  P R O C E S S  ---------------

Java Threads: ( => current thread )
=>0x000001e7e424a800 JavaThread "Thread-6" [_thread_in_native, id=17916, stack(0x0000007c58b00000,0x0000007c58c00000)]
  0x000001e7e4250800 JavaThread "Thread-5" [_thread_in_native, id=8760, stack(0x0000007c58a00000,0x0000007c58b00000)]
  0x000001e7e424f000 JavaThread "Image Fetcher 0" daemon [_thread_blocked, id=15344, stack(0x0000007c58900000,0x0000007c58a00000)]
  0x000001e7e424c000 JavaThread "SwingWorker-pool-2-thread-1" daemon [_thread_blocked, id=12496, stack(0x0000007c58800000,0x0000007c58900000)]
  0x000001e7e6c2a800 JavaThread "Keep-Alive-Timer" daemon [_thread_blocked, id=7184, stack(0x0000007c58700000,0x0000007c58800000)]
  0x000001e7e65dc800 JavaThread "mysql-cj-abandoned-connection-cleanup" daemon [_thread_blocked, id=11816, stack(0x0000007c58600000,0x0000007c58700000)]
  0x000001e7e7de5800 JavaThread "TimerQueue" daemon [_thread_blocked, id=13012, stack(0x0000007c58500000,0x0000007c58600000)]
  0x000001e7ce1d6000 JavaThread "DestroyJavaVM" [_thread_blocked, id=23596, stack(0x0000007c56900000,0x0000007c56a00000)]
  0x000001e7e6904800 JavaThread "AWT-EventQueue-0" [_thread_blocked, id=1408, stack(0x0000007c58000000,0x0000007c58100000)]
  0x000001e7e6964800 JavaThread "AWT-Windows" daemon [_thread_in_native, id=18636, stack(0x0000007c57f00000,0x0000007c58000000)]
  0x000001e7e6963800 JavaThread "AWT-Shutdown" [_thread_blocked, id=3240, stack(0x0000007c57e00000,0x0000007c57f00000)]
  0x000001e7e6963000 JavaThread "Java2D Disposer" daemon [_thread_blocked, id=4988, stack(0x0000007c57d00000,0x0000007c57e00000)]
  0x000001e7e6110000 JavaThread "Service Thread" daemon [_thread_blocked, id=17888, stack(0x0000007c57b00000,0x0000007c57c00000)]
  0x000001e7e424d800 JavaThread "C1 CompilerThread3" daemon [_thread_blocked, id=10592, stack(0x0000007c57a00000,0x0000007c57b00000)]
  0x000001e7e424e800 JavaThread "C2 CompilerThread2" daemon [_thread_blocked, id=24444, stack(0x0000007c57900000,0x0000007c57a00000)]
  0x000001e7e423b800 JavaThread "C2 CompilerThread1" daemon [_thread_blocked, id=18396, stack(0x0000007c57800000,0x0000007c57900000)]
  0x000001e7e4237800 JavaThread "C2 CompilerThread0" daemon [_thread_blocked, id=14004, stack(0x0000007c57700000,0x0000007c57800000)]
  0x000001e7e4234000 JavaThread "Attach Listener" daemon [_thread_blocked, id=19116, stack(0x0000007c57600000,0x0000007c57700000)]
  0x000001e7e4224800 JavaThread "Signal Dispatcher" daemon [_thread_blocked, id=13092, stack(0x0000007c57500000,0x0000007c57600000)]
  0x000001e7e420b800 JavaThread "Finalizer" daemon [_thread_blocked, id=10200, stack(0x0000007c57400000,0x0000007c57500000)]
  0x000001e7e4204000 JavaThread "Reference Handler" daemon [_thread_blocked, id=19136, stack(0x0000007c57300000,0x0000007c57400000)]

Other Threads:
  0x000001e7e41da800 VMThread [stack: 0x0000007c57200000,0x0000007c57300000] [id=19916]
  0x000001e7e6126000 WatcherThread [stack: 0x0000007c57c00000,0x0000007c57d00000] [id=9528]

VM state:not at safepoint (normal execution)

VM Mutex/Monitor currently owned by a thread: None

heap address: 0x0000000084c00000, size: 1972 MB, Compressed Oops mode: 32-bit
Narrow klass base: 0x0000000000000000, Narrow klass shift: 3
Compressed class space size: 1073741824 Address: 0x0000000100000000

Heap:
 PSYoungGen      total 154624K, used 14100K [0x00000000d6f00000, 0x00000000e9680000, 0x0000000100000000)
  eden space 126464K, 11% used [0x00000000d6f00000,0x00000000d7cc52e8,0x00000000dea80000)
  from space 28160K, 0% used [0x00000000dea80000,0x00000000dea80000,0x00000000e0600000)
  to   space 26112K, 0% used [0x00000000e7d00000,0x00000000e7d00000,0x00000000e9680000)
 ParOldGen       total 77312K, used 23801K [0x0000000084c00000, 0x0000000089780000, 0x00000000d6f00000)
  object space 77312K, 30% used [0x0000000084c00000,0x000000008633e668,0x0000000089780000)
 Metaspace       used 36806K, capacity 37192K, committed 37720K, reserved 1083392K
  class space    used 4565K, capacity 4651K, committed 4736K, reserved 1048576K

Card table byte_map: [0x000001e7def80000,0x000001e7df360000] byte_map_base: 0x000001e7deb5a000

Marking Bits: (ParMarkBitMap*) 0x0000000076c5d850
 Begin Bits: [0x000001e7df600000, 0x000001e7e14d0000)
 End Bits:   [0x000001e7e14d0000, 0x000001e7e33a0000)

Polling page: 0x000001e7ce3e0000

CodeCache: size=245760Kb used=11002Kb max_used=11002Kb free=234757Kb
 bounds [0x000001e7cfbc0000, 0x000001e7d0690000, 0x000001e7debc0000]
 total_blobs=4363 nmethods=3650 adapters=623
 compilation: enabled

Compilation events (10 events):
Event: 45.889 Thread 0x000001e7e424d800 4067       1       java.text.NumberFormat::getMinimumFractionDigits (5 bytes)
Event: 45.889 Thread 0x000001e7e424d800 nmethod 4067 0x000001e7d068b110 code [0x000001e7d068b260, 0x000001e7d068b378]
Event: 45.889 Thread 0x000001e7e424d800 4057       1       sun.awt.windows.WObjectPeer::getTarget (5 bytes)
Event: 45.889 Thread 0x000001e7e424d800 nmethod 4057 0x000001e7d068b3d0 code [0x000001e7d068b520, 0x000001e7d068b638]
Event: 45.889 Thread 0x000001e7e424d800 4061       1       javax.swing.JLayeredPane::isOptimizedDrawingEnabled (5 bytes)
Event: 45.889 Thread 0x000001e7e424d800 nmethod 4061 0x000001e7d068b690 code [0x000001e7d068b7e0, 0x000001e7d068b8f8]
Event: 45.889 Thread 0x000001e7e424d800 4063       1       javax.swing.RepaintManager::access$400 (5 bytes)
Event: 45.889 Thread 0x000001e7e424d800 nmethod 4063 0x000001e7d068b950 code [0x000001e7d068baa0, 0x000001e7d068bb98]
Event: 45.889 Thread 0x000001e7e424d800 4068       1       javax.swing.JComponent::alwaysOnTop (2 bytes)
Event: 45.889 Thread 0x000001e7e424d800 nmethod 4068 0x000001e7d068bc10 code [0x000001e7d068bd60, 0x000001e7d068be78]

GC Heap History (10 events):
Event: 19.994 GC heap before
{Heap before GC invocations=6 (full 1):
 PSYoungGen      total 68608K, used 68588K [0x00000000d6f00000, 0x00000000db700000, 0x0000000100000000)
  eden space 63488K, 100% used [0x00000000d6f00000,0x00000000dad00000,0x00000000dad00000)
  from space 5120K, 99% used [0x00000000db200000,0x00000000db6fb170,0x00000000db700000)
  to   space 5120K, 0% used [0x00000000dad00000,0x00000000dad00000,0x00000000db200000)
 ParOldGen       total 79360K, used 17634K [0x0000000084c00000, 0x0000000089980000, 0x00000000d6f00000)
  object space 79360K, 22% used [0x0000000084c00000,0x0000000085d38ab0,0x0000000089980000)
 Metaspace       used 34302K, capacity 34632K, committed 35072K, reserved 1079296K
  class space    used 4212K, capacity 4331K, committed 4352K, reserved 1048576K
Event: 19.999 GC heap after
Heap after GC invocations=6 (full 1):
 PSYoungGen      total 68608K, used 5113K [0x00000000d6f00000, 0x00000000e2380000, 0x0000000100000000)
  eden space 63488K, 0% used [0x00000000d6f00000,0x00000000d6f00000,0x00000000dad00000)
  from space 5120K, 99% used [0x00000000dad00000,0x00000000db1fe7f8,0x00000000db200000)
  to   space 29184K, 0% used [0x00000000e0700000,0x00000000e0700000,0x00000000e2380000)
 ParOldGen       total 79360K, used 22750K [0x0000000084c00000, 0x0000000089980000, 0x00000000d6f00000)
  object space 79360K, 28% used [0x0000000084c00000,0x0000000086237b48,0x0000000089980000)
 Metaspace       used 34302K, capacity 34632K, committed 35072K, reserved 1079296K
  class space    used 4212K, capacity 4331K, committed 4352K, reserved 1048576K
}
Event: 24.986 GC heap before
{Heap before GC invocations=7 (full 1):
 PSYoungGen      total 68608K, used 10250K [0x00000000d6f00000, 0x00000000e2380000, 0x0000000100000000)
  eden space 63488K, 8% used [0x00000000d6f00000,0x00000000d7404020,0x00000000dad00000)
  from space 5120K, 99% used [0x00000000dad00000,0x00000000db1fe7f8,0x00000000db200000)
  to   space 29184K, 0% used [0x00000000e0700000,0x00000000e0700000,0x00000000e2380000)
 ParOldGen       total 79360K, used 22750K [0x0000000084c00000, 0x0000000089980000, 0x00000000d6f00000)
  object space 79360K, 28% used [0x0000000084c00000,0x0000000086237b48,0x0000000089980000)
 Metaspace       used 34644K, capacity 34984K, committed 35416K, reserved 1081344K
  class space    used 4247K, capacity 4363K, committed 4480K, reserved 1048576K
Event: 24.990 GC heap after
Heap after GC invocations=7 (full 1):
 PSYoungGen      total 153600K, used 5792K [0x00000000d6f00000, 0x00000000e2180000, 0x0000000100000000)
  eden space 126464K, 0% used [0x00000000d6f00000,0x00000000d6f00000,0x00000000dea80000)
  from space 27136K, 21% used [0x00000000e0700000,0x00000000e0ca8380,0x00000000e2180000)
  to   space 28160K, 0% used [0x00000000dea80000,0x00000000dea80000,0x00000000e0600000)
 ParOldGen       total 79360K, used 22758K [0x0000000084c00000, 0x0000000089980000, 0x00000000d6f00000)
  object space 79360K, 28% used [0x0000000084c00000,0x0000000086239b48,0x0000000089980000)
 Metaspace       used 34644K, capacity 34984K, committed 35416K, reserved 1081344K
  class space    used 4247K, capacity 4363K, committed 4480K, reserved 1048576K
}
Event: 24.990 GC heap before
{Heap before GC invocations=8 (full 2):
 PSYoungGen      total 153600K, used 5792K [0x00000000d6f00000, 0x00000000e2180000, 0x0000000100000000)
  eden space 126464K, 0% used [0x00000000d6f00000,0x00000000d6f00000,0x00000000dea80000)
  from space 27136K, 21% used [0x00000000e0700000,0x00000000e0ca8380,0x00000000e2180000)
  to   space 28160K, 0% used [0x00000000dea80000,0x00000000dea80000,0x00000000e0600000)
 ParOldGen       total 79360K, used 22758K [0x0000000084c00000, 0x0000000089980000, 0x00000000d6f00000)
  object space 79360K, 28% used [0x0000000084c00000,0x0000000086239b48,0x0000000089980000)
 Metaspace       used 34644K, capacity 34984K, committed 35416K, reserved 1081344K
  class space    used 4247K, capacity 4363K, committed 4480K, reserved 1048576K
Event: 25.021 GC heap after
Heap after GC invocations=8 (full 2):
 PSYoungGen      total 153600K, used 0K [0x00000000d6f00000, 0x00000000e2180000, 0x0000000100000000)
  eden space 126464K, 0% used [0x00000000d6f00000,0x00000000d6f00000,0x00000000dea80000)
  from space 27136K, 0% used [0x00000000e0700000,0x00000000e0700000,0x00000000e2180000)
  to   space 28160K, 0% used [0x00000000dea80000,0x00000000dea80000,0x00000000e0600000)
 ParOldGen       total 77312K, used 20552K [0x0000000084c00000, 0x0000000089780000, 0x00000000d6f00000)
  object space 77312K, 26% used [0x0000000084c00000,0x0000000086012128,0x0000000089780000)
 Metaspace       used 34644K, capacity 34984K, committed 35416K, reserved 1081344K
  class space    used 4247K, capacity 4363K, committed 4480K, reserved 1048576K
}
Event: 37.962 GC heap before
{Heap before GC invocations=9 (full 2):
 PSYoungGen      total 153600K, used 30986K [0x00000000d6f00000, 0x00000000e2180000, 0x0000000100000000)
  eden space 126464K, 24% used [0x00000000d6f00000,0x00000000d8d42b90,0x00000000dea80000)
  from space 27136K, 0% used [0x00000000e0700000,0x00000000e0700000,0x00000000e2180000)
  to   space 28160K, 0% used [0x00000000dea80000,0x00000000dea80000,0x00000000e0600000)
 ParOldGen       total 77312K, used 20552K [0x0000000084c00000, 0x0000000089780000, 0x00000000d6f00000)
  object space 77312K, 26% used [0x0000000084c00000,0x0000000086012128,0x0000000089780000)
 Metaspace       used 36390K, capacity 36712K, committed 37208K, reserved 1081344K
  class space    used 4499K, capacity 4619K, committed 4736K, reserved 1048576K
Event: 37.965 GC heap after
Heap after GC invocations=9 (full 2):
 PSYoungGen      total 154624K, used 7489K [0x00000000d6f00000, 0x00000000e9680000, 0x0000000100000000)
  eden space 126464K, 0% used [0x00000000d6f00000,0x00000000d6f00000,0x00000000dea80000)
  from space 28160K, 26% used [0x00000000dea80000,0x00000000df1d0758,0x00000000e0600000)
  to   space 26112K, 0% used [0x00000000e7d00000,0x00000000e7d00000,0x00000000e9680000)
 ParOldGen       total 77312K, used 20560K [0x0000000084c00000, 0x0000000089780000, 0x00000000d6f00000)
  object space 77312K, 26% used [0x0000000084c00000,0x0000000086014128,0x0000000089780000)
 Metaspace       used 36390K, capacity 36712K, committed 37208K, reserved 1081344K
  class space    used 4499K, capacity 4619K, committed 4736K, reserved 1048576K
}
Event: 37.965 GC heap before
{Heap before GC invocations=10 (full 3):
 PSYoungGen      total 154624K, used 7489K [0x00000000d6f00000, 0x00000000e9680000, 0x0000000100000000)
  eden space 126464K, 0% used [0x00000000d6f00000,0x00000000d6f00000,0x00000000dea80000)
  from space 28160K, 26% used [0x00000000dea80000,0x00000000df1d0758,0x00000000e0600000)
  to   space 26112K, 0% used [0x00000000e7d00000,0x00000000e7d00000,0x00000000e9680000)
 ParOldGen       total 77312K, used 20560K [0x0000000084c00000, 0x0000000089780000, 0x00000000d6f00000)
  object space 77312K, 26% used [0x0000000084c00000,0x0000000086014128,0x0000000089780000)
 Metaspace       used 36390K, capacity 36712K, committed 37208K, reserved 1081344K
  class space    used 4499K, capacity 4619K, committed 4736K, reserved 1048576K
Event: 38.038 GC heap after
Heap after GC invocations=10 (full 3):
 PSYoungGen      total 154624K, used 0K [0x00000000d6f00000, 0x00000000e9680000, 0x0000000100000000)
  eden space 126464K, 0% used [0x00000000d6f00000,0x00000000d6f00000,0x00000000dea80000)
  from space 28160K, 0% used [0x00000000dea80000,0x00000000dea80000,0x00000000e0600000)
  to   space 26112K, 0% used [0x00000000e7d00000,0x00000000e7d00000,0x00000000e9680000)
 ParOldGen       total 77312K, used 23801K [0x0000000084c00000, 0x0000000089780000, 0x00000000d6f00000)
  object space 77312K, 30% used [0x0000000084c00000,0x000000008633e668,0x0000000089780000)
 Metaspace       used 36390K, capacity 36712K, committed 37208K, reserved 1081344K
  class space    used 4499K, capacity 4619K, committed 4736K, reserved 1048576K
}

Deoptimization events (10 events):
Event: 35.558 Thread 0x000001e7e6904800 Uncommon trap: reason=unstable_if action=reinterpret pc=0x000001e7d0017704 method=java.lang.StrictMath.floorOrCeil(DDDD)D @ 14
Event: 35.570 Thread 0x000001e7e6904800 Uncommon trap: reason=unstable_if action=reinterpret pc=0x000001e7d03aa864 method=eu.hansolo.steelseries.tools.ConicalGradientPaint$ConicalGradientPaintContext.getRaster(IIII)Ljava/awt/image/Raster; @ 127
Event: 35.572 Thread 0x000001e7e6904800 Uncommon trap: reason=unstable_if action=reinterpret pc=0x000001e7d04211c4 method=sun.java2d.pisces.Renderer._endRendering(IIII)V @ 461
Event: 35.591 Thread 0x000001e7e6904800 Uncommon trap: reason=unstable_if action=reinterpret pc=0x000001e7d041b790 method=sun.java2d.pisces.Renderer._endRendering(IIII)V @ 461
Event: 35.600 Thread 0x000001e7e6904800 Uncommon trap: reason=unstable_if action=reinterpret pc=0x000001e7cfe0d81c method=java.awt.MultipleGradientPaintContext.indexIntoGradientsArrays(F)I @ 24
Event: 35.615 Thread 0x000001e7e6904800 Uncommon trap: reason=unstable_if action=reinterpret pc=0x000001e7d0477990 method=java.lang.StrictMath.floorOrCeil(DDDD)D @ 38
Event: 35.615 Thread 0x000001e7e6904800 Uncommon trap: reason=unstable_if action=reinterpret pc=0x000001e7d049b3dc method=sun.java2d.pisces.Renderer.addLine(FFFF)V @ 123
Event: 35.619 Thread 0x000001e7e6904800 Uncommon trap: reason=unstable_if action=reinterpret pc=0x000001e7cfebd880 method=sun.java2d.pisces.Renderer.emitRow([IIII)V @ 10
Event: 35.634 Thread 0x000001e7e6904800 Uncommon trap: reason=unstable_if action=reinterpret pc=0x000001e7cfcf9d90 method=sun.java2d.pisces.Renderer$ScanlineIterator.next()I @ 185
Event: 45.151 Thread 0x000001e7e6904800 Uncommon trap: reason=loop_limit_check action=maybe_recompile pc=0x000001e7d066895c method=javax.swing.GroupLayout$Group.setSize(III)V @ 31

Classes redefined (0 events):
No events

Internal exceptions (10 events):
Event: 14.837 Thread 0x000001e7e6904800 Exception <a 'java/lang/NoClassDefFoundError': android/graphics/Point> (0x00000000d9a7afb0) thrown at [C:\jenkins\workspace\openjdk\jdk8u\hotspot\src\share\vm\oops\constantPool.cpp, line 609]
Event: 14.837 Thread 0x000001e7e6904800 Exception <a 'java/lang/NoClassDefFoundError': android/graphics/Rect> (0x00000000d9a7b3f8) thrown at [C:\jenkins\workspace\openjdk\jdk8u\hotspot\src\share\vm\oops\constantPool.cpp, line 609]
Event: 14.909 Thread 0x000001e7e424d000 Implicit null exception at 0x000001e7d0363004 to 0x000001e7d0363ed9
Event: 14.964 Thread 0x000001e7e6904800 Exception <a 'java/lang/NullPointerException'> (0x00000000d9ff1ea0) thrown at [C:\jenkins\workspace\openjdk\jdk8u\hotspot\src\share\vm\interpreter\linkResolver.cpp, line 1185]
Event: 25.048 Thread 0x000001e7e6904800 Exception <a 'java/io/FileNotFoundException'> (0x00000000d71883b0) thrown at [C:\jenkins\workspace\openjdk\jdk8u\hotspot\src\share\vm\prims\jni.cpp, line 712]
Event: 30.319 Thread 0x000001e7e6904800 Exception <a 'java/io/FileNotFoundException'> (0x00000000d719f408) thrown at [C:\jenkins\workspace\openjdk\jdk8u\hotspot\src\share\vm\prims\jni.cpp, line 712]
Event: 30.320 Thread 0x000001e7e6904800 Exception <a 'java/io/FileNotFoundException'> (0x00000000d71b91d0) thrown at [C:\jenkins\workspace\openjdk\jdk8u\hotspot\src\share\vm\prims\jni.cpp, line 712]
Event: 35.528 Thread 0x000001e7e6904800 Exception <a 'java/io/FileNotFoundException'> (0x00000000d71cfd30) thrown at [C:\jenkins\workspace\openjdk\jdk8u\hotspot\src\share\vm\prims\jni.cpp, line 712]
Event: 38.046 Thread 0x000001e7e6904800 Exception <a 'java/io/FileNotFoundException'> (0x00000000d6f6de98) thrown at [C:\jenkins\workspace\openjdk\jdk8u\hotspot\src\share\vm\prims\jni.cpp, line 712]
Event: 43.316 Thread 0x000001e7e6904800 Exception <a 'java/io/FileNotFoundException'> (0x00000000d6f84be0) thrown at [C:\jenkins\workspace\openjdk\jdk8u\hotspot\src\share\vm\prims\jni.cpp, line 712]

Events (10 events):
Event: 45.867 loading class org/soltelec/procesosopacimetro/WorkerDatosOpacimetro done
Event: 45.867 Thread 0x000001e7e424a800 Thread added: 0x000001e7e424a800
Event: 45.868 loading class com/soltelec/opacimetro/brianbee/MensajeOpacimetroBrianBee
Event: 45.868 loading class com/soltelec/opacimetro/brianbee/MensajeOpacimetroBrianBee done
Event: 45.868 loading class com/soltelec/opacimetro/brianbee/UtilOpacimetroBrianBee
Event: 45.868 loading class com/soltelec/opacimetro/brianbee/UtilOpacimetroBrianBee done
Event: 45.868 Executing VM operation: BulkRevokeBias
Event: 45.869 Executing VM operation: BulkRevokeBias done
Event: 45.875 loading class eu/hansolo/steelseries/gauges/DisplayMulti$2
Event: 45.875 loading class eu/hansolo/steelseries/gauges/DisplayMulti$2 done


Dynamic libraries:
0x00007ff6cafb0000 - 0x00007ff6caffd000 	C:\Program Files\OpenLogic\jdk-8.0.412.08-hotspot\bin\java.exe
0x00007ffc77390000 - 0x00007ffc775a7000 	C:\WINDOWS\SYSTEM32\ntdll.dll
0x00007ffc76d60000 - 0x00007ffc76e24000 	C:\WINDOWS\System32\KERNEL32.DLL
0x00007ffc74480000 - 0x00007ffc74853000 	C:\WINDOWS\System32\KERNELBASE.dll
0x00007ffc6ad20000 - 0x00007ffc6adb7000 	C:\WINDOWS\SYSTEM32\apphelp.dll
0x00007ffc76330000 - 0x00007ffc763e1000 	C:\WINDOWS\System32\ADVAPI32.dll
0x00007ffc751f0000 - 0x00007ffc75297000 	C:\WINDOWS\System32\msvcrt.dll
0x00007ffc76670000 - 0x00007ffc76717000 	C:\WINDOWS\System32\sechost.dll
0x00007ffc74bc0000 - 0x00007ffc74be8000 	C:\WINDOWS\System32\bcrypt.dll
0x00007ffc75560000 - 0x00007ffc75674000 	C:\WINDOWS\System32\RPCRT4.dll
0x00007ffc76720000 - 0x00007ffc768d1000 	C:\WINDOWS\System32\USER32.dll
0x00007ffc74e10000 - 0x00007ffc74e36000 	C:\WINDOWS\System32\win32u.dll
0x00007ffc765c0000 - 0x00007ffc765e9000 	C:\WINDOWS\System32\GDI32.dll
0x00007ffc74860000 - 0x00007ffc74982000 	C:\WINDOWS\System32\gdi32full.dll
0x00007ffc74e40000 - 0x00007ffc74eda000 	C:\WINDOWS\System32\msvcp_win.dll
0x00007ffc74bf0000 - 0x00007ffc74d01000 	C:\WINDOWS\System32\ucrtbase.dll
0x00007ffc5b340000 - 0x00007ffc5b5db000 	C:\WINDOWS\WinSxS\amd64_microsoft.windows.common-controls_6595b64144ccf1df_6.0.22621.5262_none_2712bde373830908\COMCTL32.dll
0x00007ffc763f0000 - 0x00007ffc76421000 	C:\WINDOWS\System32\IMM32.DLL
0x00007ffc67e30000 - 0x00007ffc67e4b000 	C:\Program Files\OpenLogic\jdk-8.0.412.08-hotspot\jre\bin\vcruntime140.dll
0x00007ffc6c150000 - 0x00007ffc6c15c000 	C:\Program Files\OpenLogic\jdk-8.0.412.08-hotspot\jre\bin\vcruntime140_1.dll
0x00007ffc37680000 - 0x00007ffc3770d000 	C:\Program Files\OpenLogic\jdk-8.0.412.08-hotspot\jre\bin\msvcp140.dll
0x0000000076440000 - 0x0000000076cd7000 	C:\Program Files\OpenLogic\jdk-8.0.412.08-hotspot\jre\bin\server\jvm.dll
0x00007ffc75760000 - 0x00007ffc75768000 	C:\WINDOWS\System32\PSAPI.DLL
0x00007ffc6c100000 - 0x00007ffc6c134000 	C:\WINDOWS\SYSTEM32\WINMM.dll
0x00007ffc67f80000 - 0x00007ffc67f8a000 	C:\WINDOWS\SYSTEM32\VERSION.dll
0x00007ffc54b80000 - 0x00007ffc54b89000 	C:\WINDOWS\SYSTEM32\WSOCK32.dll
0x00007ffc765f0000 - 0x00007ffc76661000 	C:\WINDOWS\System32\WS2_32.dll
0x00007ffc73570000 - 0x00007ffc73588000 	C:\WINDOWS\SYSTEM32\kernel.appcore.dll
0x00007ffc6a3f0000 - 0x00007ffc6a400000 	C:\Program Files\OpenLogic\jdk-8.0.412.08-hotspot\jre\bin\verify.dll
0x00007ffc67d50000 - 0x00007ffc67d7b000 	C:\Program Files\OpenLogic\jdk-8.0.412.08-hotspot\jre\bin\java.dll
0x00007ffc67da0000 - 0x00007ffc67db8000 	C:\Program Files\OpenLogic\jdk-8.0.412.08-hotspot\jre\bin\zip.dll
0x00007ffc75a90000 - 0x00007ffc7632d000 	C:\WINDOWS\System32\SHELL32.dll
0x00007ffc74ee0000 - 0x00007ffc7501f000 	C:\WINDOWS\System32\wintypes.dll
0x00007ffc76e30000 - 0x00007ffc771c3000 	C:\WINDOWS\System32\combase.dll
0x00007ffc72380000 - 0x00007ffc72c9d000 	C:\WINDOWS\SYSTEM32\windows.storage.dll
0x00007ffc752c0000 - 0x00007ffc753cb000 	C:\WINDOWS\System32\SHCORE.dll
0x00007ffc754f0000 - 0x00007ffc75556000 	C:\WINDOWS\System32\shlwapi.dll
0x00007ffc743b0000 - 0x00007ffc743db000 	C:\WINDOWS\SYSTEM32\profapi.dll
0x00007ffc25130000 - 0x00007ffc252ac000 	C:\Program Files\OpenLogic\jdk-8.0.412.08-hotspot\jre\bin\awt.dll
0x00007ffc75680000 - 0x00007ffc75757000 	C:\WINDOWS\System32\OLEAUT32.dll
0x00007ffc6ea40000 - 0x00007ffc6eaf3000 	C:\WINDOWS\system32\uxtheme.dll
0x00007ffc75770000 - 0x00007ffc758ce000 	C:\WINDOWS\System32\MSCTF.dll
0x00007ffc758e0000 - 0x00007ffc75a81000 	C:\WINDOWS\System32\ole32.dll
0x00007ffc74d10000 - 0x00007ffc74d8b000 	C:\WINDOWS\System32\bcryptPrimitives.dll
0x00007ffc6ecd0000 - 0x00007ffc6ecfe000 	C:\WINDOWS\system32\DWMAPI.DLL
0x00007ffc41800000 - 0x00007ffc41900000 	C:\WINDOWS\system32\opengl32.dll
0x00007ffc417d0000 - 0x00007ffc417fd000 	C:\WINDOWS\SYSTEM32\GLU32.dll
0x00007ffc71790000 - 0x00007ffc717c7000 	C:\WINDOWS\SYSTEM32\dxcore.dll
0x00007ffc5b170000 - 0x00007ffc5b19d000 	C:\Program Files\OpenLogic\jdk-8.0.412.08-hotspot\jre\bin\jpeg.dll
0x00007ffc2b7e0000 - 0x00007ffc2b88b000 	C:\Program Files\OpenLogic\jdk-8.0.412.08-hotspot\jre\bin\freetype.dll
0x00007ffc3b7d0000 - 0x00007ffc3b81f000 	C:\Program Files\OpenLogic\jdk-8.0.412.08-hotspot\jre\bin\fontmanager.dll
0x00007ffc753d0000 - 0x00007ffc75480000 	C:\WINDOWS\System32\clbcatq.dll
0x00007ffc6e850000 - 0x00007ffc6ea00000 	C:\WINDOWS\SYSTEM32\WindowsCodecs.dll
0x00007ffc4a0a0000 - 0x00007ffc4a0fe000 	C:\WINDOWS\system32\dataexchange.dll
0x00007ffc645c0000 - 0x00007ffc64866000 	C:\WINDOWS\system32\twinapi.appcore.dll
0x00007ffc5b150000 - 0x00007ffc5b16c000 	C:\Program Files\OpenLogic\jdk-8.0.412.08-hotspot\jre\bin\net.dll
0x00007ffc739e0000 - 0x00007ffc73a4a000 	C:\WINDOWS\system32\mswsock.dll
0x00007ffc5b080000 - 0x00007ffc5b093000 	C:\Program Files\OpenLogic\jdk-8.0.412.08-hotspot\jre\bin\nio.dll
0x00007ffc5c6d0000 - 0x00007ffc5c813000 	C:\WINDOWS\SYSTEM32\textinputframework.dll
0x00007ffc6a090000 - 0x00007ffc6a1c5000 	C:\WINDOWS\SYSTEM32\CoreMessaging.dll
0x00007ffc66f20000 - 0x00007ffc6728c000 	C:\WINDOWS\SYSTEM32\CoreUIComponents.dll
0x00007ffc73d10000 - 0x00007ffc73d1c000 	C:\WINDOWS\SYSTEM32\CRYPTBASE.DLL
0x00007ffc72fe0000 - 0x00007ffc730d8000 	C:\WINDOWS\SYSTEM32\DNSAPI.dll
0x00007ffc72f70000 - 0x00007ffc72f9d000 	C:\WINDOWS\SYSTEM32\IPHLPAPI.DLL
0x00007ffc76490000 - 0x00007ffc76499000 	C:\WINDOWS\System32\NSI.dll
0x00007ffc6b0b0000 - 0x00007ffc6b0ba000 	C:\Windows\System32\rasadhlp.dll
0x00007ffc6b9f0000 - 0x00007ffc6ba73000 	C:\WINDOWS\System32\fwpuclnt.dll
0x00007ffc53fb0000 - 0x00007ffc53fd5000 	C:\Program Files\OpenLogic\jdk-8.0.412.08-hotspot\jre\bin\sunec.dll
0x00007ffc73d30000 - 0x00007ffc73d4b000 	C:\WINDOWS\SYSTEM32\CRYPTSP.dll
0x00007ffc734d0000 - 0x00007ffc73507000 	C:\WINDOWS\system32\rsaenh.dll
0x00007ffc73a80000 - 0x00007ffc73aa8000 	C:\WINDOWS\SYSTEM32\USERENV.dll
0x00007ffc6c330000 - 0x00007ffc6c349000 	C:\WINDOWS\SYSTEM32\dhcpcsvc6.DLL
0x00007ffc6c0e0000 - 0x00007ffc6c0ff000 	C:\WINDOWS\SYSTEM32\dhcpcsvc.DLL
0x0000000180000000 - 0x0000000180025000 	C:\Program Files\OpenLogic\jdk-8.0.412.08-hotspot\jre\bin\rxtxSerial.dll
0x00007ffc71d90000 - 0x00007ffc71fc2000 	C:\WINDOWS\SYSTEM32\dbghelp.dll

VM Arguments:
jvm_args: -Dfile.encoding=UTF-8 
java_command: com.soltelec.Inicio.Inicio
java_class_path (initial): C:\Users\user\Documents\Soltelec\SART\SART\lib\slf4j-api-1.7.2.jar;C:\Users\user\Documents\Soltelec\SART\SART\lib\mysql-connector-java-8.0.26.jar;C:\Users\user\Documents\Soltelec\SART\SART\lib\axis-1.4.jar;C:\Users\user\Documents\Soltelec\SART\SART\lib\axis-wsdl4j-1.5.1.jar;C:\Users\user\Documents\Soltelec\SART\SART\lib\GiovynetDriver.jar;C:\Users\user\Documents\Soltelec\SART\SART\lib\commons-discovery-0.5.jar;C:\Users\user\Documents\Soltelec\SART\SART\lib\eclipselink.jar;C:\Users\user\Documents\Soltelec\SART\SART\lib\ini4j-0.5.1.jar;C:\Users\user\Documents\Soltelec\SART\SART\lib\javacsv.jar;C:\Users\user\Documents\Soltelec\SART\SART\lib\javax.persistence_2.1.0.v201304241213.jar;C:\Users\user\Documents\Soltelec\SART\SART\lib\jaxrpc-api-1.1.jar;C:\Users\user\Documents\Soltelec\SART\SART\lib\jfreechart-1.0.13.jar;C:\Users\user\Documents\Soltelec\SART\SART\lib\jfxtras-labs-2.2-r4.jar;C:\Users\user\Documents\Soltelec\SART\SART\lib\jna-3.2.7.jar;C:\Users\user\Documents\Soltelec\SART\SART\lib\jna-4.1.0.jar;C:\Users\user\Documents\Soltelec\SART\SART\lib\RXTXcomm.jar;C:\Users\user\Documents\Soltelec\SART\SART\lib\TrafficLight2.jar;C:\Users\user\Documents\Soltelec\SART\SART\lib\org.eclipse.persistence.jpa.jpql_2.5.1.v20130918-f2b9fc5.jar;C:\Users\user\Documents\Soltelec\SART\SART\lib\orson-0.5.0.jar;C:\Users\user\Documents\Soltelec\SART\SART\lib\platform.jar;C:\Users\user\Documents\Soltelec\SART\SART\lib\postgresql-9.3-1103.jdbc41.jar;C:\Users\user\Documents\Soltelec\SART\SART\lib\swingx-1.6.jar;C:\Users\user\Documents\Soltelec\SART\SART\lib\trident.jar;C:\Users\user\Documents\Soltelec\SART\SART\lib\vlcj-1.2.0-test.jar;C:\Users\user\Documents\Soltelec\SART\SART\lib\vlcj-1.2.0.jar;C:\Users\user\Documents\Soltelec\SART\SART\lib\webcam-capture-0.3.10-RC6.jar;C:\Users\user\Documents\Soltelec\SART\SART\lib\xml-apis-1.3.02.jar;C:\Users\user\Documents\Soltelec\SART\SART\lib\SteelSeries-3.9.31.0.jar;C:\Users\user\Documents\Soltelec\SART\SART\lib\jcommon-
Launcher Type: SUN_STANDARD

Environment Variables:
JAVA_HOME=C:\Program Files (x86)\OpenLogic\jdk-8.0.422.05-hotspot\
PATH=C:\Program Files (x86)\Common Files\Oracle\Java\java8path;C:\Program Files (x86)\Common Files\Oracle\Java\javapath;C:\Program Files (x86)\OpenLogic\jdk-8.0.422.05-hotspot\bin;C:\Program Files\OpenLogic\jdk-17.0.11.9-hotspot\bin;C:\WINDOWS\system32;C:\WINDOWS;C:\WINDOWS\System32\Wbem;C:\WINDOWS\System32\WindowsPowerShell\v1.0\;C:\WINDOWS\System32\OpenSSH\;C:\Program Files\Git\cmd;C:\Users\user\AppData\Roaming\nvm;C:\Program Files\nodejs;C:\Program Files\Java\jdk1.8.0_111\bin;C:\Program Files\MySQL\MySQL Server 5.6\bin;C:\Program Files\PuTTY\;C:\Program Files\OpenLogic\jdk-8.0.412.08-hotspot\bin;C:\Program Files (x86)\HBT Interface - R\;C:\Gradle\gradle-8.9\bin;;C:\Program Files\Docker\Docker\resources\bin;C:\Users\user\AppData\Local\Microsoft\WindowsApps;C:\Users\user\AppData\Local\GitHubDesktop\bin;C:\Users\user\AppData\Roaming\npm;C:\Users\user\AppData\Local\Programs\Microsoft VS Code\bin
USERNAME=user
OS=Windows_NT
PROCESSOR_IDENTIFIER=Intel64 Family 6 Model 140 Stepping 1, GenuineIntel



---------------  S Y S T E M  ---------------

OS: Windows 11 , 64 bit Build 22621 (10.0.22621.5262)

CPU:total 8 (initial active 8) (4 cores per cpu, 2 threads per core) family 6 model 140 stepping 1, cmov, cx8, fxsr, mmx, sse, sse2, sse3, ssse3, sse4.1, sse4.2, popcnt, avx, avx2, aes, clmul, erms, 3dnowpref, lzcnt, ht, tsc, tscinvbit, bmi1, bmi2, adx

Memory: 4k page, physical 8075800k(925524k free), swap 19118788k(3173380k free)

vm_info: OpenJDK 64-Bit Server VM (25.412-b08) for windows-amd64 JRE (1.8.0_412-412-b08), built on Apr 22 2024 06:49:43 by "Administrator" with MS VC++ 16.10 / 16.11 (VS2019)

time: Sat May 31 13:21:08 2025
timezone: Hora est. Pacífico, Sudamérica
elapsed time: 45.940657 seconds (0d 0h 0m 45s)

