#
# A fatal error has been detected by the Java Runtime Environment:
#
#  EXCEPTION_ACCESS_VIOLATION (0xc0000005) at pc=0x0000000180005156, pid=35788, tid=0x0000000000001750
#
# JRE version: OpenJDK Runtime Environment (8.0_412-b08) (build 1.8.0_412-412-b08)
# Java VM: OpenJDK 64-Bit Server VM (25.412-b08 mixed mode windows-amd64 compressed oops)
# Problematic frame:
# C  [rxtxSerial.dll+0x5156]
#
# Failed to write core dump. Minidumps are not enabled by default on client versions of Windows
#
# If you would like to submit a bug report, please visit:
#   http://bugreport.java.com/bugreport/crash.jsp
# The crash happened outside the Java Virtual Machine in native code.
# See problematic frame for where to report the bug.
#

---------------  T H R E A D  ---------------

Current thread (0x0000023bfccb3000):  JavaThread "Thread-6" [_thread_in_native, id=5968, stack(0x0000009b6fd00000,0x0000009b6fe00000)]

siginfo: ExceptionCode=0xc0000005, reading address 0x000000006f4fecc8

Registers:
RAX=0x000000006f4fecc0, RBX=0x0000000000000001, RCX=0x000000018001d4d5, RDX=0xfffffffffffff665
RSP=0x0000009b6fdfee70, RBP=0x0000023bfccb3260, RSI=0x0000000000000000, RDI=0x0000000000000000
R8 =0x0000000000000002, R9 =0xfffffffffffff63c, R10=0x00000000000001f4, R11=0x8101010101010100
R12=0x000000006f4fecc0, R13=0x0000023b81107d88, R14=0x0000009b6fdfefc0, R15=0x0000000000000064
RIP=0x0000000180005156, EFLAGS=0x0000000000010206

Top of Stack: (sp=0x0000009b6fdfee70)
0x0000009b6fdfee70:   0000009b6fdfefc0 0000023bfccb3260
0x0000009b6fdfee80:   0000000000000000 0000000000000000
0x0000009b6fdfee90:   000000006fdfefa0 0000000000000001
0x0000009b6fdfeea0:   0000009b6fdfeed0 0000000000000000
0x0000009b6fdfeeb0:   0000023b81107d90 0000023bfb863be8
0x0000009b6fdfeec0:   0000023b81107d90 0000023bfccb3000
0x0000009b6fdfeed0:   0000023b81107d90 0000023bfccb3000
0x0000009b6fdfeee0:   000013dd68f7b5d9 0000000000000002
0x0000009b6fdfeef0:   0000023bfccb3000 0000009b6fdfefc0
0x0000009b6fdfef00:   0000023b81107d88 0000000000000000
0x0000009b6fdfef10:   0000023be49f80bd 0000000000000002
0x0000009b6fdfef20:   0000009b6fdfefa0 0000023be4a09c8e
0x0000009b6fdfef30:   0000023b81107d90 0000009b6fdfefa0
0x0000009b6fdfef40:   0000023b81107d90 0000023bfccb3000
0x0000009b6fdfef50:   0000009b6fdff070 0000023be4a09942
0x0000009b6fdfef60:   0000009b6fdfef60 0000023b81107d88 

Instructions: (pc=0x0000000180005156)
0x0000000180005136:   8d 05 d4 79 01 00 48 8b d3 48 8b cd 44 8b f8 89
0x0000000180005146:   7c 24 24 8b f7 e8 c0 e6 ff ff 8d 5f 01 4c 63 e0
0x0000000180005156:   45 8b 74 24 08 41 89 7c 24 08 45 85 ff 78 0b ff
0x0000000180005166:   15 95 1e 01 00 89 44 24 24 90 8b ce ff c6 83 f9 


Register to memory mapping:

RAX=0x000000006f4fecc0 is an unknown value
RBX=0x0000000000000001 is an unknown value
RCX=0x000000018001d4d5 is an unknown value
RDX=0xfffffffffffff665 is an unknown value
RSP=0x0000009b6fdfee70 is pointing into the stack for thread: 0x0000023bfccb3000
RBP=0x0000023bfccb3260 is an unknown value
RSI=0x0000000000000000 is an unknown value
RDI=0x0000000000000000 is an unknown value
R8 =0x0000000000000002 is an unknown value
R9 =0xfffffffffffff63c is an unknown value
R10=0x00000000000001f4 is an unknown value
R11=0x8101010101010100 is an unknown value
R12=0x000000006f4fecc0 is an unknown value
R13=0x0000023b81107d88 is pointing into metadata
R14=0x0000009b6fdfefc0 is pointing into the stack for thread: 0x0000023bfccb3000
R15=0x0000000000000064 is an unknown value


Stack: [0x0000009b6fd00000,0x0000009b6fe00000],  sp=0x0000009b6fdfee70,  free space=1019k
Native frames: (J=compiled Java code, j=interpreted, Vv=VM code, C=native code)
C  [rxtxSerial.dll+0x5156]
C  0x0000023be4a09c8e

Java frames: (J=compiled Java code, j=interpreted, Vv=VM code)
j  gnu.io.RXTXPort.readByte()I+0
j  gnu.io.RXTXPort$SerialInputStream.read()I+81
j  com.soltelec.opacimetro.brianbee.OpacimetroBrianBee.enviarRecibirTrama([B)[B+149
j  com.soltelec.opacimetro.brianbee.OpacimetroBrianBee.obtenerDatos()Lorg/soltelec/util/MedicionOpacidad;+86
j  org.soltelec.procesosopacimetro.WorkerDatosOpacimetro.doInBackground()Ljava/lang/Integer;+50
j  org.soltelec.procesosopacimetro.WorkerDatosOpacimetro.doInBackground()Ljava/lang/Object;+1
j  javax.swing.SwingWorker$1.call()Ljava/lang/Object;+14
j  java.util.concurrent.FutureTask.run()V+42
j  javax.swing.SwingWorker.run()V+4
j  java.lang.Thread.run()V+11
v  ~StubRoutines::call_stub

---------------  P R O C E S S  ---------------

Java Threads: ( => current thread )
=>0x0000023bfccb3000 JavaThread "Thread-6" [_thread_in_native, id=5968, stack(0x0000009b6fd00000,0x0000009b6fe00000)]
  0x0000023bfccaf000 JavaThread "Thread-5" [_thread_in_native, id=30008, stack(0x0000009b6f400000,0x0000009b6f500000)]
  0x0000023bfccb1800 JavaThread "SwingWorker-pool-2-thread-1" daemon [_thread_blocked, id=39760, stack(0x0000009b6fc00000,0x0000009b6fd00000)]
  0x0000023bfccae800 JavaThread "Keep-Alive-Timer" daemon [_thread_blocked, id=38588, stack(0x0000009b6fb00000,0x0000009b6fc00000)]
  0x0000023bfceeb800 JavaThread "mysql-cj-abandoned-connection-cleanup" daemon [_thread_blocked, id=38036, stack(0x0000009b6fa00000,0x0000009b6fb00000)]
  0x0000023bfc976000 JavaThread "TimerQueue" daemon [_thread_blocked, id=17436, stack(0x0000009b6f800000,0x0000009b6f900000)]
  0x0000023be3116800 JavaThread "DestroyJavaVM" [_thread_blocked, id=29500, stack(0x0000009b6dc00000,0x0000009b6dd00000)]
  0x0000023bfb7e1000 JavaThread "AWT-EventQueue-0" [_thread_blocked, id=8092, stack(0x0000009b6f300000,0x0000009b6f400000)]
  0x0000023bfb778000 JavaThread "AWT-Windows" daemon [_thread_in_native, id=13656, stack(0x0000009b6f200000,0x0000009b6f300000)]
  0x0000023bfb7e0000 JavaThread "AWT-Shutdown" [_thread_blocked, id=23244, stack(0x0000009b6f100000,0x0000009b6f200000)]
  0x0000023bfb7df800 JavaThread "Java2D Disposer" daemon [_thread_blocked, id=34916, stack(0x0000009b6f000000,0x0000009b6f100000)]
  0x0000023bf90de800 JavaThread "Service Thread" daemon [_thread_blocked, id=35844, stack(0x0000009b6ee00000,0x0000009b6ef00000)]
  0x0000023bf9075000 JavaThread "C1 CompilerThread3" daemon [_thread_blocked, id=30548, stack(0x0000009b6ed00000,0x0000009b6ee00000)]
  0x0000023bf9071000 JavaThread "C2 CompilerThread2" daemon [_thread_blocked, id=380, stack(0x0000009b6ec00000,0x0000009b6ed00000)]
  0x0000023bf9070000 JavaThread "C2 CompilerThread1" daemon [_thread_blocked, id=36180, stack(0x0000009b6eb00000,0x0000009b6ec00000)]
  0x0000023bf906c800 JavaThread "C2 CompilerThread0" daemon [_thread_blocked, id=37720, stack(0x0000009b6ea00000,0x0000009b6eb00000)]
  0x0000023bf9061800 JavaThread "Attach Listener" daemon [_thread_blocked, id=9980, stack(0x0000009b6e900000,0x0000009b6ea00000)]
  0x0000023bf9060800 JavaThread "Signal Dispatcher" daemon [_thread_blocked, id=39180, stack(0x0000009b6e800000,0x0000009b6e900000)]
  0x0000023bf903c000 JavaThread "Finalizer" daemon [_thread_blocked, id=34988, stack(0x0000009b6e700000,0x0000009b6e800000)]
  0x0000023bf9034800 JavaThread "Reference Handler" daemon [_thread_blocked, id=5216, stack(0x0000009b6e600000,0x0000009b6e700000)]

Other Threads:
  0x0000023bf900a000 VMThread [stack: 0x0000009b6e500000,0x0000009b6e600000] [id=29988]
  0x0000023bfaf3d800 WatcherThread [stack: 0x0000009b6ef00000,0x0000009b6f000000] [id=37352]

VM state:not at safepoint (normal execution)

VM Mutex/Monitor currently owned by a thread: None

heap address: 0x0000000084c00000, size: 1972 MB, Compressed Oops mode: 32-bit
Narrow klass base: 0x0000000000000000, Narrow klass shift: 3
Compressed class space size: 1073741824 Address: 0x0000000100000000

Heap:
 PSYoungGen      total 132096K, used 18646K [0x00000000d6f00000, 0x00000000e1400000, 0x0000000100000000)
  eden space 114688K, 16% used [0x00000000d6f00000,0x00000000d8135a58,0x00000000ddf00000)
  from space 17408K, 0% used [0x00000000e0300000,0x00000000e0300000,0x00000000e1400000)
  to   space 27136K, 0% used [0x00000000ddf00000,0x00000000ddf00000,0x00000000df980000)
 ParOldGen       total 87040K, used 24678K [0x0000000084c00000, 0x000000008a100000, 0x00000000d6f00000)
  object space 87040K, 28% used [0x0000000084c00000,0x0000000086419b30,0x000000008a100000)
 Metaspace       used 39740K, capacity 40060K, committed 40408K, reserved 1085440K
  class space    used 4947K, capacity 5049K, committed 5080K, reserved 1048576K

Card table byte_map: [0x0000023bf3db0000,0x0000023bf4190000] byte_map_base: 0x0000023bf398a000

Marking Bits: (ParMarkBitMap*) 0x000000006842d850
 Begin Bits: [0x0000023bf4430000, 0x0000023bf6300000)
 End Bits:   [0x0000023bf6300000, 0x0000023bf81d0000)

Polling page: 0x0000023be49b0000

CodeCache: size=245760Kb used=11325Kb max_used=11328Kb free=234434Kb
 bounds [0x0000023be49f0000, 0x0000023be5510000, 0x0000023bf39f0000]
 total_blobs=4518 nmethods=3776 adapters=652
 compilation: enabled

Compilation events (10 events):
Event: 33.721 Thread 0x0000023bf9075000 4236       1       java.awt.geom.Rectangle2D$Float::getY (6 bytes)
Event: 33.721 Thread 0x0000023bf9075000 nmethod 4236 0x0000023be5509610 code [0x0000023be5509760, 0x0000023be5509878]
Event: 33.721 Thread 0x0000023bf9075000 4237       3       sun.java2d.SunGraphics2D::drawImage (11 bytes)
Event: 33.721 Thread 0x0000023bf9075000 nmethod 4237 0x0000023be55091d0 code [0x0000023be5509340, 0x0000023be5509550]
Event: 33.721 Thread 0x0000023bf9075000 4238       3       sun.java2d.pipe.DrawImage::copyImage (105 bytes)
Event: 33.722 Thread 0x0000023bf9075000 nmethod 4238 0x0000023be550f410 code [0x0000023be550f5e0, 0x0000023be550fd20]
Event: 33.722 Thread 0x0000023bf9075000 4240       3       sun.java2d.SunGraphics2D::setClip (17 bytes)
Event: 33.722 Thread 0x0000023bf9075000 nmethod 4240 0x0000023be550ea10 code [0x0000023be550eba0, 0x0000023be550f160]
Event: 33.722 Thread 0x0000023bf9075000 4239       1       sun.awt.windows.WObjectPeer::getTarget (5 bytes)
Event: 33.722 Thread 0x0000023bf9075000 nmethod 4239 0x0000023be550e750 code [0x0000023be550e8a0, 0x0000023be550e9b8]

GC Heap History (10 events):
Event: 4.727 GC heap before
{Heap before GC invocations=5 (full 1):
 PSYoungGen      total 36864K, used 31744K [0x00000000d6f00000, 0x00000000db700000, 0x0000000100000000)
  eden space 31744K, 100% used [0x00000000d6f00000,0x00000000d8e00000,0x00000000d8e00000)
  from space 5120K, 0% used [0x00000000d8e00000,0x00000000d8e00000,0x00000000d9300000)
  to   space 5120K, 0% used [0x00000000db200000,0x00000000db200000,0x00000000db700000)
 ParOldGen       total 77824K, used 13736K [0x0000000084c00000, 0x0000000089800000, 0x00000000d6f00000)
  object space 77824K, 17% used [0x0000000084c00000,0x000000008596a1a0,0x0000000089800000)
 Metaspace       used 25641K, capacity 25928K, committed 26240K, reserved 1073152K
  class space    used 3066K, capacity 3161K, committed 3200K, reserved 1048576K
Event: 4.732 GC heap after
Heap after GC invocations=5 (full 1):
 PSYoungGen      total 67584K, used 5109K [0x00000000d6f00000, 0x00000000db700000, 0x0000000100000000)
  eden space 62464K, 0% used [0x00000000d6f00000,0x00000000d6f00000,0x00000000dac00000)
  from space 5120K, 99% used [0x00000000db200000,0x00000000db6fd750,0x00000000db700000)
  to   space 5120K, 0% used [0x00000000dad00000,0x00000000dad00000,0x00000000db200000)
 ParOldGen       total 77824K, used 15263K [0x0000000084c00000, 0x0000000089800000, 0x00000000d6f00000)
  object space 77824K, 19% used [0x0000000084c00000,0x0000000085ae7f28,0x0000000089800000)
 Metaspace       used 25641K, capacity 25928K, committed 26240K, reserved 1073152K
  class space    used 3066K, capacity 3161K, committed 3200K, reserved 1048576K
}
Event: 6.090 GC heap before
{Heap before GC invocations=6 (full 1):
 PSYoungGen      total 67584K, used 61698K [0x00000000d6f00000, 0x00000000db700000, 0x0000000100000000)
  eden space 62464K, 90% used [0x00000000d6f00000,0x00000000da643428,0x00000000dac00000)
  from space 5120K, 99% used [0x00000000db200000,0x00000000db6fd750,0x00000000db700000)
  to   space 5120K, 0% used [0x00000000dad00000,0x00000000dad00000,0x00000000db200000)
 ParOldGen       total 77824K, used 15263K [0x0000000084c00000, 0x0000000089800000, 0x00000000d6f00000)
  object space 77824K, 19% used [0x0000000084c00000,0x0000000085ae7f28,0x0000000089800000)
 Metaspace       used 34802K, capacity 35146K, committed 35416K, reserved 1081344K
  class space    used 4283K, capacity 4438K, committed 4440K, reserved 1048576K
Event: 6.097 GC heap after
Heap after GC invocations=6 (full 1):
 PSYoungGen      total 68608K, used 5109K [0x00000000d6f00000, 0x00000000e2000000, 0x0000000100000000)
  eden space 63488K, 0% used [0x00000000d6f00000,0x00000000d6f00000,0x00000000dad00000)
  from space 5120K, 99% used [0x00000000dad00000,0x00000000db1fd7f8,0x00000000db200000)
  to   space 29696K, 0% used [0x00000000e0300000,0x00000000e0300000,0x00000000e2000000)
 ParOldGen       total 77824K, used 19634K [0x0000000084c00000, 0x0000000089800000, 0x00000000d6f00000)
  object space 77824K, 25% used [0x0000000084c00000,0x0000000085f2cbf8,0x0000000089800000)
 Metaspace       used 34802K, capacity 35146K, committed 35416K, reserved 1081344K
  class space    used 4283K, capacity 4438K, committed 4440K, reserved 1048576K
}
Event: 6.097 GC heap before
{Heap before GC invocations=7 (full 2):
 PSYoungGen      total 68608K, used 5109K [0x00000000d6f00000, 0x00000000e2000000, 0x0000000100000000)
  eden space 63488K, 0% used [0x00000000d6f00000,0x00000000d6f00000,0x00000000dad00000)
  from space 5120K, 99% used [0x00000000dad00000,0x00000000db1fd7f8,0x00000000db200000)
  to   space 29696K, 0% used [0x00000000e0300000,0x00000000e0300000,0x00000000e2000000)
 ParOldGen       total 77824K, used 19634K [0x0000000084c00000, 0x0000000089800000, 0x00000000d6f00000)
  object space 77824K, 25% used [0x0000000084c00000,0x0000000085f2cbf8,0x0000000089800000)
 Metaspace       used 34802K, capacity 35146K, committed 35416K, reserved 1081344K
  class space    used 4283K, capacity 4438K, committed 4440K, reserved 1048576K
Event: 6.156 GC heap after
Heap after GC invocations=7 (full 2):
 PSYoungGen      total 68608K, used 0K [0x00000000d6f00000, 0x00000000e2000000, 0x0000000100000000)
  eden space 63488K, 0% used [0x00000000d6f00000,0x00000000d6f00000,0x00000000dad00000)
  from space 5120K, 0% used [0x00000000dad00000,0x00000000dad00000,0x00000000db200000)
  to   space 29696K, 0% used [0x00000000e0300000,0x00000000e0300000,0x00000000e2000000)
 ParOldGen       total 87040K, used 22783K [0x0000000084c00000, 0x000000008a100000, 0x00000000d6f00000)
  object space 87040K, 26% used [0x0000000084c00000,0x000000008623ffc0,0x000000008a100000)
 Metaspace       used 34802K, capacity 35146K, committed 35416K, reserved 1081344K
  class space    used 4283K, capacity 4438K, committed 4440K, reserved 1048576K
}
Event: 22.745 GC heap before
{Heap before GC invocations=8 (full 2):
 PSYoungGen      total 68608K, used 40159K [0x00000000d6f00000, 0x00000000e2000000, 0x0000000100000000)
  eden space 63488K, 63% used [0x00000000d6f00000,0x00000000d9637ff8,0x00000000dad00000)
  from space 5120K, 0% used [0x00000000dad00000,0x00000000dad00000,0x00000000db200000)
  to   space 29696K, 0% used [0x00000000e0300000,0x00000000e0300000,0x00000000e2000000)
 ParOldGen       total 87040K, used 22783K [0x0000000084c00000, 0x000000008a100000, 0x00000000d6f00000)
  object space 87040K, 26% used [0x0000000084c00000,0x000000008623ffc0,0x000000008a100000)
 Metaspace       used 39144K, capacity 39516K, committed 39896K, reserved 1083392K
  class space    used 4877K, capacity 5017K, committed 5080K, reserved 1048576K
Event: 22.748 GC heap after
Heap after GC invocations=8 (full 2):
 PSYoungGen      total 132096K, used 8953K [0x00000000d6f00000, 0x00000000e1400000, 0x0000000100000000)
  eden space 114688K, 0% used [0x00000000d6f00000,0x00000000d6f00000,0x00000000ddf00000)
  from space 17408K, 51% used [0x00000000e0300000,0x00000000e0bbe5d0,0x00000000e1400000)
  to   space 27136K, 0% used [0x00000000ddf00000,0x00000000ddf00000,0x00000000df980000)
 ParOldGen       total 87040K, used 22791K [0x0000000084c00000, 0x000000008a100000, 0x00000000d6f00000)
  object space 87040K, 26% used [0x0000000084c00000,0x0000000086241fc0,0x000000008a100000)
 Metaspace       used 39144K, capacity 39516K, committed 39896K, reserved 1083392K
  class space    used 4877K, capacity 5017K, committed 5080K, reserved 1048576K
}
Event: 22.748 GC heap before
{Heap before GC invocations=9 (full 3):
 PSYoungGen      total 132096K, used 8953K [0x00000000d6f00000, 0x00000000e1400000, 0x0000000100000000)
  eden space 114688K, 0% used [0x00000000d6f00000,0x00000000d6f00000,0x00000000ddf00000)
  from space 17408K, 51% used [0x00000000e0300000,0x00000000e0bbe5d0,0x00000000e1400000)
  to   space 27136K, 0% used [0x00000000ddf00000,0x00000000ddf00000,0x00000000df980000)
 ParOldGen       total 87040K, used 22791K [0x0000000084c00000, 0x000000008a100000, 0x00000000d6f00000)
  object space 87040K, 26% used [0x0000000084c00000,0x0000000086241fc0,0x000000008a100000)
 Metaspace       used 39144K, capacity 39516K, committed 39896K, reserved 1083392K
  class space    used 4877K, capacity 5017K, committed 5080K, reserved 1048576K
Event: 22.798 GC heap after
Heap after GC invocations=9 (full 3):
 PSYoungGen      total 132096K, used 0K [0x00000000d6f00000, 0x00000000e1400000, 0x0000000100000000)
  eden space 114688K, 0% used [0x00000000d6f00000,0x00000000d6f00000,0x00000000ddf00000)
  from space 17408K, 0% used [0x00000000e0300000,0x00000000e0300000,0x00000000e1400000)
  to   space 27136K, 0% used [0x00000000ddf00000,0x00000000ddf00000,0x00000000df980000)
 ParOldGen       total 87040K, used 24678K [0x0000000084c00000, 0x000000008a100000, 0x00000000d6f00000)
  object space 87040K, 28% used [0x0000000084c00000,0x0000000086419b30,0x000000008a100000)
 Metaspace       used 39144K, capacity 39516K, committed 39896K, reserved 1083392K
  class space    used 4877K, capacity 5017K, committed 5080K, reserved 1048576K
}

Deoptimization events (10 events):
Event: 8.603 Thread 0x0000023bfb7e1000 Uncommon trap: reason=bimorphic action=maybe_recompile pc=0x0000023be531b12c method=java.util.Hashtable.put(Ljava/lang/Object;Ljava/lang/Object;)Ljava/lang/Object; @ 60
Event: 10.747 Thread 0x0000023bfb7e1000 Uncommon trap: reason=unstable_if action=reinterpret pc=0x0000023be5053748 method=java.awt.Container.findComponentAtImpl(IIZ)Ljava/awt/Component; @ 24
Event: 10.774 Thread 0x0000023bfccb1800 Uncommon trap: reason=predicate action=maybe_recompile pc=0x0000023be51c5388 method=java.util.TreeMap.put(Ljava/lang/Object;Ljava/lang/Object;)Ljava/lang/Object; @ 58
Event: 21.335 Thread 0x0000023bfb7e1000 Uncommon trap: reason=unstable_if action=reinterpret pc=0x0000023be4be8c84 method=java.lang.StrictMath.floorOrCeil(DDDD)D @ 14
Event: 21.349 Thread 0x0000023bfb7e1000 Uncommon trap: reason=unstable_if action=reinterpret pc=0x0000023be527e7c4 method=sun.java2d.pisces.Renderer._endRendering(IIII)V @ 461
Event: 21.370 Thread 0x0000023bfb7e1000 Uncommon trap: reason=unstable_if action=reinterpret pc=0x0000023be53a42b0 method=java.awt.MultipleGradientPaintContext.indexIntoGradientsArrays(F)I @ 24
Event: 21.383 Thread 0x0000023bfb7e1000 Uncommon trap: reason=unstable_if action=reinterpret pc=0x0000023be4cafc50 method=java.lang.StrictMath.floorOrCeil(DDDD)D @ 38
Event: 21.387 Thread 0x0000023bfb7e1000 Uncommon trap: reason=unstable_if action=reinterpret pc=0x0000023be4ea5e4c method=sun.java2d.pisces.Renderer.emitRow([IIII)V @ 10
Event: 21.402 Thread 0x0000023bfb7e1000 Uncommon trap: reason=unstable_if action=reinterpret pc=0x0000023be4f51114 method=java.lang.StrictMath.floorOrCeil(DDDD)D @ 14
Event: 21.404 Thread 0x0000023bfb7e1000 Uncommon trap: reason=unstable_if action=reinterpret pc=0x0000023be4d843bc method=sun.java2d.pisces.Renderer$ScanlineIterator.next()I @ 185

Classes redefined (0 events):
No events

Internal exceptions (10 events):
Event: 5.874 Thread 0x0000023bfb7e1000 Exception <a 'java/lang/NoClassDefFoundError': android/graphics/Color> (0x00000000d9ec4200) thrown at [C:\jenkins\workspace\openjdk\jdk8u\hotspot\src\share\vm\oops\constantPool.cpp, line 609]
Event: 5.874 Thread 0x0000023bfb7e1000 Exception <a 'java/lang/NoClassDefFoundError': android/graphics/Rect> (0x00000000d9ec4648) thrown at [C:\jenkins\workspace\openjdk\jdk8u\hotspot\src\share\vm\oops\constantPool.cpp, line 609]
Event: 5.957 Thread 0x0000023bfccb0800 Implicit null exception at 0x0000023be51d3204 to 0x0000023be51d41a1
Event: 6.024 Thread 0x0000023bfb7e1000 Exception <a 'java/lang/NullPointerException'> (0x00000000da434c60) thrown at [C:\jenkins\workspace\openjdk\jdk8u\hotspot\src\share\vm\interpreter\linkResolver.cpp, line 1185]
Event: 10.827 Thread 0x0000023bfb7e1000 Exception <a 'java/io/FileNotFoundException'> (0x00000000d7cbae30) thrown at [C:\jenkins\workspace\openjdk\jdk8u\hotspot\src\share\vm\prims\jni.cpp, line 712]
Event: 16.096 Thread 0x0000023bfb7e1000 Exception <a 'java/io/FileNotFoundException'> (0x00000000d7cd1ec0) thrown at [C:\jenkins\workspace\openjdk\jdk8u\hotspot\src\share\vm\prims\jni.cpp, line 712]
Event: 16.097 Thread 0x0000023bfb7e1000 Exception <a 'java/io/FileNotFoundException'> (0x00000000d7cebb48) thrown at [C:\jenkins\workspace\openjdk\jdk8u\hotspot\src\share\vm\prims\jni.cpp, line 712]
Event: 21.305 Thread 0x0000023bfb7e1000 Exception <a 'java/io/FileNotFoundException'> (0x00000000d7d026a8) thrown at [C:\jenkins\workspace\openjdk\jdk8u\hotspot\src\share\vm\prims\jni.cpp, line 712]
Event: 22.804 Thread 0x0000023bfb7e1000 Exception <a 'java/io/FileNotFoundException'> (0x00000000d6f6de98) thrown at [C:\jenkins\workspace\openjdk\jdk8u\hotspot\src\share\vm\prims\jni.cpp, line 712]
Event: 28.012 Thread 0x0000023bfb7e1000 Exception <a 'java/io/FileNotFoundException'> (0x00000000d6f84be0) thrown at [C:\jenkins\workspace\openjdk\jdk8u\hotspot\src\share\vm\prims\jni.cpp, line 712]

Events (10 events):
Event: 33.699 loading class com/soltelec/opacimetro/brianbee/MensajeOpacimetroBrianBee
Event: 33.699 loading class com/soltelec/opacimetro/brianbee/MensajeOpacimetroBrianBee done
Event: 33.699 Executing VM operation: RevokeBias
Event: 33.700 Executing VM operation: RevokeBias done
Event: 33.700 loading class com/soltelec/opacimetro/brianbee/UtilOpacimetroBrianBee
Event: 33.700 loading class com/soltelec/opacimetro/brianbee/UtilOpacimetroBrianBee done
Event: 33.700 Executing VM operation: BulkRevokeBias
Event: 33.700 Executing VM operation: BulkRevokeBias done
Event: 33.707 loading class eu/hansolo/steelseries/gauges/DisplayMulti$2
Event: 33.707 loading class eu/hansolo/steelseries/gauges/DisplayMulti$2 done


Dynamic libraries:
0x00007ff710450000 - 0x00007ff71049d000 	C:\Program Files\OpenLogic\jdk-8.0.412.08-hotspot\bin\java.exe
0x00007ffc61e00000 - 0x00007ffc62068000 	C:\WINDOWS\SYSTEM32\ntdll.dll
0x00007ffc60c20000 - 0x00007ffc60ce9000 	C:\WINDOWS\System32\KERNEL32.DLL
0x00007ffc5f2b0000 - 0x00007ffc5f69d000 	C:\WINDOWS\System32\KERNELBASE.dll
0x00007ffc59450000 - 0x00007ffc594ee000 	C:\WINDOWS\SYSTEM32\apphelp.dll
0x00007ffc61d00000 - 0x00007ffc61db4000 	C:\WINDOWS\System32\ADVAPI32.dll
0x00007ffc61310000 - 0x00007ffc613b9000 	C:\WINDOWS\System32\msvcrt.dll
0x00007ffc615a0000 - 0x00007ffc61646000 	C:\WINDOWS\System32\sechost.dll
0x00007ffc61110000 - 0x00007ffc61228000 	C:\WINDOWS\System32\RPCRT4.dll
0x00007ffc60f40000 - 0x00007ffc6110c000 	C:\WINDOWS\System32\USER32.dll
0x00007ffc5fae0000 - 0x00007ffc5fb07000 	C:\WINDOWS\System32\win32u.dll
0x00007ffc60f00000 - 0x00007ffc60f2b000 	C:\WINDOWS\System32\GDI32.dll
0x00007ffc5f820000 - 0x00007ffc5f957000 	C:\WINDOWS\System32\gdi32full.dll
0x00007ffc5f160000 - 0x00007ffc5f203000 	C:\WINDOWS\System32\msvcp_win.dll
0x00007ffc5ef50000 - 0x00007ffc5f09b000 	C:\WINDOWS\System32\ucrtbase.dll
0x00007ffc47090000 - 0x00007ffc4732a000 	C:\WINDOWS\WinSxS\amd64_microsoft.windows.common-controls_6595b64144ccf1df_6.0.26100.4484_none_3e0e6d4ce32ef3b3\COMCTL32.dll
0x00007ffc60df0000 - 0x00007ffc60e1f000 	C:\WINDOWS\System32\IMM32.DLL
0x00007ffc5b110000 - 0x00007ffc5b12b000 	C:\Program Files\OpenLogic\jdk-8.0.412.08-hotspot\jre\bin\vcruntime140.dll
0x00007ffc5b100000 - 0x00007ffc5b10c000 	C:\Program Files\OpenLogic\jdk-8.0.412.08-hotspot\jre\bin\vcruntime140_1.dll
0x00007ffc3a990000 - 0x00007ffc3aa1d000 	C:\Program Files\OpenLogic\jdk-8.0.412.08-hotspot\jre\bin\msvcp140.dll
0x0000000067c10000 - 0x00000000684a7000 	C:\Program Files\OpenLogic\jdk-8.0.412.08-hotspot\jre\bin\server\jvm.dll
0x00007ffc604a0000 - 0x00007ffc604a8000 	C:\WINDOWS\System32\PSAPI.DLL
0x00007ffc3eea0000 - 0x00007ffc3eeaa000 	C:\WINDOWS\SYSTEM32\WSOCK32.dll
0x00007ffc61280000 - 0x00007ffc612f4000 	C:\WINDOWS\System32\WS2_32.dll
0x00007ffc532b0000 - 0x00007ffc532e5000 	C:\WINDOWS\SYSTEM32\WINMM.dll
0x00007ffc53240000 - 0x00007ffc5324b000 	C:\WINDOWS\SYSTEM32\VERSION.dll
0x00007ffc5dcb0000 - 0x00007ffc5dccb000 	C:\WINDOWS\SYSTEM32\kernel.appcore.dll
0x00007ffc5b060000 - 0x00007ffc5b070000 	C:\Program Files\OpenLogic\jdk-8.0.412.08-hotspot\jre\bin\verify.dll
0x00007ffc5af90000 - 0x00007ffc5afbb000 	C:\Program Files\OpenLogic\jdk-8.0.412.08-hotspot\jre\bin\java.dll
0x00007ffc5aec0000 - 0x00007ffc5aed8000 	C:\Program Files\OpenLogic\jdk-8.0.412.08-hotspot\jre\bin\zip.dll
0x00007ffc5fba0000 - 0x00007ffc602ea000 	C:\WINDOWS\System32\SHELL32.dll
0x00007ffc5f960000 - 0x00007ffc5fad4000 	C:\WINDOWS\System32\wintypes.dll
0x00007ffc604b0000 - 0x00007ffc60836000 	C:\WINDOWS\System32\combase.dll
0x00007ffc5cb50000 - 0x00007ffc5d3ab000 	C:\WINDOWS\SYSTEM32\windows.storage.dll
0x00007ffc60b20000 - 0x00007ffc60c15000 	C:\WINDOWS\System32\SHCORE.dll
0x00007ffc60e90000 - 0x00007ffc60efa000 	C:\WINDOWS\System32\shlwapi.dll
0x00007ffc5ee60000 - 0x00007ffc5ee8f000 	C:\WINDOWS\SYSTEM32\profapi.dll
0x00007ffc2b3e0000 - 0x00007ffc2b55c000 	C:\Program Files\OpenLogic\jdk-8.0.412.08-hotspot\jre\bin\awt.dll
0x00007ffc609a0000 - 0x00007ffc60a80000 	C:\WINDOWS\System32\OLEAUT32.dll
0x00007ffc5bbb0000 - 0x00007ffc5bc5f000 	C:\WINDOWS\system32\uxtheme.dll
0x00007ffc61650000 - 0x00007ffc617b0000 	C:\WINDOWS\System32\MSCTF.dll
0x00007ffc602f0000 - 0x00007ffc6048e000 	C:\WINDOWS\System32\ole32.dll
0x00007ffc5f210000 - 0x00007ffc5f2a9000 	C:\WINDOWS\System32\bcryptPrimitives.dll
0x00007ffc5bf20000 - 0x00007ffc5bf56000 	C:\WINDOWS\system32\DWMAPI.DLL
0x00007ffc29970000 - 0x00007ffc29a88000 	C:\WINDOWS\system32\opengl32.dll
0x00007ffc29b40000 - 0x00007ffc29b6d000 	C:\WINDOWS\SYSTEM32\GLU32.dll
0x00007ffc5bce0000 - 0x00007ffc5bd2d000 	C:\WINDOWS\SYSTEM32\dxcore.dll
0x00007ffc5a8c0000 - 0x00007ffc5a8ed000 	C:\Program Files\OpenLogic\jdk-8.0.412.08-hotspot\jre\bin\jpeg.dll
0x00007ffc3a480000 - 0x00007ffc3a52b000 	C:\Program Files\OpenLogic\jdk-8.0.412.08-hotspot\jre\bin\freetype.dll
0x00007ffc5a410000 - 0x00007ffc5a45f000 	C:\Program Files\OpenLogic\jdk-8.0.412.08-hotspot\jre\bin\fontmanager.dll
0x00007ffc61c50000 - 0x00007ffc61cf8000 	C:\WINDOWS\System32\clbcatq.dll
0x00007ffc5b880000 - 0x00007ffc5babb000 	C:\WINDOWS\SYSTEM32\WindowsCodecs.dll
0x00007ffc0f940000 - 0x00007ffc0f99a000 	C:\WINDOWS\system32\dataexchange.dll
0x00007ffc4bea0000 - 0x00007ffc4c0d8000 	C:\WINDOWS\system32\twinapi.appcore.dll
0x00007ffc5a490000 - 0x00007ffc5a4ac000 	C:\Program Files\OpenLogic\jdk-8.0.412.08-hotspot\jre\bin\net.dll
0x00007ffc5e220000 - 0x00007ffc5e28a000 	C:\WINDOWS\system32\mswsock.dll
0x00007ffc5a260000 - 0x00007ffc5a273000 	C:\Program Files\OpenLogic\jdk-8.0.412.08-hotspot\jre\bin\nio.dll
0x00007ffc44d80000 - 0x00007ffc44ed0000 	C:\WINDOWS\SYSTEM32\textinputframework.dll
0x00007ffc59070000 - 0x00007ffc59195000 	C:\WINDOWS\SYSTEM32\CoreMessaging.dll
0x00007ffc55c20000 - 0x00007ffc55f03000 	C:\WINDOWS\SYSTEM32\CoreUIComponents.dll
0x00007ffc5e460000 - 0x00007ffc5e46c000 	C:\WINDOWS\SYSTEM32\CRYPTBASE.DLL
0x00007ffc5d840000 - 0x00007ffc5d966000 	C:\WINDOWS\SYSTEM32\DNSAPI.dll
0x00007ffc5d800000 - 0x00007ffc5d833000 	C:\WINDOWS\SYSTEM32\IPHLPAPI.DLL
0x00007ffc608c0000 - 0x00007ffc608ca000 	C:\WINDOWS\System32\NSI.dll
0x00007ffc52ba0000 - 0x00007ffc52bab000 	C:\Windows\System32\rasadhlp.dll
0x00007ffc59590000 - 0x00007ffc59616000 	C:\WINDOWS\System32\fwpuclnt.dll
0x00007ffc5a0d0000 - 0x00007ffc5a0f5000 	C:\Program Files\OpenLogic\jdk-8.0.412.08-hotspot\jre\bin\sunec.dll
0x00007ffc5e580000 - 0x00007ffc5e59b000 	C:\WINDOWS\SYSTEM32\CRYPTSP.dll
0x00007ffc5dc10000 - 0x00007ffc5dc4b000 	C:\WINDOWS\system32\rsaenh.dll
0x00007ffc5e2c0000 - 0x00007ffc5e2eb000 	C:\WINDOWS\SYSTEM32\USERENV.dll
0x00007ffc5ee30000 - 0x00007ffc5ee56000 	C:\WINDOWS\SYSTEM32\bcrypt.dll
0x00007ffc53280000 - 0x00007ffc5329f000 	C:\WINDOWS\SYSTEM32\dhcpcsvc6.DLL
0x00007ffc53250000 - 0x00007ffc53275000 	C:\WINDOWS\SYSTEM32\dhcpcsvc.DLL
0x00007ffc5b410000 - 0x00007ffc5b41e000 	C:\Program Files\OpenLogic\jdk-8.0.412.08-hotspot\jre\bin\sunmscapi.dll
0x00007ffc5f6a0000 - 0x00007ffc5f817000 	C:\WINDOWS\System32\CRYPT32.dll
0x00007ffc5e6d0000 - 0x00007ffc5e700000 	C:\WINDOWS\SYSTEM32\ncrypt.dll
0x00007ffc5e680000 - 0x00007ffc5e6bf000 	C:\WINDOWS\SYSTEM32\NTASN1.dll
0x0000000180000000 - 0x0000000180025000 	C:\Program Files\OpenLogic\jdk-8.0.412.08-hotspot\jre\bin\rxtxSerial.dll
0x00007ffc5c6d0000 - 0x00007ffc5c911000 	C:\WINDOWS\SYSTEM32\dbghelp.dll

VM Arguments:
jvm_args: -Dfile.encoding=UTF-8 
java_command: com.soltelec.Inicio.Inicio
java_class_path (initial): C:\Users\user\Documents\Soltelec\SART\SART\lib\slf4j-api-1.7.2.jar;C:\Users\user\Documents\Soltelec\SART\SART\lib\mysql-connector-java-8.0.26.jar;C:\Users\user\Documents\Soltelec\SART\SART\lib\axis-1.4.jar;C:\Users\user\Documents\Soltelec\SART\SART\lib\axis-wsdl4j-1.5.1.jar;C:\Users\user\Documents\Soltelec\SART\SART\lib\GiovynetDriver.jar;C:\Users\user\Documents\Soltelec\SART\SART\lib\commons-discovery-0.5.jar;C:\Users\user\Documents\Soltelec\SART\SART\lib\eclipselink.jar;C:\Users\user\Documents\Soltelec\SART\SART\lib\ini4j-0.5.1.jar;C:\Users\user\Documents\Soltelec\SART\SART\lib\javacsv.jar;C:\Users\user\Documents\Soltelec\SART\SART\lib\javax.persistence_2.1.0.v201304241213.jar;C:\Users\user\Documents\Soltelec\SART\SART\lib\jaxrpc-api-1.1.jar;C:\Users\user\Documents\Soltelec\SART\SART\lib\jfreechart-1.0.13.jar;C:\Users\user\Documents\Soltelec\SART\SART\lib\jfxtras-labs-2.2-r4.jar;C:\Users\user\Documents\Soltelec\SART\SART\lib\jna-3.2.7.jar;C:\Users\user\Documents\Soltelec\SART\SART\lib\jna-4.1.0.jar;C:\Users\user\Documents\Soltelec\SART\SART\lib\RXTXcomm.jar;C:\Users\user\Documents\Soltelec\SART\SART\lib\TrafficLight2.jar;C:\Users\user\Documents\Soltelec\SART\SART\lib\org.eclipse.persistence.jpa.jpql_2.5.1.v20130918-f2b9fc5.jar;C:\Users\user\Documents\Soltelec\SART\SART\lib\orson-0.5.0.jar;C:\Users\user\Documents\Soltelec\SART\SART\lib\platform.jar;C:\Users\user\Documents\Soltelec\SART\SART\lib\postgresql-9.3-1103.jdbc41.jar;C:\Users\user\Documents\Soltelec\SART\SART\lib\swingx-1.6.jar;C:\Users\user\Documents\Soltelec\SART\SART\lib\trident.jar;C:\Users\user\Documents\Soltelec\SART\SART\lib\vlcj-1.2.0-test.jar;C:\Users\user\Documents\Soltelec\SART\SART\lib\vlcj-1.2.0.jar;C:\Users\user\Documents\Soltelec\SART\SART\lib\webcam-capture-0.3.10-RC6.jar;C:\Users\user\Documents\Soltelec\SART\SART\lib\xml-apis-1.3.02.jar;C:\Users\user\Documents\Soltelec\SART\SART\lib\SteelSeries-3.9.31.0.jar;C:\Users\user\Documents\Soltelec\SART\SART\lib\jcommon-
Launcher Type: SUN_STANDARD

Environment Variables:
JAVA_HOME=C:\Program Files (x86)\OpenLogic\jdk-8.0.422.05-hotspot\
PATH=C:\Program Files (x86)\OpenLogic\jdk-8.0.422.05-hotspot\bin;C:\Program Files\OpenLogic\jdk-17.0.11.9-hotspot\bin;C:\WINDOWS\system32;C:\WINDOWS;C:\WINDOWS\System32\Wbem;C:\WINDOWS\System32\WindowsPowerShell\v1.0\;C:\WINDOWS\System32\OpenSSH\;C:\Program Files\Git\cmd;C:\Users\user\AppData\Roaming\nvm;C:\Program Files\nodejs;C:\Program Files\Java\jdk1.8.0_111\bin;C:\Program Files\MySQL\MySQL Server 5.6\bin;C:\Program Files\PuTTY\;C:\Program Files\OpenLogic\jdk-8.0.412.08-hotspot\bin;C:\Program Files (x86)\HBT Interface - R\;C:\Gradle\gradle-8.9\bin;C:\Program Files\Docker\Docker\resources\bin;C:\Program Files\Tailscale\;C:\Program Files\MySQL\MySQL Server 8.4\bin;C:\Users\user\AppData\Local\Microsoft\WindowsApps;C:\Users\user\AppData\Local\GitHubDesktop\bin;C:\Users\user\AppData\Roaming\npm;C:\Users\user\AppData\Local\Programs\Microsoft VS Code\bin
USERNAME=user
OS=Windows_NT
PROCESSOR_IDENTIFIER=Intel64 Family 6 Model 140 Stepping 1, GenuineIntel



---------------  S Y S T E M  ---------------

OS: Windows 11 , 64 bit Build 26100 (10.0.26100.4484)

CPU:total 8 (initial active 8) (4 cores per cpu, 2 threads per core) family 6 model 140 stepping 1, cmov, cx8, fxsr, mmx, sse, sse2, sse3, ssse3, sse4.1, sse4.2, popcnt, avx, avx2, aes, clmul, erms, 3dnowpref, lzcnt, ht, tsc, tscinvbit, bmi1, bmi2, adx

Memory: 4k page, physical 8075800k(1185308k free), swap 31097724k(2165432k free)

vm_info: OpenJDK 64-Bit Server VM (25.412-b08) for windows-amd64 JRE (1.8.0_412-412-b08), built on Apr 22 2024 06:49:43 by "Administrator" with MS VC++ 16.10 / 16.11 (VS2019)

time: Wed Aug  6 12:00:32 2025
timezone: Hora est. Pacífico, Sudamérica
elapsed time: 33.793505 seconds (0d 0h 0m 33s)

