#
# A fatal error has been detected by the Java Runtime Environment:
#
#  EXCEPTION_ACCESS_VIOLATION (0xc0000005) at pc=0x0000000180005156, pid=11696, tid=0x000000000000079c
#
# JRE version: OpenJDK Runtime Environment (8.0_412-b08) (build 1.8.0_412-412-b08)
# Java VM: OpenJDK 64-Bit Server VM (25.412-b08 mixed mode windows-amd64 compressed oops)
# Problematic frame:
# C  [rxtxSerial.dll+0x5156]
#
# Failed to write core dump. Minidumps are not enabled by default on client versions of Windows
#
# If you would like to submit a bug report, please visit:
#   http://bugreport.java.com/bugreport/crash.jsp
# The crash happened outside the Java Virtual Machine in native code.
# See problematic frame for where to report the bug.
#

---------------  T H R E A D  ---------------

Current thread (0x00000288b9817000):  JavaThread "Thread-6" [_thread_in_native, id=1948, stack(0x000000e066200000,0x000000e066300000)]

siginfo: ExceptionCode=0xc0000005, reading address 0x00000000661feb08

Registers:
RAX=0x00000000661feb00, RBX=0x0000000000000001, RCX=0x000000018001d4d5, RDX=0xfffffffffffff665
RSP=0x000000e0662ff350, RBP=0x00000288b9817260, RSI=0x0000000000000000, RDI=0x0000000000000000
R8 =0x0000000000000002, R9 =0xfffffffffffff63c, R10=0x000000000000021a, R11=0x8101010101010100
R12=0x00000000661feb00, R13=0x00000288b9fa60e0, R14=0x000000e0662ff4a0, R15=0x0000000000000064
RIP=0x0000000180005156, EFLAGS=0x0000000000010202

Top of Stack: (sp=0x000000e0662ff350)
0x000000e0662ff350:   000000e0662ff4a0 00000288b9817260
0x000000e0662ff360:   0000000000000000 0000000000000000
0x000000e0662ff370:   00000000662ff480 0000000000000001
0x000000e0662ff380:   000000e0662ff3b0 0000000000000000
0x000000e0662ff390:   00000288b9fa60e8 00000288b93a60c8
0x000000e0662ff3a0:   00000288b9fa60e8 00000288b9817000
0x000000e0662ff3b0:   00000288b9fa60e8 00000288b9817000
0x000000e0662ff3c0:   0000d0d4ed041b51 0000000000000002
0x000000e0662ff3d0:   00000288b9817000 000000e0662ff4a0
0x000000e0662ff3e0:   00000288b9fa60e0 0000000000000000
0x000000e0662ff3f0:   00000288a0f780bd 0000000000000002
0x000000e0662ff400:   000000e0662ff480 00000288a0f89c8e
0x000000e0662ff410:   00000288b9fa60e8 000000e0662ff480
0x000000e0662ff420:   00000288b9fa60e8 00000288b9817000
0x000000e0662ff430:   000000e0662ff550 00000288a0f89942
0x000000e0662ff440:   000000e0662ff440 00000288b9fa60e0 

Instructions: (pc=0x0000000180005156)
0x0000000180005136:   8d 05 d4 79 01 00 48 8b d3 48 8b cd 44 8b f8 89
0x0000000180005146:   7c 24 24 8b f7 e8 c0 e6 ff ff 8d 5f 01 4c 63 e0
0x0000000180005156:   45 8b 74 24 08 41 89 7c 24 08 45 85 ff 78 0b ff
0x0000000180005166:   15 95 1e 01 00 89 44 24 24 90 8b ce ff c6 83 f9 


Register to memory mapping:

RAX=0x00000000661feb00 is an unknown value
RBX=0x0000000000000001 is an unknown value
RCX=0x000000018001d4d5 is an unknown value
RDX=0xfffffffffffff665 is an unknown value
RSP=0x000000e0662ff350 is pointing into the stack for thread: 0x00000288b9817000
RBP=0x00000288b9817260 is an unknown value
RSI=0x0000000000000000 is an unknown value
RDI=0x0000000000000000 is an unknown value
R8 =0x0000000000000002 is an unknown value
R9 =0xfffffffffffff63c is an unknown value
R10=0x000000000000021a is an unknown value
R11=0x8101010101010100 is an unknown value
R12=0x00000000661feb00 is an unknown value
R13=0x00000288b9fa60e0 is pointing into metadata
R14=0x000000e0662ff4a0 is pointing into the stack for thread: 0x00000288b9817000
R15=0x0000000000000064 is an unknown value


Stack: [0x000000e066200000,0x000000e066300000],  sp=0x000000e0662ff350,  free space=1020k
Native frames: (J=compiled Java code, j=interpreted, Vv=VM code, C=native code)
C  [rxtxSerial.dll+0x5156]
C  0x00000288a0f89c8e

Java frames: (J=compiled Java code, j=interpreted, Vv=VM code)
j  gnu.io.RXTXPort.readByte()I+0
j  gnu.io.RXTXPort$SerialInputStream.read()I+81
j  com.soltelec.opacimetro.brianbee.OpacimetroBrianBee.enviarRecibirTrama([B)[B+149
j  com.soltelec.opacimetro.brianbee.OpacimetroBrianBee.obtenerDatos()Lorg/soltelec/util/MedicionOpacidad;+86
j  org.soltelec.procesosopacimetro.WorkerDatosOpacimetro.doInBackground()Ljava/lang/Integer;+50
j  org.soltelec.procesosopacimetro.WorkerDatosOpacimetro.doInBackground()Ljava/lang/Object;+1
j  javax.swing.SwingWorker$1.call()Ljava/lang/Object;+14
j  java.util.concurrent.FutureTask.run()V+42
j  javax.swing.SwingWorker.run()V+4
j  java.lang.Thread.run()V+11
v  ~StubRoutines::call_stub

---------------  P R O C E S S  ---------------

Java Threads: ( => current thread )
=>0x00000288b9817000 JavaThread "Thread-6" [_thread_in_native, id=1948, stack(0x000000e066200000,0x000000e066300000)]
  0x00000288b9818000 JavaThread "Thread-5" [_thread_in_native, id=8188, stack(0x000000e066100000,0x000000e066200000)]
  0x00000288b981a000 JavaThread "Image Fetcher 0" daemon [_thread_blocked, id=18776, stack(0x000000e066000000,0x000000e066100000)]
  0x00000288b9816000 JavaThread "SwingWorker-pool-2-thread-1" daemon [_thread_blocked, id=17964, stack(0x000000e065f00000,0x000000e066000000)]
  0x00000288b5643000 JavaThread "Keep-Alive-Timer" daemon [_thread_blocked, id=5656, stack(0x000000e065e00000,0x000000e065f00000)]
  0x00000288b92cf800 JavaThread "mysql-cj-abandoned-connection-cleanup" daemon [_thread_blocked, id=10900, stack(0x000000e065d00000,0x000000e065e00000)]
  0x00000288b7fce800 JavaThread "TimerQueue" daemon [_thread_blocked, id=17044, stack(0x000000e065c00000,0x000000e065d00000)]
  0x000002889f604000 JavaThread "DestroyJavaVM" [_thread_blocked, id=17860, stack(0x000000e064000000,0x000000e064100000)]
  0x00000288b7cd1000 JavaThread "AWT-EventQueue-0" [_thread_blocked, id=21664, stack(0x000000e065700000,0x000000e065800000)]
  0x00000288b7d30800 JavaThread "AWT-Windows" daemon [_thread_in_native, id=23924, stack(0x000000e065600000,0x000000e065700000)]
  0x00000288b7d2d800 JavaThread "AWT-Shutdown" [_thread_blocked, id=19752, stack(0x000000e065500000,0x000000e065600000)]
  0x00000288b7d2d000 JavaThread "Java2D Disposer" daemon [_thread_blocked, id=13928, stack(0x000000e065400000,0x000000e065500000)]
  0x00000288b7470800 JavaThread "Service Thread" daemon [_thread_blocked, id=9728, stack(0x000000e065200000,0x000000e065300000)]
  0x00000288b55f3800 JavaThread "C1 CompilerThread3" daemon [_thread_blocked, id=15612, stack(0x000000e065100000,0x000000e065200000)]
  0x00000288b55f2000 JavaThread "C2 CompilerThread2" daemon [_thread_blocked, id=9260, stack(0x000000e065000000,0x000000e065100000)]
  0x00000288b55ed800 JavaThread "C2 CompilerThread1" daemon [_thread_blocked, id=2756, stack(0x000000e064f00000,0x000000e065000000)]
  0x00000288b55e9800 JavaThread "C2 CompilerThread0" daemon [_thread_blocked, id=21804, stack(0x000000e064e00000,0x000000e064f00000)]
  0x00000288b55e4000 JavaThread "Attach Listener" daemon [_thread_blocked, id=15420, stack(0x000000e064d00000,0x000000e064e00000)]
  0x00000288b55d5000 JavaThread "Signal Dispatcher" daemon [_thread_blocked, id=22192, stack(0x000000e064c00000,0x000000e064d00000)]
  0x00000288b55b9000 JavaThread "Finalizer" daemon [_thread_blocked, id=7536, stack(0x000000e064b00000,0x000000e064c00000)]
  0x00000288b55b1800 JavaThread "Reference Handler" daemon [_thread_blocked, id=13652, stack(0x000000e064a00000,0x000000e064b00000)]

Other Threads:
  0x00000288b5588000 VMThread [stack: 0x000000e064900000,0x000000e064a00000] [id=21236]
  0x00000288b747a000 WatcherThread [stack: 0x000000e065300000,0x000000e065400000] [id=14136]

VM state:not at safepoint (normal execution)

VM Mutex/Monitor currently owned by a thread: None

heap address: 0x0000000084c00000, size: 1972 MB, Compressed Oops mode: 32-bit
Narrow klass base: 0x0000000000000000, Narrow klass shift: 3
Compressed class space size: 1073741824 Address: 0x0000000100000000

Heap:
 PSYoungGen      total 61440K, used 10779K [0x00000000d6f00000, 0x00000000de480000, 0x0000000100000000)
  eden space 32768K, 32% used [0x00000000d6f00000,0x00000000d7986d40,0x00000000d8f00000)
  from space 28672K, 0% used [0x00000000d8f00000,0x00000000d8f00000,0x00000000dab00000)
  to   space 27648K, 0% used [0x00000000dc980000,0x00000000dc980000,0x00000000de480000)
 ParOldGen       total 77824K, used 23495K [0x0000000084c00000, 0x0000000089800000, 0x00000000d6f00000)
  object space 77824K, 30% used [0x0000000084c00000,0x00000000862f1ff8,0x0000000089800000)
 Metaspace       used 36757K, capacity 37124K, committed 37504K, reserved 1081344K
  class space    used 4564K, capacity 4651K, committed 4736K, reserved 1048576K

Card table byte_map: [0x00000288b0330000,0x00000288b0710000] byte_map_base: 0x00000288aff0a000

Marking Bits: (ParMarkBitMap*) 0x0000000076c5d850
 Begin Bits: [0x00000288b09b0000, 0x00000288b2880000)
 End Bits:   [0x00000288b2880000, 0x00000288b4750000)

Polling page: 0x00000288a0f40000

CodeCache: size=245760Kb used=10775Kb max_used=10851Kb free=234985Kb
 bounds [0x00000288a0f70000, 0x00000288a1a20000, 0x00000288aff70000]
 total_blobs=4288 nmethods=3576 adapters=623
 compilation: enabled

Compilation events (10 events):
Event: 41.196 Thread 0x00000288b55ed800 nmethod 3961 0x00000288a1798490 code [0x00000288a17985c0, 0x00000288a1798618]
Event: 41.196 Thread 0x00000288b55f3800 nmethod 3959 0x00000288a1782b90 code [0x00000288a1782e00, 0x00000288a1784280]
Event: 41.196 Thread 0x00000288b55f3800 3960       3       sun.java2d.pipe.DrawImage::copyImage (60 bytes)
Event: 41.196 Thread 0x00000288b55f3800 nmethod 3960 0x00000288a1781ed0 code [0x00000288a17820a0, 0x00000288a1782890]
Event: 41.196 Thread 0x00000288b55f3800 3962       1       java.awt.geom.Rectangle2D$Float::getY (6 bytes)
Event: 41.196 Thread 0x00000288b55f3800 nmethod 3962 0x00000288a1781c10 code [0x00000288a1781d60, 0x00000288a1781e78]
Event: 41.197 Thread 0x00000288b55f3800 3964       3       sun.java2d.pipe.DrawImage::isSimpleTranslate (31 bytes)
Event: 41.197 Thread 0x00000288b55e9800 3963       4       javax.swing.JComponent::getHeight (5 bytes)
Event: 41.197 Thread 0x00000288b55f3800 nmethod 3964 0x00000288a17817d0 code [0x00000288a1781940, 0x00000288a1781b78]
Event: 41.197 Thread 0x00000288b55e9800 nmethod 3963 0x00000288a1085a90 code [0x00000288a1085bc0, 0x00000288a1085c18]

GC Heap History (10 events):
Event: 20.539 GC heap before
{Heap before GC invocations=6 (full 1):
 PSYoungGen      total 36864K, used 36849K [0x00000000d6f00000, 0x00000000d9800000, 0x0000000100000000)
  eden space 31744K, 100% used [0x00000000d6f00000,0x00000000d8e00000,0x00000000d8e00000)
  from space 5120K, 99% used [0x00000000d9300000,0x00000000d97fc438,0x00000000d9800000)
  to   space 5120K, 0% used [0x00000000d8e00000,0x00000000d8e00000,0x00000000d9300000)
 ParOldGen       total 81408K, used 19928K [0x0000000084c00000, 0x0000000089b80000, 0x00000000d6f00000)
  object space 81408K, 24% used [0x0000000084c00000,0x0000000085f76178,0x0000000089b80000)
 Metaspace       used 34711K, capacity 35012K, committed 35456K, reserved 1081344K
  class space    used 4294K, capacity 4395K, committed 4480K, reserved 1048576K
Event: 20.544 GC heap after
Heap after GC invocations=6 (full 1):
 PSYoungGen      total 36352K, used 5111K [0x00000000d6f00000, 0x00000000dc880000, 0x0000000100000000)
  eden space 31232K, 0% used [0x00000000d6f00000,0x00000000d6f00000,0x00000000d8d80000)
  from space 5120K, 99% used [0x00000000d8e00000,0x00000000d92fdcc8,0x00000000d9300000)
  to   space 30208K, 0% used [0x00000000dab00000,0x00000000dab00000,0x00000000dc880000)
 ParOldGen       total 81408K, used 22309K [0x0000000084c00000, 0x0000000089b80000, 0x00000000d6f00000)
  object space 81408K, 27% used [0x0000000084c00000,0x00000000861c9790,0x0000000089b80000)
 Metaspace       used 34711K, capacity 35012K, committed 35456K, reserved 1081344K
  class space    used 4294K, capacity 4395K, committed 4480K, reserved 1048576K
}
Event: 20.549 GC heap before
{Heap before GC invocations=7 (full 1):
 PSYoungGen      total 36352K, used 5829K [0x00000000d6f00000, 0x00000000dc880000, 0x0000000100000000)
  eden space 31232K, 2% used [0x00000000d6f00000,0x00000000d6fb3a50,0x00000000d8d80000)
  from space 5120K, 99% used [0x00000000d8e00000,0x00000000d92fdcc8,0x00000000d9300000)
  to   space 30208K, 0% used [0x00000000dab00000,0x00000000dab00000,0x00000000dc880000)
 ParOldGen       total 81408K, used 22309K [0x0000000084c00000, 0x0000000089b80000, 0x00000000d6f00000)
  object space 81408K, 27% used [0x0000000084c00000,0x00000000861c9790,0x0000000089b80000)
 Metaspace       used 34821K, capacity 35076K, committed 35456K, reserved 1081344K
  class space    used 4306K, capacity 4395K, committed 4480K, reserved 1048576K
Event: 20.552 GC heap after
Heap after GC invocations=7 (full 1):
 PSYoungGen      total 62976K, used 5287K [0x00000000d6f00000, 0x00000000de380000, 0x0000000100000000)
  eden space 32768K, 0% used [0x00000000d6f00000,0x00000000d6f00000,0x00000000d8f00000)
  from space 30208K, 17% used [0x00000000dab00000,0x00000000db029cb8,0x00000000dc880000)
  to   space 28672K, 0% used [0x00000000d8f00000,0x00000000d8f00000,0x00000000dab00000)
 ParOldGen       total 81408K, used 22309K [0x0000000084c00000, 0x0000000089b80000, 0x00000000d6f00000)
  object space 81408K, 27% used [0x0000000084c00000,0x00000000861c9790,0x0000000089b80000)
 Metaspace       used 34821K, capacity 35076K, committed 35456K, reserved 1081344K
  class space    used 4306K, capacity 4395K, committed 4480K, reserved 1048576K
}
Event: 20.552 GC heap before
{Heap before GC invocations=8 (full 2):
 PSYoungGen      total 62976K, used 5287K [0x00000000d6f00000, 0x00000000de380000, 0x0000000100000000)
  eden space 32768K, 0% used [0x00000000d6f00000,0x00000000d6f00000,0x00000000d8f00000)
  from space 30208K, 17% used [0x00000000dab00000,0x00000000db029cb8,0x00000000dc880000)
  to   space 28672K, 0% used [0x00000000d8f00000,0x00000000d8f00000,0x00000000dab00000)
 ParOldGen       total 81408K, used 22309K [0x0000000084c00000, 0x0000000089b80000, 0x00000000d6f00000)
  object space 81408K, 27% used [0x0000000084c00000,0x00000000861c9790,0x0000000089b80000)
 Metaspace       used 34821K, capacity 35076K, committed 35456K, reserved 1081344K
  class space    used 4306K, capacity 4395K, committed 4480K, reserved 1048576K
Event: 20.582 GC heap after
Heap after GC invocations=8 (full 2):
 PSYoungGen      total 62976K, used 0K [0x00000000d6f00000, 0x00000000de380000, 0x0000000100000000)
  eden space 32768K, 0% used [0x00000000d6f00000,0x00000000d6f00000,0x00000000d8f00000)
  from space 30208K, 0% used [0x00000000dab00000,0x00000000dab00000,0x00000000dc880000)
  to   space 28672K, 0% used [0x00000000d8f00000,0x00000000d8f00000,0x00000000dab00000)
 ParOldGen       total 77824K, used 20808K [0x0000000084c00000, 0x0000000089800000, 0x00000000d6f00000)
  object space 77824K, 26% used [0x0000000084c00000,0x0000000086052008,0x0000000089800000)
 Metaspace       used 34821K, capacity 35076K, committed 35456K, reserved 1081344K
  class space    used 4306K, capacity 4395K, committed 4480K, reserved 1048576K
}
Event: 33.814 GC heap before
{Heap before GC invocations=9 (full 2):
 PSYoungGen      total 62976K, used 28060K [0x00000000d6f00000, 0x00000000de380000, 0x0000000100000000)
  eden space 32768K, 85% used [0x00000000d6f00000,0x00000000d8a67380,0x00000000d8f00000)
  from space 30208K, 0% used [0x00000000dab00000,0x00000000dab00000,0x00000000dc880000)
  to   space 28672K, 0% used [0x00000000d8f00000,0x00000000d8f00000,0x00000000dab00000)
 ParOldGen       total 77824K, used 20808K [0x0000000084c00000, 0x0000000089800000, 0x00000000d6f00000)
  object space 77824K, 26% used [0x0000000084c00000,0x0000000086052008,0x0000000089800000)
 Metaspace       used 36319K, capacity 36644K, committed 37248K, reserved 1081344K
  class space    used 4498K, capacity 4619K, committed 4736K, reserved 1048576K
Event: 33.818 GC heap after
Heap after GC invocations=9 (full 2):
 PSYoungGen      total 61440K, used 3875K [0x00000000d6f00000, 0x00000000de480000, 0x0000000100000000)
  eden space 32768K, 0% used [0x00000000d6f00000,0x00000000d6f00000,0x00000000d8f00000)
  from space 28672K, 13% used [0x00000000d8f00000,0x00000000d92c8e98,0x00000000dab00000)
  to   space 27648K, 0% used [0x00000000dc980000,0x00000000dc980000,0x00000000de480000)
 ParOldGen       total 77824K, used 20816K [0x0000000084c00000, 0x0000000089800000, 0x00000000d6f00000)
  object space 77824K, 26% used [0x0000000084c00000,0x0000000086054008,0x0000000089800000)
 Metaspace       used 36319K, capacity 36644K, committed 37248K, reserved 1081344K
  class space    used 4498K, capacity 4619K, committed 4736K, reserved 1048576K
}
Event: 33.818 GC heap before
{Heap before GC invocations=10 (full 3):
 PSYoungGen      total 61440K, used 3875K [0x00000000d6f00000, 0x00000000de480000, 0x0000000100000000)
  eden space 32768K, 0% used [0x00000000d6f00000,0x00000000d6f00000,0x00000000d8f00000)
  from space 28672K, 13% used [0x00000000d8f00000,0x00000000d92c8e98,0x00000000dab00000)
  to   space 27648K, 0% used [0x00000000dc980000,0x00000000dc980000,0x00000000de480000)
 ParOldGen       total 77824K, used 20816K [0x0000000084c00000, 0x0000000089800000, 0x00000000d6f00000)
  object space 77824K, 26% used [0x0000000084c00000,0x0000000086054008,0x0000000089800000)
 Metaspace       used 36319K, capacity 36644K, committed 37248K, reserved 1081344K
  class space    used 4498K, capacity 4619K, committed 4736K, reserved 1048576K
Event: 33.875 GC heap after
Heap after GC invocations=10 (full 3):
 PSYoungGen      total 61440K, used 0K [0x00000000d6f00000, 0x00000000de480000, 0x0000000100000000)
  eden space 32768K, 0% used [0x00000000d6f00000,0x00000000d6f00000,0x00000000d8f00000)
  from space 28672K, 0% used [0x00000000d8f00000,0x00000000d8f00000,0x00000000dab00000)
  to   space 27648K, 0% used [0x00000000dc980000,0x00000000dc980000,0x00000000de480000)
 ParOldGen       total 77824K, used 23495K [0x0000000084c00000, 0x0000000089800000, 0x00000000d6f00000)
  object space 77824K, 30% used [0x0000000084c00000,0x00000000862f1ff8,0x0000000089800000)
 Metaspace       used 36319K, capacity 36644K, committed 37248K, reserved 1081344K
  class space    used 4498K, capacity 4619K, committed 4736K, reserved 1048576K
}

Deoptimization events (10 events):
Event: 31.100 Thread 0x00000288b7cd1000 Uncommon trap: reason=predicate action=maybe_recompile pc=0x00000288a17001ac method=java.util.TreeMap.put(Ljava/lang/Object;Ljava/lang/Object;)Ljava/lang/Object; @ 132
Event: 31.116 Thread 0x00000288b7cd1000 Uncommon trap: reason=unstable_if action=reinterpret pc=0x00000288a1442004 method=java.lang.StrictMath.floorOrCeil(DDDD)D @ 14
Event: 31.127 Thread 0x00000288b7cd1000 Uncommon trap: reason=unstable_if action=reinterpret pc=0x00000288a17fa334 method=sun.java2d.pisces.Renderer._endRendering(IIII)V @ 461
Event: 31.149 Thread 0x00000288b7cd1000 Uncommon trap: reason=unstable_if action=reinterpret pc=0x00000288a17dd7f8 method=sun.java2d.pisces.Renderer._endRendering(IIII)V @ 461
Event: 31.149 Thread 0x00000288b7cd1000 Uncommon trap: reason=unstable_if action=reinterpret pc=0x00000288a156bd5c method=java.awt.MultipleGradientPaintContext.indexIntoGradientsArrays(F)I @ 24
Event: 31.164 Thread 0x00000288b7cd1000 Uncommon trap: reason=unstable_if action=reinterpret pc=0x00000288a17f07d0 method=java.lang.StrictMath.floorOrCeil(DDDD)D @ 38
Event: 31.167 Thread 0x00000288b7cd1000 Uncommon trap: reason=unstable_if action=reinterpret pc=0x00000288a17a2df0 method=sun.java2d.pisces.Renderer.emitRow([IIII)V @ 10
Event: 31.180 Thread 0x00000288b7cd1000 Uncommon trap: reason=unstable_if action=reinterpret pc=0x00000288a184e2e4 method=java.lang.StrictMath.floorOrCeil(DDDD)D @ 14
Event: 31.180 Thread 0x00000288b7cd1000 Uncommon trap: reason=unstable_if action=reinterpret pc=0x00000288a189c900 method=java.lang.StrictMath.floorOrCeil(DDDD)D @ 14
Event: 31.181 Thread 0x00000288b7cd1000 Uncommon trap: reason=unstable_if action=reinterpret pc=0x00000288a1285310 method=sun.java2d.pisces.Renderer$ScanlineIterator.next()I @ 185

Classes redefined (0 events):
No events

Internal exceptions (10 events):
Event: 12.787 Thread 0x00000288b7cd1000 Exception <a 'java/lang/NoClassDefFoundError': android/graphics/Point> (0x00000000d7bf4c78) thrown at [C:\jenkins\workspace\openjdk\jdk8u\hotspot\src\share\vm\oops\constantPool.cpp, line 609]
Event: 12.787 Thread 0x00000288b7cd1000 Exception <a 'java/lang/NoClassDefFoundError': android/graphics/Rect> (0x00000000d7bf50c0) thrown at [C:\jenkins\workspace\openjdk\jdk8u\hotspot\src\share\vm\oops\constantPool.cpp, line 609]
Event: 12.846 Thread 0x00000288b9b1c000 Implicit null exception at 0x00000288a17226c4 to 0x00000288a1723661
Event: 12.894 Thread 0x00000288b7cd1000 Exception <a 'java/lang/NullPointerException'> (0x00000000d81afdd8) thrown at [C:\jenkins\workspace\openjdk\jdk8u\hotspot\src\share\vm\interpreter\linkResolver.cpp, line 1185]
Event: 20.610 Thread 0x00000288b7cd1000 Exception <a 'java/io/FileNotFoundException'> (0x00000000d6f692e8) thrown at [C:\jenkins\workspace\openjdk\jdk8u\hotspot\src\share\vm\prims\jni.cpp, line 712]
Event: 25.881 Thread 0x00000288b7cd1000 Exception <a 'java/io/FileNotFoundException'> (0x00000000d6f80378) thrown at [C:\jenkins\workspace\openjdk\jdk8u\hotspot\src\share\vm\prims\jni.cpp, line 712]
Event: 25.882 Thread 0x00000288b7cd1000 Exception <a 'java/io/FileNotFoundException'> (0x00000000d7051b78) thrown at [C:\jenkins\workspace\openjdk\jdk8u\hotspot\src\share\vm\prims\jni.cpp, line 712]
Event: 31.089 Thread 0x00000288b7cd1000 Exception <a 'java/io/FileNotFoundException'> (0x00000000d70686d8) thrown at [C:\jenkins\workspace\openjdk\jdk8u\hotspot\src\share\vm\prims\jni.cpp, line 712]
Event: 33.879 Thread 0x00000288b7cd1000 Exception <a 'java/io/FileNotFoundException'> (0x00000000d6f6de98) thrown at [C:\jenkins\workspace\openjdk\jdk8u\hotspot\src\share\vm\prims\jni.cpp, line 712]
Event: 39.152 Thread 0x00000288b7cd1000 Exception <a 'java/io/FileNotFoundException'> (0x00000000d6f84be0) thrown at [C:\jenkins\workspace\openjdk\jdk8u\hotspot\src\share\vm\prims\jni.cpp, line 712]

Events (10 events):
Event: 41.169 loading class com/soltelec/opacimetro/brianbee/MensajeOpacimetroBrianBee
Event: 41.170 loading class com/soltelec/opacimetro/brianbee/MensajeOpacimetroBrianBee done
Event: 41.170 Executing VM operation: RevokeBias
Event: 41.170 Executing VM operation: RevokeBias done
Event: 41.170 loading class com/soltelec/opacimetro/brianbee/UtilOpacimetroBrianBee
Event: 41.170 loading class com/soltelec/opacimetro/brianbee/UtilOpacimetroBrianBee done
Event: 41.170 Executing VM operation: BulkRevokeBias
Event: 41.171 Executing VM operation: BulkRevokeBias done
Event: 41.181 loading class eu/hansolo/steelseries/gauges/DisplayMulti$2
Event: 41.181 loading class eu/hansolo/steelseries/gauges/DisplayMulti$2 done


Dynamic libraries:
0x00007ff6cafb0000 - 0x00007ff6caffd000 	C:\Program Files\OpenLogic\jdk-8.0.412.08-hotspot\bin\java.exe
0x00007ffc77390000 - 0x00007ffc775a7000 	C:\WINDOWS\SYSTEM32\ntdll.dll
0x00007ffc76d60000 - 0x00007ffc76e24000 	C:\WINDOWS\System32\KERNEL32.DLL
0x00007ffc74480000 - 0x00007ffc74853000 	C:\WINDOWS\System32\KERNELBASE.dll
0x00007ffc6ad20000 - 0x00007ffc6adb7000 	C:\WINDOWS\SYSTEM32\apphelp.dll
0x00007ffc76330000 - 0x00007ffc763e1000 	C:\WINDOWS\System32\ADVAPI32.dll
0x00007ffc751f0000 - 0x00007ffc75297000 	C:\WINDOWS\System32\msvcrt.dll
0x00007ffc76670000 - 0x00007ffc76717000 	C:\WINDOWS\System32\sechost.dll
0x00007ffc74bc0000 - 0x00007ffc74be8000 	C:\WINDOWS\System32\bcrypt.dll
0x00007ffc75560000 - 0x00007ffc75674000 	C:\WINDOWS\System32\RPCRT4.dll
0x00007ffc76720000 - 0x00007ffc768d1000 	C:\WINDOWS\System32\USER32.dll
0x00007ffc74e10000 - 0x00007ffc74e36000 	C:\WINDOWS\System32\win32u.dll
0x00007ffc765c0000 - 0x00007ffc765e9000 	C:\WINDOWS\System32\GDI32.dll
0x00007ffc74860000 - 0x00007ffc74982000 	C:\WINDOWS\System32\gdi32full.dll
0x00007ffc74e40000 - 0x00007ffc74eda000 	C:\WINDOWS\System32\msvcp_win.dll
0x00007ffc74bf0000 - 0x00007ffc74d01000 	C:\WINDOWS\System32\ucrtbase.dll
0x00007ffc5b340000 - 0x00007ffc5b5db000 	C:\WINDOWS\WinSxS\amd64_microsoft.windows.common-controls_6595b64144ccf1df_6.0.22621.5262_none_2712bde373830908\COMCTL32.dll
0x00007ffc763f0000 - 0x00007ffc76421000 	C:\WINDOWS\System32\IMM32.DLL
0x00007ffc67de0000 - 0x00007ffc67dfb000 	C:\Program Files\OpenLogic\jdk-8.0.412.08-hotspot\jre\bin\vcruntime140.dll
0x00007ffc68910000 - 0x00007ffc6891c000 	C:\Program Files\OpenLogic\jdk-8.0.412.08-hotspot\jre\bin\vcruntime140_1.dll
0x00007ffc24980000 - 0x00007ffc24a0d000 	C:\Program Files\OpenLogic\jdk-8.0.412.08-hotspot\jre\bin\msvcp140.dll
0x0000000076440000 - 0x0000000076cd7000 	C:\Program Files\OpenLogic\jdk-8.0.412.08-hotspot\jre\bin\server\jvm.dll
0x00007ffc75760000 - 0x00007ffc75768000 	C:\WINDOWS\System32\PSAPI.DLL
0x00007ffc6c100000 - 0x00007ffc6c134000 	C:\WINDOWS\SYSTEM32\WINMM.dll
0x00007ffc67f80000 - 0x00007ffc67f8a000 	C:\WINDOWS\SYSTEM32\VERSION.dll
0x00007ffc54b80000 - 0x00007ffc54b89000 	C:\WINDOWS\SYSTEM32\WSOCK32.dll
0x00007ffc765f0000 - 0x00007ffc76661000 	C:\WINDOWS\System32\WS2_32.dll
0x00007ffc73570000 - 0x00007ffc73588000 	C:\WINDOWS\SYSTEM32\kernel.appcore.dll
0x00007ffc67dd0000 - 0x00007ffc67de0000 	C:\Program Files\OpenLogic\jdk-8.0.412.08-hotspot\jre\bin\verify.dll
0x00007ffc67da0000 - 0x00007ffc67dcb000 	C:\Program Files\OpenLogic\jdk-8.0.412.08-hotspot\jre\bin\java.dll
0x00007ffc67d60000 - 0x00007ffc67d78000 	C:\Program Files\OpenLogic\jdk-8.0.412.08-hotspot\jre\bin\zip.dll
0x00007ffc75a90000 - 0x00007ffc7632d000 	C:\WINDOWS\System32\SHELL32.dll
0x00007ffc74ee0000 - 0x00007ffc7501f000 	C:\WINDOWS\System32\wintypes.dll
0x00007ffc76e30000 - 0x00007ffc771c3000 	C:\WINDOWS\System32\combase.dll
0x00007ffc72380000 - 0x00007ffc72c9d000 	C:\WINDOWS\SYSTEM32\windows.storage.dll
0x00007ffc752c0000 - 0x00007ffc753cb000 	C:\WINDOWS\System32\SHCORE.dll
0x00007ffc754f0000 - 0x00007ffc75556000 	C:\WINDOWS\System32\shlwapi.dll
0x00007ffc743b0000 - 0x00007ffc743db000 	C:\WINDOWS\SYSTEM32\profapi.dll
0x00007ffc24490000 - 0x00007ffc2460c000 	C:\Program Files\OpenLogic\jdk-8.0.412.08-hotspot\jre\bin\awt.dll
0x00007ffc75680000 - 0x00007ffc75757000 	C:\WINDOWS\System32\OLEAUT32.dll
0x00007ffc6ea40000 - 0x00007ffc6eaf3000 	C:\WINDOWS\system32\uxtheme.dll
0x00007ffc75770000 - 0x00007ffc758ce000 	C:\WINDOWS\System32\MSCTF.dll
0x00007ffc758e0000 - 0x00007ffc75a81000 	C:\WINDOWS\System32\ole32.dll
0x00007ffc74d10000 - 0x00007ffc74d8b000 	C:\WINDOWS\System32\bcryptPrimitives.dll
0x00007ffc6ecd0000 - 0x00007ffc6ecfe000 	C:\WINDOWS\system32\DWMAPI.DLL
0x00007ffc41800000 - 0x00007ffc41900000 	C:\WINDOWS\system32\opengl32.dll
0x00007ffc417d0000 - 0x00007ffc417fd000 	C:\WINDOWS\SYSTEM32\GLU32.dll
0x00007ffc71790000 - 0x00007ffc717c7000 	C:\WINDOWS\SYSTEM32\dxcore.dll
0x00007ffc3b7f0000 - 0x00007ffc3b81d000 	C:\Program Files\OpenLogic\jdk-8.0.412.08-hotspot\jre\bin\jpeg.dll
0x00007ffc248d0000 - 0x00007ffc2497b000 	C:\Program Files\OpenLogic\jdk-8.0.412.08-hotspot\jre\bin\freetype.dll
0x00007ffc24440000 - 0x00007ffc2448f000 	C:\Program Files\OpenLogic\jdk-8.0.412.08-hotspot\jre\bin\fontmanager.dll
0x00007ffc753d0000 - 0x00007ffc75480000 	C:\WINDOWS\System32\clbcatq.dll
0x00007ffc6e850000 - 0x00007ffc6ea00000 	C:\WINDOWS\SYSTEM32\WindowsCodecs.dll
0x00007ffc4a0a0000 - 0x00007ffc4a0fe000 	C:\WINDOWS\system32\dataexchange.dll
0x00007ffc645c0000 - 0x00007ffc64866000 	C:\WINDOWS\system32\twinapi.appcore.dll
0x00007ffc3b7d0000 - 0x00007ffc3b7ec000 	C:\Program Files\OpenLogic\jdk-8.0.412.08-hotspot\jre\bin\net.dll
0x00007ffc739e0000 - 0x00007ffc73a4a000 	C:\WINDOWS\system32\mswsock.dll
0x00007ffc3b740000 - 0x00007ffc3b753000 	C:\Program Files\OpenLogic\jdk-8.0.412.08-hotspot\jre\bin\nio.dll
0x00007ffc5c6d0000 - 0x00007ffc5c813000 	C:\WINDOWS\SYSTEM32\textinputframework.dll
0x00007ffc6a090000 - 0x00007ffc6a1c5000 	C:\WINDOWS\SYSTEM32\CoreMessaging.dll
0x00007ffc66f20000 - 0x00007ffc6728c000 	C:\WINDOWS\SYSTEM32\CoreUIComponents.dll
0x00007ffc73d10000 - 0x00007ffc73d1c000 	C:\WINDOWS\SYSTEM32\CRYPTBASE.DLL
0x00007ffc72fe0000 - 0x00007ffc730d8000 	C:\WINDOWS\SYSTEM32\DNSAPI.dll
0x00007ffc72f70000 - 0x00007ffc72f9d000 	C:\WINDOWS\SYSTEM32\IPHLPAPI.DLL
0x00007ffc76490000 - 0x00007ffc76499000 	C:\WINDOWS\System32\NSI.dll
0x00007ffc6b0b0000 - 0x00007ffc6b0ba000 	C:\Windows\System32\rasadhlp.dll
0x00007ffc6b9f0000 - 0x00007ffc6ba73000 	C:\WINDOWS\System32\fwpuclnt.dll
0x00007ffc1f500000 - 0x00007ffc1f525000 	C:\Program Files\OpenLogic\jdk-8.0.412.08-hotspot\jre\bin\sunec.dll
0x00007ffc73d30000 - 0x00007ffc73d4b000 	C:\WINDOWS\SYSTEM32\CRYPTSP.dll
0x00007ffc734d0000 - 0x00007ffc73507000 	C:\WINDOWS\system32\rsaenh.dll
0x00007ffc73a80000 - 0x00007ffc73aa8000 	C:\WINDOWS\SYSTEM32\USERENV.dll
0x00007ffc6c330000 - 0x00007ffc6c349000 	C:\WINDOWS\SYSTEM32\dhcpcsvc6.DLL
0x00007ffc6c0e0000 - 0x00007ffc6c0ff000 	C:\WINDOWS\SYSTEM32\dhcpcsvc.DLL
0x0000000180000000 - 0x0000000180025000 	C:\Program Files\OpenLogic\jdk-8.0.412.08-hotspot\jre\bin\rxtxSerial.dll
0x00007ffc71d90000 - 0x00007ffc71fc2000 	C:\WINDOWS\SYSTEM32\dbghelp.dll

VM Arguments:
jvm_args: -Dfile.encoding=UTF-8 
java_command: com.soltelec.Inicio.Inicio
java_class_path (initial): C:\Users\user\Documents\Soltelec\SART\SART\lib\slf4j-api-1.7.2.jar;C:\Users\user\Documents\Soltelec\SART\SART\lib\mysql-connector-java-8.0.26.jar;C:\Users\user\Documents\Soltelec\SART\SART\lib\axis-1.4.jar;C:\Users\user\Documents\Soltelec\SART\SART\lib\axis-wsdl4j-1.5.1.jar;C:\Users\user\Documents\Soltelec\SART\SART\lib\GiovynetDriver.jar;C:\Users\user\Documents\Soltelec\SART\SART\lib\commons-discovery-0.5.jar;C:\Users\user\Documents\Soltelec\SART\SART\lib\eclipselink.jar;C:\Users\user\Documents\Soltelec\SART\SART\lib\ini4j-0.5.1.jar;C:\Users\user\Documents\Soltelec\SART\SART\lib\javacsv.jar;C:\Users\user\Documents\Soltelec\SART\SART\lib\javax.persistence_2.1.0.v201304241213.jar;C:\Users\user\Documents\Soltelec\SART\SART\lib\jaxrpc-api-1.1.jar;C:\Users\user\Documents\Soltelec\SART\SART\lib\jfreechart-1.0.13.jar;C:\Users\user\Documents\Soltelec\SART\SART\lib\jfxtras-labs-2.2-r4.jar;C:\Users\user\Documents\Soltelec\SART\SART\lib\jna-3.2.7.jar;C:\Users\user\Documents\Soltelec\SART\SART\lib\jna-4.1.0.jar;C:\Users\user\Documents\Soltelec\SART\SART\lib\RXTXcomm.jar;C:\Users\user\Documents\Soltelec\SART\SART\lib\TrafficLight2.jar;C:\Users\user\Documents\Soltelec\SART\SART\lib\org.eclipse.persistence.jpa.jpql_2.5.1.v20130918-f2b9fc5.jar;C:\Users\user\Documents\Soltelec\SART\SART\lib\orson-0.5.0.jar;C:\Users\user\Documents\Soltelec\SART\SART\lib\platform.jar;C:\Users\user\Documents\Soltelec\SART\SART\lib\postgresql-9.3-1103.jdbc41.jar;C:\Users\user\Documents\Soltelec\SART\SART\lib\swingx-1.6.jar;C:\Users\user\Documents\Soltelec\SART\SART\lib\trident.jar;C:\Users\user\Documents\Soltelec\SART\SART\lib\vlcj-1.2.0-test.jar;C:\Users\user\Documents\Soltelec\SART\SART\lib\vlcj-1.2.0.jar;C:\Users\user\Documents\Soltelec\SART\SART\lib\webcam-capture-0.3.10-RC6.jar;C:\Users\user\Documents\Soltelec\SART\SART\lib\xml-apis-1.3.02.jar;C:\Users\user\Documents\Soltelec\SART\SART\lib\SteelSeries-3.9.31.0.jar;C:\Users\user\Documents\Soltelec\SART\SART\lib\jcommon-
Launcher Type: SUN_STANDARD

Environment Variables:
JAVA_HOME=C:\Program Files (x86)\OpenLogic\jdk-8.0.422.05-hotspot\
PATH=C:\Program Files (x86)\Common Files\Oracle\Java\java8path;C:\Program Files (x86)\Common Files\Oracle\Java\javapath;C:\Program Files (x86)\OpenLogic\jdk-8.0.422.05-hotspot\bin;C:\Program Files\OpenLogic\jdk-17.0.11.9-hotspot\bin;C:\WINDOWS\system32;C:\WINDOWS;C:\WINDOWS\System32\Wbem;C:\WINDOWS\System32\WindowsPowerShell\v1.0\;C:\WINDOWS\System32\OpenSSH\;C:\Program Files\Git\cmd;C:\Users\user\AppData\Roaming\nvm;C:\Program Files\nodejs;C:\Program Files\Java\jdk1.8.0_111\bin;C:\Program Files\MySQL\MySQL Server 5.6\bin;C:\Program Files\PuTTY\;C:\Program Files\OpenLogic\jdk-8.0.412.08-hotspot\bin;C:\Program Files (x86)\HBT Interface - R\;C:\Gradle\gradle-8.9\bin;;C:\Program Files\Docker\Docker\resources\bin;C:\Users\user\AppData\Local\Microsoft\WindowsApps;C:\Users\user\AppData\Local\GitHubDesktop\bin;C:\Users\user\AppData\Roaming\npm;C:\Users\user\AppData\Local\Programs\Microsoft VS Code\bin
USERNAME=user
OS=Windows_NT
PROCESSOR_IDENTIFIER=Intel64 Family 6 Model 140 Stepping 1, GenuineIntel



---------------  S Y S T E M  ---------------

OS: Windows 11 , 64 bit Build 22621 (10.0.22621.5262)

CPU:total 8 (initial active 8) (4 cores per cpu, 2 threads per core) family 6 model 140 stepping 1, cmov, cx8, fxsr, mmx, sse, sse2, sse3, ssse3, sse4.1, sse4.2, popcnt, avx, avx2, aes, clmul, erms, 3dnowpref, lzcnt, ht, tsc, tscinvbit, bmi1, bmi2, adx

Memory: 4k page, physical 8075800k(1052012k free), swap 19118788k(3335484k free)

vm_info: OpenJDK 64-Bit Server VM (25.412-b08) for windows-amd64 JRE (1.8.0_412-412-b08), built on Apr 22 2024 06:49:43 by "Administrator" with MS VC++ 16.10 / 16.11 (VS2019)

time: Sat May 31 13:17:32 2025
timezone: Hora est. Pacífico, Sudamérica
elapsed time: 41.239837 seconds (0d 0h 0m 41s)

