#
# A fatal error has been detected by the Java Runtime Environment:
#
#  EXCEPTION_ACCESS_VIOLATION (0xc0000005) at pc=0x0000000180005156, pid=20260, tid=0x0000000000000ae8
#
# JRE version: OpenJDK Runtime Environment (8.0_412-b08) (build 1.8.0_412-412-b08)
# Java VM: OpenJDK 64-Bit Server VM (25.412-b08 mixed mode windows-amd64 compressed oops)
# Problematic frame:
# C  [rxtxSerial.dll+0x5156]
#
# Failed to write core dump. Minidumps are not enabled by default on client versions of Windows
#
# If you would like to submit a bug report, please visit:
#   http://bugreport.java.com/bugreport/crash.jsp
# The crash happened outside the Java Virtual Machine in native code.
# See problematic frame for where to report the bug.
#

---------------  T H R E A D  ---------------

Current thread (0x000001ca68833000):  JavaThread "Thread-6" [_thread_in_native, id=2792, stack(0x0000008975900000,0x0000008975a00000)]

siginfo: ExceptionCode=0xc0000005, reading address 0x00000000758feda8

Registers:
RAX=0x00000000758feda0, RBX=0x0000000000000001, RCX=0x000000018001d4d5, RDX=0xfffffffffffff665
RSP=0x00000089759feca0, RBP=0x000001ca68833260, RSI=0x0000000000000000, RDI=0x0000000000000000
R8 =0x0000000000000002, R9 =0xfffffffffffff63c, R10=0x0000000000000216, R11=0x8101010101010100
R12=0x00000000758feda0, R13=0x000001ca6c4ebe68, R14=0x00000089759fedf0, R15=0x0000000000000064
RIP=0x0000000180005156, EFLAGS=0x0000000000010206

Top of Stack: (sp=0x00000089759feca0)
0x00000089759feca0:   00000089759fedf0 000001ca68833260
0x00000089759fecb0:   0000000000000000 0000000000000000
0x00000089759fecc0:   00000000759fedd0 0000000000000001
0x00000089759fecd0:   00000089759fed00 0000000000000000
0x00000089759fece0:   000001ca6c4ebe70 000001ca670257c8
0x00000089759fecf0:   000001ca6c4ebe70 000001ca68833000
0x00000089759fed00:   000001ca6c4ebe70 000001ca68833000
0x00000089759fed10:   0000d0b5f60efd62 0000000000001350
0x00000089759fed20:   000001ca68833000 00000089759fedf0
0x00000089759fed30:   000001ca6c4ebe68 0000000000000000
0x00000089759fed40:   000001ca502280bd 0000000000001350
0x00000089759fed50:   00000089759fedd0 000001ca50239c8e
0x00000089759fed60:   000001ca6c4ebe70 00000089759fedd0
0x00000089759fed70:   000001ca6c4ebe70 000001ca68833000
0x00000089759fed80:   00000089759feea0 000001ca50239942
0x00000089759fed90:   00000089759fed90 000001ca6c4ebe68 

Instructions: (pc=0x0000000180005156)
0x0000000180005136:   8d 05 d4 79 01 00 48 8b d3 48 8b cd 44 8b f8 89
0x0000000180005146:   7c 24 24 8b f7 e8 c0 e6 ff ff 8d 5f 01 4c 63 e0
0x0000000180005156:   45 8b 74 24 08 41 89 7c 24 08 45 85 ff 78 0b ff
0x0000000180005166:   15 95 1e 01 00 89 44 24 24 90 8b ce ff c6 83 f9 


Register to memory mapping:

RAX=0x00000000758feda0 is an unknown value
RBX=0x0000000000000001 is an unknown value
RCX=0x000000018001d4d5 is an unknown value
RDX=0xfffffffffffff665 is an unknown value
RSP=0x00000089759feca0 is pointing into the stack for thread: 0x000001ca68833000
RBP=0x000001ca68833260 is an unknown value
RSI=0x0000000000000000 is an unknown value
RDI=0x0000000000000000 is an unknown value
R8 =0x0000000000000002 is an unknown value
R9 =0xfffffffffffff63c is an unknown value
R10=0x0000000000000216 is an unknown value
R11=0x8101010101010100 is an unknown value
R12=0x00000000758feda0 is an unknown value
R13=0x000001ca6c4ebe68 is pointing into metadata
R14=0x00000089759fedf0 is pointing into the stack for thread: 0x000001ca68833000
R15=0x0000000000000064 is an unknown value


Stack: [0x0000008975900000,0x0000008975a00000],  sp=0x00000089759feca0,  free space=1019k
Native frames: (J=compiled Java code, j=interpreted, Vv=VM code, C=native code)
C  [rxtxSerial.dll+0x5156]
C  0x000001ca50239c8e

Java frames: (J=compiled Java code, j=interpreted, Vv=VM code)
j  gnu.io.RXTXPort.readByte()I+0
j  gnu.io.RXTXPort$SerialInputStream.read()I+81
j  com.soltelec.opacimetro.brianbee.OpacimetroBrianBee.enviarRecibirTrama([B)[B+149
j  com.soltelec.opacimetro.brianbee.OpacimetroBrianBee.obtenerDatos()Lorg/soltelec/util/MedicionOpacidad;+86
j  org.soltelec.procesosopacimetro.WorkerDatosOpacimetro.doInBackground()Ljava/lang/Integer;+50
j  org.soltelec.procesosopacimetro.WorkerDatosOpacimetro.doInBackground()Ljava/lang/Object;+1
j  javax.swing.SwingWorker$1.call()Ljava/lang/Object;+14
j  java.util.concurrent.FutureTask.run()V+42
j  javax.swing.SwingWorker.run()V+4
j  java.lang.Thread.run()V+11
v  ~StubRoutines::call_stub

---------------  P R O C E S S  ---------------

Java Threads: ( => current thread )
=>0x000001ca68833000 JavaThread "Thread-6" [_thread_in_native, id=2792, stack(0x0000008975900000,0x0000008975a00000)]
  0x000001ca68838800 JavaThread "Thread-5" [_thread_in_native, id=20416, stack(0x0000008975800000,0x0000008975900000)]
  0x000001ca68834800 JavaThread "Image Fetcher 0" daemon [_thread_blocked, id=24476, stack(0x0000008975700000,0x0000008975800000)]
  0x000001ca68832800 JavaThread "SwingWorker-pool-2-thread-1" daemon [_thread_blocked, id=8072, stack(0x0000008975600000,0x0000008975700000)]
  0x000001ca66fd3000 JavaThread "Keep-Alive-Timer" daemon [_thread_blocked, id=1952, stack(0x0000008975500000,0x0000008975600000)]
  0x000001ca6708c000 JavaThread "mysql-cj-abandoned-connection-cleanup" daemon [_thread_blocked, id=20648, stack(0x0000008975400000,0x0000008975500000)]
  0x000001ca6716c000 JavaThread "TimerQueue" daemon [_thread_blocked, id=7244, stack(0x0000008975300000,0x0000008975400000)]
  0x000001ca4e725800 JavaThread "DestroyJavaVM" [_thread_blocked, id=22672, stack(0x0000008973700000,0x0000008973800000)]
  0x000001ca66f45800 JavaThread "AWT-EventQueue-0" [_thread_blocked, id=11152, stack(0x0000008974e00000,0x0000008974f00000)]
  0x000001ca66f94000 JavaThread "AWT-Windows" daemon [_thread_in_native, id=17128, stack(0x0000008974d00000,0x0000008974e00000)]
  0x000001ca66f93000 JavaThread "AWT-Shutdown" [_thread_blocked, id=13292, stack(0x0000008974c00000,0x0000008974d00000)]
  0x000001ca66f92800 JavaThread "Java2D Disposer" daemon [_thread_blocked, id=7264, stack(0x0000008974b00000,0x0000008974c00000)]
  0x000001ca666ea800 JavaThread "Service Thread" daemon [_thread_blocked, id=19884, stack(0x0000008974900000,0x0000008974a00000)]
  0x000001ca64872000 JavaThread "C1 CompilerThread3" daemon [_thread_blocked, id=11748, stack(0x0000008974800000,0x0000008974900000)]
  0x000001ca64871000 JavaThread "C2 CompilerThread2" daemon [_thread_blocked, id=21204, stack(0x0000008974700000,0x0000008974800000)]
  0x000001ca6486e000 JavaThread "C2 CompilerThread1" daemon [_thread_blocked, id=22128, stack(0x0000008974600000,0x0000008974700000)]
  0x000001ca64869800 JavaThread "C2 CompilerThread0" daemon [_thread_blocked, id=3296, stack(0x0000008974500000,0x0000008974600000)]
  0x000001ca6485a800 JavaThread "Attach Listener" daemon [_thread_blocked, id=9132, stack(0x0000008974400000,0x0000008974500000)]
  0x000001ca64861800 JavaThread "Signal Dispatcher" daemon [_thread_blocked, id=17356, stack(0x0000008974300000,0x0000008974400000)]
  0x000001ca64838800 JavaThread "Finalizer" daemon [_thread_blocked, id=11144, stack(0x0000008974200000,0x0000008974300000)]
  0x000001ca64831800 JavaThread "Reference Handler" daemon [_thread_blocked, id=21268, stack(0x0000008974100000,0x0000008974200000)]

Other Threads:
  0x000001ca64807800 VMThread [stack: 0x0000008974000000,0x0000008974100000] [id=18940]
  0x000001ca6488f000 WatcherThread [stack: 0x0000008974a00000,0x0000008974b00000] [id=19612]

VM state:not at safepoint (normal execution)

VM Mutex/Monitor currently owned by a thread: None

heap address: 0x0000000084c00000, size: 1972 MB, Compressed Oops mode: 32-bit
Narrow klass base: 0x0000000000000000, Narrow klass shift: 3
Compressed class space size: 1073741824 Address: 0x0000000100000000

Heap:
 PSYoungGen      total 58368K, used 10531K [0x00000000d6f00000, 0x00000000dc600000, 0x0000000100000000)
  eden space 30720K, 34% used [0x00000000d6f00000,0x00000000d7948f18,0x00000000d8d00000)
  from space 27648K, 0% used [0x00000000dab00000,0x00000000dab00000,0x00000000dc600000)
  to   space 29184K, 0% used [0x00000000d8d00000,0x00000000d8d00000,0x00000000da980000)
 ParOldGen       total 77824K, used 23500K [0x0000000084c00000, 0x0000000089800000, 0x00000000d6f00000)
  object space 77824K, 30% used [0x0000000084c00000,0x00000000862f3038,0x0000000089800000)
 Metaspace       used 36744K, capacity 37100K, committed 37464K, reserved 1081344K
  class space    used 4565K, capacity 4683K, committed 4736K, reserved 1048576K

Card table byte_map: [0x000001ca5f5e0000,0x000001ca5f9c0000] byte_map_base: 0x000001ca5f1ba000

Marking Bits: (ParMarkBitMap*) 0x0000000076c5d850
 Begin Bits: [0x000001ca5fc60000, 0x000001ca61b30000)
 End Bits:   [0x000001ca61b30000, 0x000001ca63a00000)

Polling page: 0x000001ca4e940000

CodeCache: size=245760Kb used=10912Kb max_used=10912Kb free=234847Kb
 bounds [0x000001ca50220000, 0x000001ca50ce0000, 0x000001ca5f220000]
 total_blobs=4329 nmethods=3617 adapters=623
 compilation: enabled

Compilation events (10 events):
Event: 44.888 Thread 0x000001ca64872000 3999       1       java.awt.geom.AffineTransform::getShearY (5 bytes)
Event: 44.888 Thread 0x000001ca64872000 nmethod 3999 0x000001ca5095c550 code [0x000001ca5095c6a0, 0x000001ca5095c7b8]
Event: 44.888 Thread 0x000001ca64872000 3998       1       java.awt.geom.AffineTransform::getShearX (5 bytes)
Event: 44.888 Thread 0x000001ca64872000 nmethod 3998 0x000001ca509cb690 code [0x000001ca509cb7e0, 0x000001ca509cb8f8]
Event: 44.888 Thread 0x000001ca64872000 4001       1       java.awt.geom.Rectangle2D$Float::getWidth (6 bytes)
Event: 44.888 Thread 0x000001ca64872000 nmethod 4001 0x000001ca509cb3d0 code [0x000001ca509cb520, 0x000001ca509cb638]
Event: 44.888 Thread 0x000001ca64872000 3997   !   3       sun.java2d.SunGraphics2D::drawImage (145 bytes)
Event: 44.888 Thread 0x000001ca64872000 nmethod 3997 0x000001ca509aa750 code [0x000001ca509aa9c0, 0x000001ca509abe40]
Event: 44.888 Thread 0x000001ca64872000 4000       1       sun.awt.windows.WObjectPeer::getTarget (5 bytes)
Event: 44.888 Thread 0x000001ca64872000 nmethod 4000 0x000001ca509aa490 code [0x000001ca509aa5e0, 0x000001ca509aa6f8]

GC Heap History (10 events):
Event: 8.712 GC heap before
{Heap before GC invocations=5 (full 1):
 PSYoungGen      total 36864K, used 36856K [0x00000000d6f00000, 0x00000000d9800000, 0x0000000100000000)
  eden space 31744K, 100% used [0x00000000d6f00000,0x00000000d8e00000,0x00000000d8e00000)
  from space 5120K, 99% used [0x00000000d8e00000,0x00000000d92fe178,0x00000000d9300000)
  to   space 5120K, 0% used [0x00000000d9300000,0x00000000d9300000,0x00000000d9800000)
 ParOldGen       total 81920K, used 18048K [0x0000000084c00000, 0x0000000089c00000, 0x00000000d6f00000)
  object space 81920K, 22% used [0x0000000084c00000,0x0000000085da01e0,0x0000000089c00000)
 Metaspace       used 31047K, capacity 31346K, committed 31616K, reserved 1077248K
  class space    used 3780K, capacity 3878K, committed 3968K, reserved 1048576K
Event: 8.716 GC heap after
Heap after GC invocations=5 (full 1):
 PSYoungGen      total 36864K, used 5089K [0x00000000d6f00000, 0x00000000d9800000, 0x0000000100000000)
  eden space 31744K, 0% used [0x00000000d6f00000,0x00000000d6f00000,0x00000000d8e00000)
  from space 5120K, 99% used [0x00000000d9300000,0x00000000d97f86e0,0x00000000d9800000)
  to   space 5120K, 0% used [0x00000000d8e00000,0x00000000d8e00000,0x00000000d9300000)
 ParOldGen       total 81920K, used 19943K [0x0000000084c00000, 0x0000000089c00000, 0x00000000d6f00000)
  object space 81920K, 24% used [0x0000000084c00000,0x0000000085f79e10,0x0000000089c00000)
 Metaspace       used 31047K, capacity 31346K, committed 31616K, reserved 1077248K
  class space    used 3780K, capacity 3878K, committed 3968K, reserved 1048576K
}
Event: 16.461 GC heap before
{Heap before GC invocations=6 (full 1):
 PSYoungGen      total 36864K, used 35635K [0x00000000d6f00000, 0x00000000d9800000, 0x0000000100000000)
  eden space 31744K, 96% used [0x00000000d6f00000,0x00000000d8cd47d8,0x00000000d8e00000)
  from space 5120K, 99% used [0x00000000d9300000,0x00000000d97f86e0,0x00000000d9800000)
  to   space 5120K, 0% used [0x00000000d8e00000,0x00000000d8e00000,0x00000000d9300000)
 ParOldGen       total 81920K, used 19943K [0x0000000084c00000, 0x0000000089c00000, 0x00000000d6f00000)
  object space 81920K, 24% used [0x0000000084c00000,0x0000000085f79e10,0x0000000089c00000)
 Metaspace       used 34695K, capacity 35020K, committed 35416K, reserved 1081344K
  class space    used 4293K, capacity 4395K, committed 4480K, reserved 1048576K
Event: 16.465 GC heap after
Heap after GC invocations=6 (full 1):
 PSYoungGen      total 36352K, used 5111K [0x00000000d6f00000, 0x00000000dc880000, 0x0000000100000000)
  eden space 31232K, 0% used [0x00000000d6f00000,0x00000000d6f00000,0x00000000d8d80000)
  from space 5120K, 99% used [0x00000000d8e00000,0x00000000d92fdd08,0x00000000d9300000)
  to   space 30208K, 0% used [0x00000000dab00000,0x00000000dab00000,0x00000000dc880000)
 ParOldGen       total 81920K, used 22187K [0x0000000084c00000, 0x0000000089c00000, 0x00000000d6f00000)
  object space 81920K, 27% used [0x0000000084c00000,0x00000000861aafa0,0x0000000089c00000)
 Metaspace       used 34695K, capacity 35020K, committed 35416K, reserved 1081344K
  class space    used 4293K, capacity 4395K, committed 4480K, reserved 1048576K
}
Event: 16.465 GC heap before
{Heap before GC invocations=7 (full 2):
 PSYoungGen      total 36352K, used 5111K [0x00000000d6f00000, 0x00000000dc880000, 0x0000000100000000)
  eden space 31232K, 0% used [0x00000000d6f00000,0x00000000d6f00000,0x00000000d8d80000)
  from space 5120K, 99% used [0x00000000d8e00000,0x00000000d92fdd08,0x00000000d9300000)
  to   space 30208K, 0% used [0x00000000dab00000,0x00000000dab00000,0x00000000dc880000)
 ParOldGen       total 81920K, used 22187K [0x0000000084c00000, 0x0000000089c00000, 0x00000000d6f00000)
  object space 81920K, 27% used [0x0000000084c00000,0x00000000861aafa0,0x0000000089c00000)
 Metaspace       used 34695K, capacity 35020K, committed 35416K, reserved 1081344K
  class space    used 4293K, capacity 4395K, committed 4480K, reserved 1048576K
Event: 16.494 GC heap after
Heap after GC invocations=7 (full 2):
 PSYoungGen      total 36352K, used 0K [0x00000000d6f00000, 0x00000000dc880000, 0x0000000100000000)
  eden space 31232K, 0% used [0x00000000d6f00000,0x00000000d6f00000,0x00000000d8d80000)
  from space 5120K, 0% used [0x00000000d8e00000,0x00000000d8e00000,0x00000000d9300000)
  to   space 30208K, 0% used [0x00000000dab00000,0x00000000dab00000,0x00000000dc880000)
 ParOldGen       total 77824K, used 20827K [0x0000000084c00000, 0x0000000089800000, 0x00000000d6f00000)
  object space 77824K, 26% used [0x0000000084c00000,0x0000000086056e98,0x0000000089800000)
 Metaspace       used 34695K, capacity 35020K, committed 35416K, reserved 1081344K
  class space    used 4293K, capacity 4395K, committed 4480K, reserved 1048576K
}
Event: 37.015 GC heap before
{Heap before GC invocations=8 (full 2):
 PSYoungGen      total 36352K, used 31157K [0x00000000d6f00000, 0x00000000dc880000, 0x0000000100000000)
  eden space 31232K, 99% used [0x00000000d6f00000,0x00000000d8d6d620,0x00000000d8d80000)
  from space 5120K, 0% used [0x00000000d8e00000,0x00000000d8e00000,0x00000000d9300000)
  to   space 30208K, 0% used [0x00000000dab00000,0x00000000dab00000,0x00000000dc880000)
 ParOldGen       total 77824K, used 20827K [0x0000000084c00000, 0x0000000089800000, 0x00000000d6f00000)
  object space 77824K, 26% used [0x0000000084c00000,0x0000000086056e98,0x0000000089800000)
 Metaspace       used 36321K, capacity 36652K, committed 37208K, reserved 1081344K
  class space    used 4499K, capacity 4619K, committed 4736K, reserved 1048576K
Event: 37.020 GC heap after
Heap after GC invocations=8 (full 2):
 PSYoungGen      total 58368K, used 4948K [0x00000000d6f00000, 0x00000000dc600000, 0x0000000100000000)
  eden space 30720K, 0% used [0x00000000d6f00000,0x00000000d6f00000,0x00000000d8d00000)
  from space 27648K, 17% used [0x00000000dab00000,0x00000000dafd50c8,0x00000000dc600000)
  to   space 29184K, 0% used [0x00000000d8d00000,0x00000000d8d00000,0x00000000da980000)
 ParOldGen       total 77824K, used 20835K [0x0000000084c00000, 0x0000000089800000, 0x00000000d6f00000)
  object space 77824K, 26% used [0x0000000084c00000,0x0000000086058e98,0x0000000089800000)
 Metaspace       used 36321K, capacity 36652K, committed 37208K, reserved 1081344K
  class space    used 4499K, capacity 4619K, committed 4736K, reserved 1048576K
}
Event: 37.020 GC heap before
{Heap before GC invocations=9 (full 3):
 PSYoungGen      total 58368K, used 4948K [0x00000000d6f00000, 0x00000000dc600000, 0x0000000100000000)
  eden space 30720K, 0% used [0x00000000d6f00000,0x00000000d6f00000,0x00000000d8d00000)
  from space 27648K, 17% used [0x00000000dab00000,0x00000000dafd50c8,0x00000000dc600000)
  to   space 29184K, 0% used [0x00000000d8d00000,0x00000000d8d00000,0x00000000da980000)
 ParOldGen       total 77824K, used 20835K [0x0000000084c00000, 0x0000000089800000, 0x00000000d6f00000)
  object space 77824K, 26% used [0x0000000084c00000,0x0000000086058e98,0x0000000089800000)
 Metaspace       used 36321K, capacity 36652K, committed 37208K, reserved 1081344K
  class space    used 4499K, capacity 4619K, committed 4736K, reserved 1048576K
Event: 37.092 GC heap after
Heap after GC invocations=9 (full 3):
 PSYoungGen      total 58368K, used 0K [0x00000000d6f00000, 0x00000000dc600000, 0x0000000100000000)
  eden space 30720K, 0% used [0x00000000d6f00000,0x00000000d6f00000,0x00000000d8d00000)
  from space 27648K, 0% used [0x00000000dab00000,0x00000000dab00000,0x00000000dc600000)
  to   space 29184K, 0% used [0x00000000d8d00000,0x00000000d8d00000,0x00000000da980000)
 ParOldGen       total 77824K, used 23500K [0x0000000084c00000, 0x0000000089800000, 0x00000000d6f00000)
  object space 77824K, 30% used [0x0000000084c00000,0x00000000862f3038,0x0000000089800000)
 Metaspace       used 36321K, capacity 36652K, committed 37208K, reserved 1081344K
  class space    used 4499K, capacity 4619K, committed 4736K, reserved 1048576K
}

Deoptimization events (10 events):
Event: 27.029 Thread 0x000001ca66f45800 Uncommon trap: reason=unstable_if action=reinterpret pc=0x000001ca50367f04 method=java.lang.StrictMath.floorOrCeil(DDDD)D @ 14
Event: 27.040 Thread 0x000001ca66f45800 Uncommon trap: reason=unstable_if action=reinterpret pc=0x000001ca504ccc44 method=sun.java2d.pisces.Renderer._endRendering(IIII)V @ 461
Event: 27.040 Thread 0x000001ca66f45800 Uncommon trap: reason=unstable_if action=reinterpret pc=0x000001ca50a481d0 method=sun.java2d.pisces.Renderer._endRendering(IIII)V @ 461
Event: 27.061 Thread 0x000001ca66f45800 Uncommon trap: reason=unstable_if action=reinterpret pc=0x000001ca5099be9c method=java.awt.MultipleGradientPaintContext.indexIntoGradientsArrays(F)I @ 24
Event: 27.074 Thread 0x000001ca66f45800 Uncommon trap: reason=unstable_if action=reinterpret pc=0x000001ca50665550 method=java.lang.StrictMath.floorOrCeil(DDDD)D @ 38
Event: 27.078 Thread 0x000001ca66f45800 Uncommon trap: reason=unstable_if action=reinterpret pc=0x000001ca509f98cc method=sun.java2d.pisces.Renderer.emitRow([IIII)V @ 10
Event: 27.091 Thread 0x000001ca66f45800 Uncommon trap: reason=unstable_if action=reinterpret pc=0x000001ca50818de4 method=java.lang.StrictMath.floorOrCeil(DDDD)D @ 14
Event: 27.091 Thread 0x000001ca66f45800 Uncommon trap: reason=unstable_if action=reinterpret pc=0x000001ca50b30414 method=java.lang.StrictMath.floorOrCeil(DDDD)D @ 14
Event: 27.092 Thread 0x000001ca66f45800 Uncommon trap: reason=unstable_if action=reinterpret pc=0x000001ca50684420 method=sun.java2d.pisces.Renderer$ScanlineIterator.next()I @ 185
Event: 42.444 Thread 0x000001ca66f45800 Uncommon trap: reason=loop_limit_check action=maybe_recompile pc=0x000001ca50c6ba10 method=javax.swing.GroupLayout$Group.setSize(III)V @ 31

Classes redefined (0 events):
No events

Internal exceptions (10 events):
Event: 8.807 Thread 0x000001ca66f45800 Exception <a 'java/lang/NoClassDefFoundError': android/graphics/Color> (0x00000000d7a9fb80) thrown at [C:\jenkins\workspace\openjdk\jdk8u\hotspot\src\share\vm\oops\constantPool.cpp, line 609]
Event: 8.868 Thread 0x000001ca68362800 Implicit null exception at 0x000001ca509505c4 to 0x000001ca50951561
Event: 8.915 Thread 0x000001ca66f45800 Exception <a 'java/lang/NullPointerException'> (0x00000000d8052878) thrown at [C:\jenkins\workspace\openjdk\jdk8u\hotspot\src\share\vm\interpreter\linkResolver.cpp, line 1185]
Event: 8.916 Thread 0x000001ca68365800 Implicit null exception at 0x000001ca5095bf58 to 0x000001ca5095d071
Event: 16.521 Thread 0x000001ca66f45800 Exception <a 'java/io/FileNotFoundException'> (0x00000000d6f63698) thrown at [C:\jenkins\workspace\openjdk\jdk8u\hotspot\src\share\vm\prims\jni.cpp, line 712]
Event: 21.790 Thread 0x000001ca66f45800 Exception <a 'java/io/FileNotFoundException'> (0x00000000d6f7a728) thrown at [C:\jenkins\workspace\openjdk\jdk8u\hotspot\src\share\vm\prims\jni.cpp, line 712]
Event: 21.790 Thread 0x000001ca66f45800 Exception <a 'java/io/FileNotFoundException'> (0x00000000d6f8af68) thrown at [C:\jenkins\workspace\openjdk\jdk8u\hotspot\src\share\vm\prims\jni.cpp, line 712]
Event: 27.000 Thread 0x000001ca66f45800 Exception <a 'java/io/FileNotFoundException'> (0x00000000d7049338) thrown at [C:\jenkins\workspace\openjdk\jdk8u\hotspot\src\share\vm\prims\jni.cpp, line 712]
Event: 37.098 Thread 0x000001ca66f45800 Exception <a 'java/io/FileNotFoundException'> (0x00000000d6f781b0) thrown at [C:\jenkins\workspace\openjdk\jdk8u\hotspot\src\share\vm\prims\jni.cpp, line 712]
Event: 42.368 Thread 0x000001ca66f45800 Exception <a 'java/io/FileNotFoundException'> (0x00000000d6f8eef8) thrown at [C:\jenkins\workspace\openjdk\jdk8u\hotspot\src\share\vm\prims\jni.cpp, line 712]

Events (10 events):
Event: 44.864 loading class org/soltelec/procesosopacimetro/WorkerDatosOpacimetro done
Event: 44.864 Thread 0x000001ca68833000 Thread added: 0x000001ca68833000
Event: 44.865 loading class com/soltelec/opacimetro/brianbee/MensajeOpacimetroBrianBee
Event: 44.865 loading class com/soltelec/opacimetro/brianbee/MensajeOpacimetroBrianBee done
Event: 44.865 loading class com/soltelec/opacimetro/brianbee/UtilOpacimetroBrianBee
Event: 44.865 loading class com/soltelec/opacimetro/brianbee/UtilOpacimetroBrianBee done
Event: 44.865 Executing VM operation: BulkRevokeBias
Event: 44.866 Executing VM operation: BulkRevokeBias done
Event: 44.872 loading class eu/hansolo/steelseries/gauges/DisplayMulti$2
Event: 44.872 loading class eu/hansolo/steelseries/gauges/DisplayMulti$2 done


Dynamic libraries:
0x00007ff6cafb0000 - 0x00007ff6caffd000 	C:\Program Files\OpenLogic\jdk-8.0.412.08-hotspot\bin\java.exe
0x00007ffc77390000 - 0x00007ffc775a7000 	C:\WINDOWS\SYSTEM32\ntdll.dll
0x00007ffc76d60000 - 0x00007ffc76e24000 	C:\WINDOWS\System32\KERNEL32.DLL
0x00007ffc74480000 - 0x00007ffc74853000 	C:\WINDOWS\System32\KERNELBASE.dll
0x00007ffc6ad20000 - 0x00007ffc6adb7000 	C:\WINDOWS\SYSTEM32\apphelp.dll
0x00007ffc76330000 - 0x00007ffc763e1000 	C:\WINDOWS\System32\ADVAPI32.dll
0x00007ffc751f0000 - 0x00007ffc75297000 	C:\WINDOWS\System32\msvcrt.dll
0x00007ffc76670000 - 0x00007ffc76717000 	C:\WINDOWS\System32\sechost.dll
0x00007ffc74bc0000 - 0x00007ffc74be8000 	C:\WINDOWS\System32\bcrypt.dll
0x00007ffc75560000 - 0x00007ffc75674000 	C:\WINDOWS\System32\RPCRT4.dll
0x00007ffc76720000 - 0x00007ffc768d1000 	C:\WINDOWS\System32\USER32.dll
0x00007ffc74e10000 - 0x00007ffc74e36000 	C:\WINDOWS\System32\win32u.dll
0x00007ffc765c0000 - 0x00007ffc765e9000 	C:\WINDOWS\System32\GDI32.dll
0x00007ffc74860000 - 0x00007ffc74982000 	C:\WINDOWS\System32\gdi32full.dll
0x00007ffc74e40000 - 0x00007ffc74eda000 	C:\WINDOWS\System32\msvcp_win.dll
0x00007ffc74bf0000 - 0x00007ffc74d01000 	C:\WINDOWS\System32\ucrtbase.dll
0x00007ffc5b340000 - 0x00007ffc5b5db000 	C:\WINDOWS\WinSxS\amd64_microsoft.windows.common-controls_6595b64144ccf1df_6.0.22621.5262_none_2712bde373830908\COMCTL32.dll
0x00007ffc763f0000 - 0x00007ffc76421000 	C:\WINDOWS\System32\IMM32.DLL
0x00007ffc67d60000 - 0x00007ffc67d7b000 	C:\Program Files\OpenLogic\jdk-8.0.412.08-hotspot\jre\bin\vcruntime140.dll
0x00007ffc6c150000 - 0x00007ffc6c15c000 	C:\Program Files\OpenLogic\jdk-8.0.412.08-hotspot\jre\bin\vcruntime140_1.dll
0x00007ffc3b790000 - 0x00007ffc3b81d000 	C:\Program Files\OpenLogic\jdk-8.0.412.08-hotspot\jre\bin\msvcp140.dll
0x0000000076440000 - 0x0000000076cd7000 	C:\Program Files\OpenLogic\jdk-8.0.412.08-hotspot\jre\bin\server\jvm.dll
0x00007ffc75760000 - 0x00007ffc75768000 	C:\WINDOWS\System32\PSAPI.DLL
0x00007ffc67f80000 - 0x00007ffc67f8a000 	C:\WINDOWS\SYSTEM32\VERSION.dll
0x00007ffc54b80000 - 0x00007ffc54b89000 	C:\WINDOWS\SYSTEM32\WSOCK32.dll
0x00007ffc765f0000 - 0x00007ffc76661000 	C:\WINDOWS\System32\WS2_32.dll
0x00007ffc6c100000 - 0x00007ffc6c134000 	C:\WINDOWS\SYSTEM32\WINMM.dll
0x00007ffc73570000 - 0x00007ffc73588000 	C:\WINDOWS\SYSTEM32\kernel.appcore.dll
0x00007ffc68910000 - 0x00007ffc68920000 	C:\Program Files\OpenLogic\jdk-8.0.412.08-hotspot\jre\bin\verify.dll
0x00007ffc3b760000 - 0x00007ffc3b78b000 	C:\Program Files\OpenLogic\jdk-8.0.412.08-hotspot\jre\bin\java.dll
0x00007ffc3b740000 - 0x00007ffc3b758000 	C:\Program Files\OpenLogic\jdk-8.0.412.08-hotspot\jre\bin\zip.dll
0x00007ffc75a90000 - 0x00007ffc7632d000 	C:\WINDOWS\System32\SHELL32.dll
0x00007ffc74ee0000 - 0x00007ffc7501f000 	C:\WINDOWS\System32\wintypes.dll
0x00007ffc76e30000 - 0x00007ffc771c3000 	C:\WINDOWS\System32\combase.dll
0x00007ffc72380000 - 0x00007ffc72c9d000 	C:\WINDOWS\SYSTEM32\windows.storage.dll
0x00007ffc752c0000 - 0x00007ffc753cb000 	C:\WINDOWS\System32\SHCORE.dll
0x00007ffc754f0000 - 0x00007ffc75556000 	C:\WINDOWS\System32\shlwapi.dll
0x00007ffc743b0000 - 0x00007ffc743db000 	C:\WINDOWS\SYSTEM32\profapi.dll
0x00007ffbda670000 - 0x00007ffbda7ec000 	C:\Program Files\OpenLogic\jdk-8.0.412.08-hotspot\jre\bin\awt.dll
0x00007ffc75680000 - 0x00007ffc75757000 	C:\WINDOWS\System32\OLEAUT32.dll
0x00007ffc6ea40000 - 0x00007ffc6eaf3000 	C:\WINDOWS\system32\uxtheme.dll
0x00007ffc75770000 - 0x00007ffc758ce000 	C:\WINDOWS\System32\MSCTF.dll
0x00007ffc758e0000 - 0x00007ffc75a81000 	C:\WINDOWS\System32\ole32.dll
0x00007ffc74d10000 - 0x00007ffc74d8b000 	C:\WINDOWS\System32\bcryptPrimitives.dll
0x00007ffc6ecd0000 - 0x00007ffc6ecfe000 	C:\WINDOWS\system32\DWMAPI.DLL
0x00007ffc41800000 - 0x00007ffc41900000 	C:\WINDOWS\system32\opengl32.dll
0x00007ffc417d0000 - 0x00007ffc417fd000 	C:\WINDOWS\SYSTEM32\GLU32.dll
0x00007ffc71790000 - 0x00007ffc717c7000 	C:\WINDOWS\SYSTEM32\dxcore.dll
0x00007ffc10090000 - 0x00007ffc100bd000 	C:\Program Files\OpenLogic\jdk-8.0.412.08-hotspot\jre\bin\jpeg.dll
0x00007ffbea760000 - 0x00007ffbea80b000 	C:\Program Files\OpenLogic\jdk-8.0.412.08-hotspot\jre\bin\freetype.dll
0x00007ffc0cdd0000 - 0x00007ffc0ce1f000 	C:\Program Files\OpenLogic\jdk-8.0.412.08-hotspot\jre\bin\fontmanager.dll
0x00007ffc753d0000 - 0x00007ffc75480000 	C:\WINDOWS\System32\clbcatq.dll
0x00007ffc6e850000 - 0x00007ffc6ea00000 	C:\WINDOWS\SYSTEM32\WindowsCodecs.dll
0x00007ffc4a0a0000 - 0x00007ffc4a0fe000 	C:\WINDOWS\system32\dataexchange.dll
0x00007ffc645c0000 - 0x00007ffc64866000 	C:\WINDOWS\system32\twinapi.appcore.dll
0x00007ffc3b720000 - 0x00007ffc3b73c000 	C:\Program Files\OpenLogic\jdk-8.0.412.08-hotspot\jre\bin\net.dll
0x00007ffc739e0000 - 0x00007ffc73a4a000 	C:\WINDOWS\system32\mswsock.dll
0x00007ffc0f950000 - 0x00007ffc0f963000 	C:\Program Files\OpenLogic\jdk-8.0.412.08-hotspot\jre\bin\nio.dll
0x00007ffc5c6d0000 - 0x00007ffc5c813000 	C:\WINDOWS\SYSTEM32\textinputframework.dll
0x00007ffc6a090000 - 0x00007ffc6a1c5000 	C:\WINDOWS\SYSTEM32\CoreMessaging.dll
0x00007ffc66f20000 - 0x00007ffc6728c000 	C:\WINDOWS\SYSTEM32\CoreUIComponents.dll
0x00007ffc73d10000 - 0x00007ffc73d1c000 	C:\WINDOWS\SYSTEM32\CRYPTBASE.DLL
0x00007ffc72fe0000 - 0x00007ffc730d8000 	C:\WINDOWS\SYSTEM32\DNSAPI.dll
0x00007ffc72f70000 - 0x00007ffc72f9d000 	C:\WINDOWS\SYSTEM32\IPHLPAPI.DLL
0x00007ffc76490000 - 0x00007ffc76499000 	C:\WINDOWS\System32\NSI.dll
0x00007ffc6b0b0000 - 0x00007ffc6b0ba000 	C:\Windows\System32\rasadhlp.dll
0x00007ffc6b9f0000 - 0x00007ffc6ba73000 	C:\WINDOWS\System32\fwpuclnt.dll
0x00007ffc0f790000 - 0x00007ffc0f7b5000 	C:\Program Files\OpenLogic\jdk-8.0.412.08-hotspot\jre\bin\sunec.dll
0x00007ffc73d30000 - 0x00007ffc73d4b000 	C:\WINDOWS\SYSTEM32\CRYPTSP.dll
0x00007ffc734d0000 - 0x00007ffc73507000 	C:\WINDOWS\system32\rsaenh.dll
0x00007ffc73a80000 - 0x00007ffc73aa8000 	C:\WINDOWS\SYSTEM32\USERENV.dll
0x00007ffc6c330000 - 0x00007ffc6c349000 	C:\WINDOWS\SYSTEM32\dhcpcsvc6.DLL
0x00007ffc6c0e0000 - 0x00007ffc6c0ff000 	C:\WINDOWS\SYSTEM32\dhcpcsvc.DLL
0x0000000180000000 - 0x0000000180025000 	C:\Program Files\OpenLogic\jdk-8.0.412.08-hotspot\jre\bin\rxtxSerial.dll
0x00007ffc71d90000 - 0x00007ffc71fc2000 	C:\WINDOWS\SYSTEM32\dbghelp.dll

VM Arguments:
jvm_args: -Dfile.encoding=UTF-8 
java_command: com.soltelec.Inicio.Inicio
java_class_path (initial): C:\Users\user\Documents\Soltelec\SART\SART\lib\slf4j-api-1.7.2.jar;C:\Users\user\Documents\Soltelec\SART\SART\lib\mysql-connector-java-8.0.26.jar;C:\Users\user\Documents\Soltelec\SART\SART\lib\axis-1.4.jar;C:\Users\user\Documents\Soltelec\SART\SART\lib\axis-wsdl4j-1.5.1.jar;C:\Users\user\Documents\Soltelec\SART\SART\lib\GiovynetDriver.jar;C:\Users\user\Documents\Soltelec\SART\SART\lib\commons-discovery-0.5.jar;C:\Users\user\Documents\Soltelec\SART\SART\lib\eclipselink.jar;C:\Users\user\Documents\Soltelec\SART\SART\lib\ini4j-0.5.1.jar;C:\Users\user\Documents\Soltelec\SART\SART\lib\javacsv.jar;C:\Users\user\Documents\Soltelec\SART\SART\lib\javax.persistence_2.1.0.v201304241213.jar;C:\Users\user\Documents\Soltelec\SART\SART\lib\jaxrpc-api-1.1.jar;C:\Users\user\Documents\Soltelec\SART\SART\lib\jfreechart-1.0.13.jar;C:\Users\user\Documents\Soltelec\SART\SART\lib\jfxtras-labs-2.2-r4.jar;C:\Users\user\Documents\Soltelec\SART\SART\lib\jna-3.2.7.jar;C:\Users\user\Documents\Soltelec\SART\SART\lib\jna-4.1.0.jar;C:\Users\user\Documents\Soltelec\SART\SART\lib\RXTXcomm.jar;C:\Users\user\Documents\Soltelec\SART\SART\lib\TrafficLight2.jar;C:\Users\user\Documents\Soltelec\SART\SART\lib\org.eclipse.persistence.jpa.jpql_2.5.1.v20130918-f2b9fc5.jar;C:\Users\user\Documents\Soltelec\SART\SART\lib\orson-0.5.0.jar;C:\Users\user\Documents\Soltelec\SART\SART\lib\platform.jar;C:\Users\user\Documents\Soltelec\SART\SART\lib\postgresql-9.3-1103.jdbc41.jar;C:\Users\user\Documents\Soltelec\SART\SART\lib\swingx-1.6.jar;C:\Users\user\Documents\Soltelec\SART\SART\lib\trident.jar;C:\Users\user\Documents\Soltelec\SART\SART\lib\vlcj-1.2.0-test.jar;C:\Users\user\Documents\Soltelec\SART\SART\lib\vlcj-1.2.0.jar;C:\Users\user\Documents\Soltelec\SART\SART\lib\webcam-capture-0.3.10-RC6.jar;C:\Users\user\Documents\Soltelec\SART\SART\lib\xml-apis-1.3.02.jar;C:\Users\user\Documents\Soltelec\SART\SART\lib\SteelSeries-3.9.31.0.jar;C:\Users\user\Documents\Soltelec\SART\SART\lib\jcommon-
Launcher Type: SUN_STANDARD

Environment Variables:
JAVA_HOME=C:\Program Files (x86)\OpenLogic\jdk-8.0.422.05-hotspot\
PATH=C:\Program Files (x86)\Common Files\Oracle\Java\java8path;C:\Program Files (x86)\Common Files\Oracle\Java\javapath;C:\Program Files (x86)\OpenLogic\jdk-8.0.422.05-hotspot\bin;C:\Program Files\OpenLogic\jdk-17.0.11.9-hotspot\bin;C:\WINDOWS\system32;C:\WINDOWS;C:\WINDOWS\System32\Wbem;C:\WINDOWS\System32\WindowsPowerShell\v1.0\;C:\WINDOWS\System32\OpenSSH\;C:\Program Files\Git\cmd;C:\Users\user\AppData\Roaming\nvm;C:\Program Files\nodejs;C:\Program Files\Java\jdk1.8.0_111\bin;C:\Program Files\MySQL\MySQL Server 5.6\bin;C:\Program Files\PuTTY\;C:\Program Files\OpenLogic\jdk-8.0.412.08-hotspot\bin;C:\Program Files (x86)\HBT Interface - R\;C:\Gradle\gradle-8.9\bin;;C:\Program Files\Docker\Docker\resources\bin;C:\Users\user\AppData\Local\Microsoft\WindowsApps;C:\Users\user\AppData\Local\GitHubDesktop\bin;C:\Users\user\AppData\Roaming\npm;C:\Users\user\AppData\Local\Programs\Microsoft VS Code\bin
USERNAME=user
OS=Windows_NT
PROCESSOR_IDENTIFIER=Intel64 Family 6 Model 140 Stepping 1, GenuineIntel



---------------  S Y S T E M  ---------------

OS: Windows 11 , 64 bit Build 22621 (10.0.22621.5262)

CPU:total 8 (initial active 8) (4 cores per cpu, 2 threads per core) family 6 model 140 stepping 1, cmov, cx8, fxsr, mmx, sse, sse2, sse3, ssse3, sse4.1, sse4.2, popcnt, avx, avx2, aes, clmul, erms, 3dnowpref, lzcnt, ht, tsc, tscinvbit, bmi1, bmi2, adx

Memory: 4k page, physical 8075800k(1017900k free), swap 19276944k(3154432k free)

vm_info: OpenJDK 64-Bit Server VM (25.412-b08) for windows-amd64 JRE (1.8.0_412-412-b08), built on Apr 22 2024 06:49:43 by "Administrator" with MS VC++ 16.10 / 16.11 (VS2019)

time: Sat May 31 12:57:52 2025
timezone: Hora est. Pacífico, Sudamérica
elapsed time: 44.937844 seconds (0d 0h 0m 44s)

